2026-05-31 10:36:39,101 | INFO | Config: /workspace/Computer_Vision_Project/configs/ablation/abl_baseline.yaml
2026-05-31 10:36:39,112 | INFO | Output dir: /workspace/Computer_Vision_Project/outputs/baseline/seed_3407
2026-05-31 10:36:39,113 | INFO | Log file: /workspace/Computer_Vision_Project/outputs/baseline/seed_3407/logs/train_20260531_103639.log
2026-05-31 10:36:39,114 | INFO | Seed: 3407
2026-05-31 10:36:51,599 | INFO | Epoch 1/70 | loss=11.1152 | loss_ce=6.5059 | loss_supcon=4.6094 | mAP=0.0000
2026-05-31 10:37:02,424 | INFO | Epoch 2/70 | loss=10.2976 | loss_ce=6.3568 | loss_supcon=3.9408 | mAP=0.0000
2026-05-31 10:37:13,154 | INFO | Epoch 3/70 | loss=9.7599 | loss_ce=6.0977 | loss_supcon=3.6622 | mAP=0.0000
2026-05-31 10:37:23,866 | INFO | Epoch 4/70 | loss=9.1374 | loss_ce=5.7675 | loss_supcon=3.3700 | mAP=0.0000
2026-05-31 10:37:34,411 | INFO | Epoch 5/70 | loss=8.5902 | loss_ce=5.4234 | loss_supcon=3.1668 | mAP=0.0000
2026-05-31 10:37:45,025 | INFO | Epoch 6/70 | loss=8.1761 | loss_ce=5.1092 | loss_supcon=3.0669 | mAP=0.0000
2026-05-31 10:37:55,779 | INFO | Epoch 7/70 | loss=7.7572 | loss_ce=4.7973 | loss_supcon=2.9599 | mAP=0.0000
2026-05-31 10:38:06,597 | INFO | Epoch 8/70 | loss=7.3296 | loss_ce=4.4888 | loss_supcon=2.8408 | mAP=0.0000
2026-05-31 10:38:17,330 | INFO | Epoch 9/70 | loss=7.0812 | loss_ce=4.2086 | loss_supcon=2.8726 | mAP=0.0000
2026-05-31 10:38:52,886 | INFO | Epoch 10/70 | loss=6.7393 | loss_ce=3.9170 | loss_supcon=2.8223 | mAP=0.4004
2026-05-31 10:39:03,967 | INFO | Epoch 11/70 | loss=6.4621 | loss_ce=3.6482 | loss_supcon=2.8139 | mAP=0.4004
2026-05-31 10:39:14,734 | INFO | Epoch 12/70 | loss=6.1381 | loss_ce=3.3526 | loss_supcon=2.7855 | mAP=0.4004
2026-05-31 10:39:25,952 | INFO | Epoch 13/70 | loss=5.8158 | loss_ce=3.0894 | loss_supcon=2.7264 | mAP=0.4004
2026-05-31 10:39:36,571 | INFO | Epoch 14/70 | loss=5.5990 | loss_ce=2.8916 | loss_supcon=2.7073 | mAP=0.4004
2026-05-31 10:39:47,038 | INFO | Epoch 15/70 | loss=5.4157 | loss_ce=2.7160 | loss_supcon=2.6998 | mAP=0.4004
2026-05-31 10:39:57,410 | INFO | Epoch 16/70 | loss=5.1739 | loss_ce=2.5423 | loss_supcon=2.6316 | mAP=0.4004
2026-05-31 10:40:08,537 | INFO | Epoch 17/70 | loss=5.0487 | loss_ce=2.4154 | loss_supcon=2.6333 | mAP=0.4004
2026-05-31 10:40:19,057 | INFO | Epoch 18/70 | loss=4.9081 | loss_ce=2.3168 | loss_supcon=2.5912 | mAP=0.4004
2026-05-31 10:40:29,456 | INFO | Epoch 19/70 | loss=4.8074 | loss_ce=2.2098 | loss_supcon=2.5977 | mAP=0.4004
2026-05-31 10:41:02,443 | INFO | Epoch 20/70 | loss=4.7053 | loss_ce=2.1287 | loss_supcon=2.5766 | mAP=0.5070
2026-05-31 10:41:13,248 | INFO | Epoch 21/70 | loss=4.5771 | loss_ce=2.0452 | loss_supcon=2.5319 | mAP=0.5070
2026-05-31 10:41:24,162 | INFO | Epoch 22/70 | loss=4.5232 | loss_ce=1.9970 | loss_supcon=2.5262 | mAP=0.5070
2026-05-31 10:41:35,225 | INFO | Epoch 23/70 | loss=4.4772 | loss_ce=1.9589 | loss_supcon=2.5183 | mAP=0.5070
2026-05-31 10:41:45,773 | INFO | Epoch 24/70 | loss=4.4213 | loss_ce=1.9051 | loss_supcon=2.5162 | mAP=0.5070
2026-05-31 10:41:56,311 | INFO | Epoch 25/70 | loss=4.3251 | loss_ce=1.8628 | loss_supcon=2.4622 | mAP=0.5070
2026-05-31 10:42:06,611 | INFO | Epoch 26/70 | loss=4.2611 | loss_ce=1.8083 | loss_supcon=2.4528 | mAP=0.5070
2026-05-31 10:42:16,710 | INFO | Epoch 27/70 | loss=4.2011 | loss_ce=1.7736 | loss_supcon=2.4275 | mAP=0.5070
2026-05-31 10:42:26,963 | INFO | Epoch 28/70 | loss=4.1530 | loss_ce=1.7338 | loss_supcon=2.4192 | mAP=0.5070
2026-05-31 10:42:37,190 | INFO | Epoch 29/70 | loss=4.1064 | loss_ce=1.7080 | loss_supcon=2.3984 | mAP=0.5070
2026-05-31 10:43:10,077 | INFO | Epoch 30/70 | loss=4.0811 | loss_ce=1.6808 | loss_supcon=2.4003 | mAP=0.5595
2026-05-31 10:43:21,140 | INFO | Epoch 31/70 | loss=4.0632 | loss_ce=1.6709 | loss_supcon=2.3923 | mAP=0.5595
2026-05-31 10:43:32,670 | INFO | Epoch 32/70 | loss=4.0113 | loss_ce=1.6288 | loss_supcon=2.3825 | mAP=0.5595
2026-05-31 10:43:43,610 | INFO | Epoch 33/70 | loss=3.9465 | loss_ce=1.5902 | loss_supcon=2.3563 | mAP=0.5595
2026-05-31 10:43:54,152 | INFO | Epoch 34/70 | loss=3.9116 | loss_ce=1.5690 | loss_supcon=2.3426 | mAP=0.5595
2026-05-31 10:44:04,762 | INFO | Epoch 35/70 | loss=3.8802 | loss_ce=1.5481 | loss_supcon=2.3320 | mAP=0.5595
2026-05-31 10:44:15,264 | INFO | Epoch 36/70 | loss=3.8464 | loss_ce=1.5188 | loss_supcon=2.3276 | mAP=0.5595
2026-05-31 10:44:25,868 | INFO | Epoch 37/70 | loss=3.8324 | loss_ce=1.5111 | loss_supcon=2.3213 | mAP=0.5595
2026-05-31 10:44:36,688 | INFO | Epoch 38/70 | loss=3.7793 | loss_ce=1.4934 | loss_supcon=2.2859 | mAP=0.5595
2026-05-31 10:44:47,883 | INFO | Epoch 39/70 | loss=3.7533 | loss_ce=1.4600 | loss_supcon=2.2932 | mAP=0.5595
2026-05-31 10:45:21,682 | INFO | Epoch 40/70 | loss=3.7251 | loss_ce=1.4414 | loss_supcon=2.2837 | mAP=0.5788
2026-05-31 10:45:32,658 | INFO | Epoch 41/70 | loss=3.6965 | loss_ce=1.4327 | loss_supcon=2.2638 | mAP=0.5788
2026-05-31 10:45:44,053 | INFO | Epoch 42/70 | loss=3.7325 | loss_ce=1.4361 | loss_supcon=2.2963 | mAP=0.5788
2026-05-31 10:45:54,992 | INFO | Epoch 43/70 | loss=3.6502 | loss_ce=1.3976 | loss_supcon=2.2526 | mAP=0.5788
2026-05-31 10:46:05,777 | INFO | Epoch 44/70 | loss=3.6439 | loss_ce=1.3896 | loss_supcon=2.2543 | mAP=0.5788
2026-05-31 10:46:16,469 | INFO | Epoch 45/70 | loss=3.6224 | loss_ce=1.3771 | loss_supcon=2.2453 | mAP=0.5788
2026-05-31 10:46:27,431 | INFO | Epoch 46/70 | loss=3.6092 | loss_ce=1.3665 | loss_supcon=2.2427 | mAP=0.5788
2026-05-31 10:46:38,050 | INFO | Epoch 47/70 | loss=3.5673 | loss_ce=1.3353 | loss_supcon=2.2320 | mAP=0.5788
2026-05-31 10:46:48,583 | INFO | Epoch 48/70 | loss=3.5393 | loss_ce=1.3245 | loss_supcon=2.2148 | mAP=0.5788
2026-05-31 10:46:59,330 | INFO | Epoch 49/70 | loss=3.5465 | loss_ce=1.3264 | loss_supcon=2.2201 | mAP=0.5788
2026-05-31 10:47:32,912 | INFO | Epoch 50/70 | loss=3.5396 | loss_ce=1.3230 | loss_supcon=2.2166 | mAP=0.6112
2026-05-31 10:47:43,495 | INFO | Epoch 51/70 | loss=3.5183 | loss_ce=1.3156 | loss_supcon=2.2027 | mAP=0.6112
2026-05-31 10:47:54,875 | INFO | Epoch 52/70 | loss=3.4925 | loss_ce=1.2979 | loss_supcon=2.1947 | mAP=0.6112
2026-05-31 10:48:05,784 | INFO | Epoch 53/70 | loss=3.4805 | loss_ce=1.2942 | loss_supcon=2.1863 | mAP=0.6112
2026-05-31 10:48:16,346 | INFO | Epoch 54/70 | loss=3.4602 | loss_ce=1.2774 | loss_supcon=2.1829 | mAP=0.6112
2026-05-31 10:48:26,518 | INFO | Epoch 55/70 | loss=3.4706 | loss_ce=1.2769 | loss_supcon=2.1938 | mAP=0.6112
2026-05-31 10:48:36,893 | INFO | Epoch 56/70 | loss=3.4514 | loss_ce=1.2685 | loss_supcon=2.1829 | mAP=0.6112
2026-05-31 10:48:47,350 | INFO | Epoch 57/70 | loss=3.4231 | loss_ce=1.2577 | loss_supcon=2.1654 | mAP=0.6112
2026-05-31 10:48:57,498 | INFO | Epoch 58/70 | loss=3.4251 | loss_ce=1.2565 | loss_supcon=2.1686 | mAP=0.6112
2026-05-31 10:49:08,017 | INFO | Epoch 59/70 | loss=3.4292 | loss_ce=1.2585 | loss_supcon=2.1706 | mAP=0.6112
2026-05-31 10:49:40,084 | INFO | Epoch 60/70 | loss=3.4235 | loss_ce=1.2515 | loss_supcon=2.1720 | mAP=0.6284
2026-05-31 10:49:51,042 | INFO | Epoch 61/70 | loss=3.4169 | loss_ce=1.2476 | loss_supcon=2.1693 | mAP=0.6284
2026-05-31 10:50:01,798 | INFO | Epoch 62/70 | loss=3.3898 | loss_ce=1.2350 | loss_supcon=2.1548 | mAP=0.6284
2026-05-31 10:50:12,473 | INFO | Epoch 63/70 | loss=3.4136 | loss_ce=1.2393 | loss_supcon=2.1744 | mAP=0.6284
2026-05-31 10:50:23,058 | INFO | Epoch 64/70 | loss=3.4102 | loss_ce=1.2410 | loss_supcon=2.1691 | mAP=0.6284
2026-05-31 10:50:33,567 | INFO | Epoch 65/70 | loss=3.4130 | loss_ce=1.2373 | loss_supcon=2.1757 | mAP=0.6284
2026-05-31 10:50:44,477 | INFO | Epoch 66/70 | loss=3.4134 | loss_ce=1.2439 | loss_supcon=2.1695 | mAP=0.6284
2026-05-31 10:50:54,779 | INFO | Epoch 67/70 | loss=3.3865 | loss_ce=1.2324 | loss_supcon=2.1541 | mAP=0.6284
2026-05-31 10:51:05,251 | INFO | Epoch 68/70 | loss=3.3857 | loss_ce=1.2284 | loss_supcon=2.1573 | mAP=0.6284
2026-05-31 10:51:15,874 | INFO | Epoch 69/70 | loss=3.4010 | loss_ce=1.2381 | loss_supcon=2.1628 | mAP=0.6284
2026-05-31 10:51:48,860 | INFO | Epoch 70/70 | loss=3.3833 | loss_ce=1.2279 | loss_supcon=2.1554 | mAP=0.6321
