2026-05-31 08:53:53,717 | INFO | Config: /workspace/Computer_Vision_Project/configs/ablation/abl_no_supcon.yaml
2026-05-31 08:53:53,722 | INFO | Output dir: /workspace/Computer_Vision_Project/outputs/abl_no_supcon/seed_42
2026-05-31 08:53:53,725 | INFO | Log file: /workspace/Computer_Vision_Project/outputs/abl_no_supcon/seed_42/logs/train_20260531_085353.log
2026-05-31 08:53:53,726 | INFO | Seed: 42
2026-05-31 08:54:12,090 | INFO | Epoch 1/70 | loss=6.4954 | loss_ce=6.4954 | loss_supcon=0.0000 | mAP=0.0000
2026-05-31 08:54:27,660 | INFO | Epoch 2/70 | loss=6.2397 | loss_ce=6.2397 | loss_supcon=0.0000 | mAP=0.0000
2026-05-31 08:54:42,932 | INFO | Epoch 3/70 | loss=5.8781 | loss_ce=5.8781 | loss_supcon=0.0000 | mAP=0.0000
2026-05-31 08:54:58,255 | INFO | Epoch 4/70 | loss=5.4897 | loss_ce=5.4897 | loss_supcon=0.0000 | mAP=0.0000
2026-05-31 08:55:13,440 | INFO | Epoch 5/70 | loss=5.0517 | loss_ce=5.0517 | loss_supcon=0.0000 | mAP=0.0000
2026-05-31 08:55:28,952 | INFO | Epoch 6/70 | loss=4.6258 | loss_ce=4.6258 | loss_supcon=0.0000 | mAP=0.0000
2026-05-31 08:55:44,396 | INFO | Epoch 7/70 | loss=4.2184 | loss_ce=4.2184 | loss_supcon=0.0000 | mAP=0.0000
2026-05-31 08:56:00,030 | INFO | Epoch 8/70 | loss=3.7721 | loss_ce=3.7721 | loss_supcon=0.0000 | mAP=0.0000
2026-05-31 08:56:15,357 | INFO | Epoch 9/70 | loss=3.4215 | loss_ce=3.4215 | loss_supcon=0.0000 | mAP=0.0000
2026-05-31 08:56:59,847 | INFO | Epoch 10/70 | loss=3.0794 | loss_ce=3.0794 | loss_supcon=0.0000 | mAP=0.4014
2026-05-31 08:57:15,094 | INFO | Epoch 11/70 | loss=2.7769 | loss_ce=2.7769 | loss_supcon=0.0000 | mAP=0.4014
2026-05-31 08:57:30,603 | INFO | Epoch 12/70 | loss=2.5182 | loss_ce=2.5182 | loss_supcon=0.0000 | mAP=0.4014
2026-05-31 08:57:46,045 | INFO | Epoch 13/70 | loss=2.3222 | loss_ce=2.3222 | loss_supcon=0.0000 | mAP=0.4014
2026-05-31 08:58:01,354 | INFO | Epoch 14/70 | loss=2.1791 | loss_ce=2.1791 | loss_supcon=0.0000 | mAP=0.4014
2026-05-31 08:58:16,851 | INFO | Epoch 15/70 | loss=2.0817 | loss_ce=2.0817 | loss_supcon=0.0000 | mAP=0.4014
2026-05-31 08:58:32,065 | INFO | Epoch 16/70 | loss=1.9594 | loss_ce=1.9594 | loss_supcon=0.0000 | mAP=0.4014
2026-05-31 08:58:47,621 | INFO | Epoch 17/70 | loss=1.8506 | loss_ce=1.8506 | loss_supcon=0.0000 | mAP=0.4014
2026-05-31 08:59:02,968 | INFO | Epoch 18/70 | loss=1.8054 | loss_ce=1.8054 | loss_supcon=0.0000 | mAP=0.4014
2026-05-31 08:59:18,269 | INFO | Epoch 19/70 | loss=1.7849 | loss_ce=1.7849 | loss_supcon=0.0000 | mAP=0.4014
2026-05-31 08:59:59,736 | INFO | Epoch 20/70 | loss=1.7059 | loss_ce=1.7059 | loss_supcon=0.0000 | mAP=0.4700
2026-05-31 09:00:15,512 | INFO | Epoch 21/70 | loss=1.6900 | loss_ce=1.6900 | loss_supcon=0.0000 | mAP=0.4700
2026-05-31 09:00:31,377 | INFO | Epoch 22/70 | loss=1.6361 | loss_ce=1.6361 | loss_supcon=0.0000 | mAP=0.4700
2026-05-31 09:00:46,578 | INFO | Epoch 23/70 | loss=1.6145 | loss_ce=1.6145 | loss_supcon=0.0000 | mAP=0.4700
2026-05-31 09:01:01,871 | INFO | Epoch 24/70 | loss=1.5806 | loss_ce=1.5806 | loss_supcon=0.0000 | mAP=0.4700
2026-05-31 09:01:16,975 | INFO | Epoch 25/70 | loss=1.5641 | loss_ce=1.5641 | loss_supcon=0.0000 | mAP=0.4700
2026-05-31 09:01:32,219 | INFO | Epoch 26/70 | loss=1.5393 | loss_ce=1.5393 | loss_supcon=0.0000 | mAP=0.4700
2026-05-31 09:01:47,636 | INFO | Epoch 27/70 | loss=1.5090 | loss_ce=1.5090 | loss_supcon=0.0000 | mAP=0.4700
2026-05-31 09:02:03,301 | INFO | Epoch 28/70 | loss=1.5076 | loss_ce=1.5076 | loss_supcon=0.0000 | mAP=0.4700
2026-05-31 09:02:18,757 | INFO | Epoch 29/70 | loss=1.4535 | loss_ce=1.4535 | loss_supcon=0.0000 | mAP=0.4700
2026-05-31 09:02:59,879 | INFO | Epoch 30/70 | loss=1.4466 | loss_ce=1.4466 | loss_supcon=0.0000 | mAP=0.4700
2026-05-31 09:03:15,466 | INFO | Epoch 31/70 | loss=1.4197 | loss_ce=1.4197 | loss_supcon=0.0000 | mAP=0.4700
2026-05-31 09:03:30,837 | INFO | Epoch 32/70 | loss=1.4147 | loss_ce=1.4147 | loss_supcon=0.0000 | mAP=0.4700
2026-05-31 09:03:46,430 | INFO | Epoch 33/70 | loss=1.3886 | loss_ce=1.3886 | loss_supcon=0.0000 | mAP=0.4700
2026-05-31 09:04:01,727 | INFO | Epoch 34/70 | loss=1.3769 | loss_ce=1.3769 | loss_supcon=0.0000 | mAP=0.4700
2026-05-31 09:04:17,424 | INFO | Epoch 35/70 | loss=1.3813 | loss_ce=1.3813 | loss_supcon=0.0000 | mAP=0.4700
2026-05-31 09:04:32,616 | INFO | Epoch 36/70 | loss=1.3486 | loss_ce=1.3486 | loss_supcon=0.0000 | mAP=0.4700
2026-05-31 09:04:47,612 | INFO | Epoch 37/70 | loss=1.3320 | loss_ce=1.3320 | loss_supcon=0.0000 | mAP=0.4700
2026-05-31 09:05:02,840 | INFO | Epoch 38/70 | loss=1.3223 | loss_ce=1.3223 | loss_supcon=0.0000 | mAP=0.4700
2026-05-31 09:05:18,068 | INFO | Epoch 39/70 | loss=1.3160 | loss_ce=1.3160 | loss_supcon=0.0000 | mAP=0.4700
2026-05-31 09:05:58,168 | INFO | Epoch 40/70 | loss=1.3001 | loss_ce=1.3001 | loss_supcon=0.0000 | mAP=0.4700
2026-05-31 09:06:13,812 | INFO | Epoch 41/70 | loss=1.2852 | loss_ce=1.2852 | loss_supcon=0.0000 | mAP=0.4700
2026-05-31 09:06:29,744 | INFO | Epoch 42/70 | loss=1.2794 | loss_ce=1.2794 | loss_supcon=0.0000 | mAP=0.4700
2026-05-31 09:06:45,174 | INFO | Epoch 43/70 | loss=1.2610 | loss_ce=1.2610 | loss_supcon=0.0000 | mAP=0.4700
2026-05-31 09:07:00,276 | INFO | Epoch 44/70 | loss=1.2549 | loss_ce=1.2549 | loss_supcon=0.0000 | mAP=0.4700
2026-05-31 09:07:15,719 | INFO | Epoch 45/70 | loss=1.2429 | loss_ce=1.2429 | loss_supcon=0.0000 | mAP=0.4700
2026-05-31 09:07:31,012 | INFO | Epoch 46/70 | loss=1.2296 | loss_ce=1.2296 | loss_supcon=0.0000 | mAP=0.4700
2026-05-31 09:07:46,419 | INFO | Epoch 47/70 | loss=1.2257 | loss_ce=1.2257 | loss_supcon=0.0000 | mAP=0.4700
2026-05-31 09:08:01,612 | INFO | Epoch 48/70 | loss=1.2177 | loss_ce=1.2177 | loss_supcon=0.0000 | mAP=0.4700
2026-05-31 09:08:16,846 | INFO | Epoch 49/70 | loss=1.2050 | loss_ce=1.2050 | loss_supcon=0.0000 | mAP=0.4700
2026-05-31 09:08:57,001 | INFO | Epoch 50/70 | loss=1.1983 | loss_ce=1.1983 | loss_supcon=0.0000 | mAP=0.4700
2026-05-31 09:09:12,239 | INFO | Epoch 51/70 | loss=1.1913 | loss_ce=1.1913 | loss_supcon=0.0000 | mAP=0.4700
2026-05-31 09:09:27,436 | INFO | Epoch 52/70 | loss=1.1817 | loss_ce=1.1817 | loss_supcon=0.0000 | mAP=0.4700
2026-05-31 09:09:42,876 | INFO | Epoch 53/70 | loss=1.1812 | loss_ce=1.1812 | loss_supcon=0.0000 | mAP=0.4700
2026-05-31 09:09:58,313 | INFO | Epoch 54/70 | loss=1.1737 | loss_ce=1.1737 | loss_supcon=0.0000 | mAP=0.4700
2026-05-31 09:10:13,938 | INFO | Epoch 55/70 | loss=1.1691 | loss_ce=1.1691 | loss_supcon=0.0000 | mAP=0.4700
2026-05-31 09:10:29,577 | INFO | Epoch 56/70 | loss=1.1718 | loss_ce=1.1718 | loss_supcon=0.0000 | mAP=0.4700
2026-05-31 09:10:44,980 | INFO | Epoch 57/70 | loss=1.1578 | loss_ce=1.1578 | loss_supcon=0.0000 | mAP=0.4700
2026-05-31 09:11:00,365 | INFO | Epoch 58/70 | loss=1.1630 | loss_ce=1.1630 | loss_supcon=0.0000 | mAP=0.4700
2026-05-31 09:11:15,734 | INFO | Epoch 59/70 | loss=1.1584 | loss_ce=1.1584 | loss_supcon=0.0000 | mAP=0.4700
2026-05-31 09:11:58,699 | INFO | Epoch 60/70 | loss=1.1470 | loss_ce=1.1470 | loss_supcon=0.0000 | mAP=0.4736
2026-05-31 09:12:14,328 | INFO | Epoch 61/70 | loss=1.1457 | loss_ce=1.1457 | loss_supcon=0.0000 | mAP=0.4736
2026-05-31 09:12:30,017 | INFO | Epoch 62/70 | loss=1.1445 | loss_ce=1.1445 | loss_supcon=0.0000 | mAP=0.4736
2026-05-31 09:12:45,594 | INFO | Epoch 63/70 | loss=1.1518 | loss_ce=1.1518 | loss_supcon=0.0000 | mAP=0.4736
2026-05-31 09:13:01,013 | INFO | Epoch 64/70 | loss=1.1412 | loss_ce=1.1412 | loss_supcon=0.0000 | mAP=0.4736
2026-05-31 09:13:16,415 | INFO | Epoch 65/70 | loss=1.1495 | loss_ce=1.1495 | loss_supcon=0.0000 | mAP=0.4736
2026-05-31 09:13:31,994 | INFO | Epoch 66/70 | loss=1.1407 | loss_ce=1.1407 | loss_supcon=0.0000 | mAP=0.4736
2026-05-31 09:13:47,576 | INFO | Epoch 67/70 | loss=1.1401 | loss_ce=1.1401 | loss_supcon=0.0000 | mAP=0.4736
2026-05-31 09:14:02,903 | INFO | Epoch 68/70 | loss=1.1408 | loss_ce=1.1408 | loss_supcon=0.0000 | mAP=0.4736
2026-05-31 09:14:18,584 | INFO | Epoch 69/70 | loss=1.1407 | loss_ce=1.1407 | loss_supcon=0.0000 | mAP=0.4736
2026-05-31 09:15:02,072 | INFO | Epoch 70/70 | loss=1.1392 | loss_ce=1.1392 | loss_supcon=0.0000 | mAP=0.4745
