2026-05-31 11:50:24,724 | INFO | Config: /workspace/Computer_Vision_Project/configs/ablation/abl_no_colorjitter.yaml
2026-05-31 11:50:24,726 | INFO | Output dir: /workspace/Computer_Vision_Project/outputs/abl_no_colorjitter/seed_3407
2026-05-31 11:50:24,727 | INFO | Log file: /workspace/Computer_Vision_Project/outputs/abl_no_colorjitter/seed_3407/logs/train_20260531_115024.log
2026-05-31 11:50:24,728 | INFO | Seed: 3407
2026-05-31 11:50:42,111 | INFO | Epoch 1/70 | loss=10.7683 | loss_ce=6.5065 | loss_supcon=4.2618 | mAP=0.0000
2026-05-31 11:50:56,401 | INFO | Epoch 2/70 | loss=9.7447 | loss_ce=6.2366 | loss_supcon=3.5081 | mAP=0.0000
2026-05-31 11:51:10,518 | INFO | Epoch 3/70 | loss=9.1281 | loss_ce=5.8757 | loss_supcon=3.2524 | mAP=0.0000
2026-05-31 11:51:24,722 | INFO | Epoch 4/70 | loss=8.4711 | loss_ce=5.4872 | loss_supcon=2.9840 | mAP=0.0000
2026-05-31 11:51:38,758 | INFO | Epoch 5/70 | loss=7.9414 | loss_ce=5.1030 | loss_supcon=2.8385 | mAP=0.0000
2026-05-31 11:51:53,200 | INFO | Epoch 6/70 | loss=7.4737 | loss_ce=4.7136 | loss_supcon=2.7601 | mAP=0.0000
2026-05-31 11:52:07,222 | INFO | Epoch 7/70 | loss=7.0608 | loss_ce=4.3645 | loss_supcon=2.6964 | mAP=0.0000
2026-05-31 11:52:21,469 | INFO | Epoch 8/70 | loss=6.6861 | loss_ce=4.0098 | loss_supcon=2.6763 | mAP=0.0000
2026-05-31 11:52:35,529 | INFO | Epoch 9/70 | loss=6.4031 | loss_ce=3.7021 | loss_supcon=2.7010 | mAP=0.0000
2026-05-31 11:53:16,911 | INFO | Epoch 10/70 | loss=6.0740 | loss_ce=3.4291 | loss_supcon=2.6450 | mAP=0.5092
2026-05-31 11:53:31,364 | INFO | Epoch 11/70 | loss=5.7905 | loss_ce=3.1372 | loss_supcon=2.6533 | mAP=0.5092
2026-05-31 11:53:45,631 | INFO | Epoch 12/70 | loss=5.5184 | loss_ce=2.8885 | loss_supcon=2.6299 | mAP=0.5092
2026-05-31 11:54:00,129 | INFO | Epoch 13/70 | loss=5.2154 | loss_ce=2.6484 | loss_supcon=2.5669 | mAP=0.5092
2026-05-31 11:54:14,274 | INFO | Epoch 14/70 | loss=5.0346 | loss_ce=2.4810 | loss_supcon=2.5536 | mAP=0.5092
2026-05-31 11:54:28,423 | INFO | Epoch 15/70 | loss=4.9223 | loss_ce=2.3631 | loss_supcon=2.5592 | mAP=0.5092
2026-05-31 11:54:42,683 | INFO | Epoch 16/70 | loss=4.7539 | loss_ce=2.2398 | loss_supcon=2.5140 | mAP=0.5092
2026-05-31 11:54:56,889 | INFO | Epoch 17/70 | loss=4.6652 | loss_ce=2.1641 | loss_supcon=2.5011 | mAP=0.5092
2026-05-31 11:55:11,093 | INFO | Epoch 18/70 | loss=4.5039 | loss_ce=2.0606 | loss_supcon=2.4434 | mAP=0.5092
2026-05-31 11:55:25,488 | INFO | Epoch 19/70 | loss=4.4453 | loss_ce=1.9811 | loss_supcon=2.4642 | mAP=0.5092
2026-05-31 11:56:05,721 | INFO | Epoch 20/70 | loss=4.3817 | loss_ce=1.9350 | loss_supcon=2.4467 | mAP=0.5694
2026-05-31 11:56:20,075 | INFO | Epoch 21/70 | loss=4.3111 | loss_ce=1.8858 | loss_supcon=2.4253 | mAP=0.5694
2026-05-31 11:56:34,412 | INFO | Epoch 22/70 | loss=4.2725 | loss_ce=1.8639 | loss_supcon=2.4086 | mAP=0.5694
2026-05-31 11:56:48,945 | INFO | Epoch 23/70 | loss=4.2023 | loss_ce=1.8051 | loss_supcon=2.3972 | mAP=0.5694
2026-05-31 11:57:03,058 | INFO | Epoch 24/70 | loss=4.1255 | loss_ce=1.7614 | loss_supcon=2.3640 | mAP=0.5694
2026-05-31 11:57:17,331 | INFO | Epoch 25/70 | loss=4.0746 | loss_ce=1.7345 | loss_supcon=2.3401 | mAP=0.5694
2026-05-31 11:57:31,680 | INFO | Epoch 26/70 | loss=4.0581 | loss_ce=1.7065 | loss_supcon=2.3516 | mAP=0.5694
2026-05-31 11:57:46,060 | INFO | Epoch 27/70 | loss=4.0081 | loss_ce=1.6729 | loss_supcon=2.3353 | mAP=0.5694
2026-05-31 11:58:00,425 | INFO | Epoch 28/70 | loss=3.9229 | loss_ce=1.6150 | loss_supcon=2.3079 | mAP=0.5694
2026-05-31 11:58:14,524 | INFO | Epoch 29/70 | loss=3.9170 | loss_ce=1.6247 | loss_supcon=2.2923 | mAP=0.5694
2026-05-31 11:58:53,293 | INFO | Epoch 30/70 | loss=3.8890 | loss_ce=1.5922 | loss_supcon=2.2967 | mAP=0.6249
2026-05-31 11:59:07,625 | INFO | Epoch 31/70 | loss=3.8611 | loss_ce=1.5703 | loss_supcon=2.2907 | mAP=0.6249
2026-05-31 11:59:22,001 | INFO | Epoch 32/70 | loss=3.8269 | loss_ce=1.5472 | loss_supcon=2.2798 | mAP=0.6249
2026-05-31 11:59:36,156 | INFO | Epoch 33/70 | loss=3.7914 | loss_ce=1.5197 | loss_supcon=2.2716 | mAP=0.6249
2026-05-31 11:59:50,413 | INFO | Epoch 34/70 | loss=3.7733 | loss_ce=1.5102 | loss_supcon=2.2630 | mAP=0.6249
2026-05-31 12:00:04,724 | INFO | Epoch 35/70 | loss=3.7102 | loss_ce=1.4653 | loss_supcon=2.2449 | mAP=0.6249
2026-05-31 12:00:18,811 | INFO | Epoch 36/70 | loss=3.7125 | loss_ce=1.4617 | loss_supcon=2.2508 | mAP=0.6249
2026-05-31 12:00:33,246 | INFO | Epoch 37/70 | loss=3.6871 | loss_ce=1.4526 | loss_supcon=2.2345 | mAP=0.6249
2026-05-31 12:00:47,483 | INFO | Epoch 38/70 | loss=3.6442 | loss_ce=1.4230 | loss_supcon=2.2212 | mAP=0.6249
2026-05-31 12:01:01,882 | INFO | Epoch 39/70 | loss=3.6083 | loss_ce=1.3943 | loss_supcon=2.2140 | mAP=0.6249
2026-05-31 12:01:40,733 | INFO | Epoch 40/70 | loss=3.5910 | loss_ce=1.3879 | loss_supcon=2.2031 | mAP=0.6593
2026-05-31 12:01:54,984 | INFO | Epoch 41/70 | loss=3.5486 | loss_ce=1.3724 | loss_supcon=2.1761 | mAP=0.6593
2026-05-31 12:02:09,321 | INFO | Epoch 42/70 | loss=3.5582 | loss_ce=1.3688 | loss_supcon=2.1894 | mAP=0.6593
2026-05-31 12:02:23,539 | INFO | Epoch 43/70 | loss=3.5274 | loss_ce=1.3484 | loss_supcon=2.1791 | mAP=0.6593
2026-05-31 12:02:37,488 | INFO | Epoch 44/70 | loss=3.4976 | loss_ce=1.3302 | loss_supcon=2.1675 | mAP=0.6593
2026-05-31 12:02:51,890 | INFO | Epoch 45/70 | loss=3.4843 | loss_ce=1.3131 | loss_supcon=2.1712 | mAP=0.6593
2026-05-31 12:03:05,855 | INFO | Epoch 46/70 | loss=3.4856 | loss_ce=1.3094 | loss_supcon=2.1762 | mAP=0.6593
2026-05-31 12:03:20,152 | INFO | Epoch 47/70 | loss=3.4747 | loss_ce=1.2997 | loss_supcon=2.1750 | mAP=0.6593
2026-05-31 12:03:34,141 | INFO | Epoch 48/70 | loss=3.4431 | loss_ce=1.2880 | loss_supcon=2.1551 | mAP=0.6593
2026-05-31 12:03:48,352 | INFO | Epoch 49/70 | loss=3.4247 | loss_ce=1.2753 | loss_supcon=2.1494 | mAP=0.6593
2026-05-31 12:04:26,970 | INFO | Epoch 50/70 | loss=3.4159 | loss_ce=1.2687 | loss_supcon=2.1472 | mAP=0.6811
2026-05-31 12:04:41,388 | INFO | Epoch 51/70 | loss=3.3889 | loss_ce=1.2578 | loss_supcon=2.1310 | mAP=0.6811
2026-05-31 12:04:55,595 | INFO | Epoch 52/70 | loss=3.3777 | loss_ce=1.2459 | loss_supcon=2.1318 | mAP=0.6811
2026-05-31 12:05:09,912 | INFO | Epoch 53/70 | loss=3.3644 | loss_ce=1.2411 | loss_supcon=2.1233 | mAP=0.6811
2026-05-31 12:05:23,862 | INFO | Epoch 54/70 | loss=3.3570 | loss_ce=1.2315 | loss_supcon=2.1255 | mAP=0.6811
2026-05-31 12:05:38,133 | INFO | Epoch 55/70 | loss=3.3473 | loss_ce=1.2230 | loss_supcon=2.1243 | mAP=0.6811
2026-05-31 12:05:52,078 | INFO | Epoch 56/70 | loss=3.3434 | loss_ce=1.2241 | loss_supcon=2.1194 | mAP=0.6811
2026-05-31 12:06:06,322 | INFO | Epoch 57/70 | loss=3.3369 | loss_ce=1.2199 | loss_supcon=2.1170 | mAP=0.6811
2026-05-31 12:06:20,717 | INFO | Epoch 58/70 | loss=3.3280 | loss_ce=1.2145 | loss_supcon=2.1135 | mAP=0.6811
2026-05-31 12:06:34,895 | INFO | Epoch 59/70 | loss=3.3224 | loss_ce=1.2100 | loss_supcon=2.1124 | mAP=0.6811
2026-05-31 12:07:14,097 | INFO | Epoch 60/70 | loss=3.3062 | loss_ce=1.1980 | loss_supcon=2.1082 | mAP=0.6902
2026-05-31 12:07:28,235 | INFO | Epoch 61/70 | loss=3.3056 | loss_ce=1.2001 | loss_supcon=2.1055 | mAP=0.6902
2026-05-31 12:07:42,411 | INFO | Epoch 62/70 | loss=3.3190 | loss_ce=1.2026 | loss_supcon=2.1165 | mAP=0.6902
2026-05-31 12:07:56,691 | INFO | Epoch 63/70 | loss=3.3109 | loss_ce=1.1957 | loss_supcon=2.1152 | mAP=0.6902
2026-05-31 12:08:10,888 | INFO | Epoch 64/70 | loss=3.2960 | loss_ce=1.1913 | loss_supcon=2.1047 | mAP=0.6902
2026-05-31 12:08:25,063 | INFO | Epoch 65/70 | loss=3.2907 | loss_ce=1.1871 | loss_supcon=2.1036 | mAP=0.6902
2026-05-31 12:08:39,488 | INFO | Epoch 66/70 | loss=3.3030 | loss_ce=1.1921 | loss_supcon=2.1109 | mAP=0.6902
2026-05-31 12:08:53,594 | INFO | Epoch 67/70 | loss=3.2936 | loss_ce=1.1893 | loss_supcon=2.1043 | mAP=0.6902
2026-05-31 12:09:08,111 | INFO | Epoch 68/70 | loss=3.2832 | loss_ce=1.1821 | loss_supcon=2.1010 | mAP=0.6902
2026-05-31 12:09:22,120 | INFO | Epoch 69/70 | loss=3.2807 | loss_ce=1.1834 | loss_supcon=2.0973 | mAP=0.6902
2026-05-31 12:10:00,715 | INFO | Epoch 70/70 | loss=3.2913 | loss_ce=1.1901 | loss_supcon=2.1012 | mAP=0.6902
