2026-05-31 10:15:23,336 | INFO | Config: /workspace/Computer_Vision_Project/configs/default.yaml
2026-05-31 10:15:23,338 | INFO | Output dir: /workspace/Computer_Vision_Project/outputs/default/seed_3407
2026-05-31 10:15:23,340 | INFO | Log file: /workspace/Computer_Vision_Project/outputs/default/seed_3407/logs/train_20260531_101523.log
2026-05-31 10:15:23,340 | INFO | Seed: 3407
2026-05-31 10:15:41,749 | INFO | Epoch 1/70 | loss=10.7764 | loss_ce=6.5071 | loss_supcon=4.2693 | mAP=0.0000
2026-05-31 10:15:57,193 | INFO | Epoch 2/70 | loss=9.8070 | loss_ce=6.2568 | loss_supcon=3.5502 | mAP=0.0000
2026-05-31 10:16:12,426 | INFO | Epoch 3/70 | loss=9.1582 | loss_ce=5.8875 | loss_supcon=3.2707 | mAP=0.0000
2026-05-31 10:16:27,888 | INFO | Epoch 4/70 | loss=8.5528 | loss_ce=5.5144 | loss_supcon=3.0383 | mAP=0.0000
2026-05-31 10:16:43,092 | INFO | Epoch 5/70 | loss=8.0263 | loss_ce=5.1409 | loss_supcon=2.8855 | mAP=0.0000
2026-05-31 10:16:58,525 | INFO | Epoch 6/70 | loss=7.6248 | loss_ce=4.8024 | loss_supcon=2.8224 | mAP=0.0000
2026-05-31 10:17:13,711 | INFO | Epoch 7/70 | loss=7.2078 | loss_ce=4.4505 | loss_supcon=2.7574 | mAP=0.0000
2026-05-31 10:17:29,177 | INFO | Epoch 8/70 | loss=6.8392 | loss_ce=4.1337 | loss_supcon=2.7055 | mAP=0.0000
2026-05-31 10:17:44,443 | INFO | Epoch 9/70 | loss=6.5794 | loss_ce=3.8274 | loss_supcon=2.7519 | mAP=0.0000
2026-05-31 10:18:29,711 | INFO | Epoch 10/70 | loss=6.2175 | loss_ce=3.5366 | loss_supcon=2.6809 | mAP=0.4852
2026-05-31 10:18:45,081 | INFO | Epoch 11/70 | loss=5.9758 | loss_ce=3.2756 | loss_supcon=2.7002 | mAP=0.4852
2026-05-31 10:19:00,683 | INFO | Epoch 12/70 | loss=5.6936 | loss_ce=3.0168 | loss_supcon=2.6768 | mAP=0.4852
2026-05-31 10:19:16,140 | INFO | Epoch 13/70 | loss=5.3895 | loss_ce=2.7720 | loss_supcon=2.6175 | mAP=0.4852
2026-05-31 10:19:31,597 | INFO | Epoch 14/70 | loss=5.1939 | loss_ce=2.5980 | loss_supcon=2.5959 | mAP=0.4852
2026-05-31 10:19:46,714 | INFO | Epoch 15/70 | loss=5.0742 | loss_ce=2.4767 | loss_supcon=2.5974 | mAP=0.4852
2026-05-31 10:20:01,812 | INFO | Epoch 16/70 | loss=4.9000 | loss_ce=2.3494 | loss_supcon=2.5506 | mAP=0.4852
2026-05-31 10:20:16,830 | INFO | Epoch 17/70 | loss=4.7863 | loss_ce=2.2473 | loss_supcon=2.5390 | mAP=0.4852
2026-05-31 10:20:32,111 | INFO | Epoch 18/70 | loss=4.6486 | loss_ce=2.1594 | loss_supcon=2.4893 | mAP=0.4852
2026-05-31 10:20:47,439 | INFO | Epoch 19/70 | loss=4.5916 | loss_ce=2.0795 | loss_supcon=2.5121 | mAP=0.4852
2026-05-31 10:21:30,113 | INFO | Epoch 20/70 | loss=4.5135 | loss_ce=2.0306 | loss_supcon=2.4829 | mAP=0.5574
2026-05-31 10:21:45,649 | INFO | Epoch 21/70 | loss=4.4210 | loss_ce=1.9682 | loss_supcon=2.4528 | mAP=0.5574
2026-05-31 10:22:00,853 | INFO | Epoch 22/70 | loss=4.3775 | loss_ce=1.9377 | loss_supcon=2.4398 | mAP=0.5574
2026-05-31 10:22:16,399 | INFO | Epoch 23/70 | loss=4.3213 | loss_ce=1.8851 | loss_supcon=2.4361 | mAP=0.5574
2026-05-31 10:22:31,717 | INFO | Epoch 24/70 | loss=4.2581 | loss_ce=1.8486 | loss_supcon=2.4095 | mAP=0.5574
2026-05-31 10:22:47,075 | INFO | Epoch 25/70 | loss=4.1933 | loss_ce=1.8060 | loss_supcon=2.3873 | mAP=0.5574
2026-05-31 10:23:02,721 | INFO | Epoch 26/70 | loss=4.1624 | loss_ce=1.7857 | loss_supcon=2.3768 | mAP=0.5574
2026-05-31 10:23:17,986 | INFO | Epoch 27/70 | loss=4.0852 | loss_ce=1.7345 | loss_supcon=2.3507 | mAP=0.5574
2026-05-31 10:23:33,327 | INFO | Epoch 28/70 | loss=4.0365 | loss_ce=1.6908 | loss_supcon=2.3457 | mAP=0.5574
2026-05-31 10:23:48,539 | INFO | Epoch 29/70 | loss=3.9973 | loss_ce=1.6758 | loss_supcon=2.3215 | mAP=0.5574
2026-05-31 10:24:30,730 | INFO | Epoch 30/70 | loss=3.9960 | loss_ce=1.6575 | loss_supcon=2.3385 | mAP=0.6024
2026-05-31 10:24:46,450 | INFO | Epoch 31/70 | loss=3.9489 | loss_ce=1.6260 | loss_supcon=2.3229 | mAP=0.6024
2026-05-31 10:25:01,749 | INFO | Epoch 32/70 | loss=3.8914 | loss_ce=1.5901 | loss_supcon=2.3013 | mAP=0.6024
2026-05-31 10:25:17,218 | INFO | Epoch 33/70 | loss=3.8888 | loss_ce=1.5802 | loss_supcon=2.3086 | mAP=0.6024
2026-05-31 10:25:32,637 | INFO | Epoch 34/70 | loss=3.8594 | loss_ce=1.5603 | loss_supcon=2.2991 | mAP=0.6024
2026-05-31 10:25:47,815 | INFO | Epoch 35/70 | loss=3.8233 | loss_ce=1.5379 | loss_supcon=2.2854 | mAP=0.6024
2026-05-31 10:26:03,179 | INFO | Epoch 36/70 | loss=3.7889 | loss_ce=1.5090 | loss_supcon=2.2799 | mAP=0.6024
2026-05-31 10:26:18,580 | INFO | Epoch 37/70 | loss=3.7496 | loss_ce=1.4912 | loss_supcon=2.2584 | mAP=0.6024
2026-05-31 10:26:33,963 | INFO | Epoch 38/70 | loss=3.7114 | loss_ce=1.4650 | loss_supcon=2.2464 | mAP=0.6024
2026-05-31 10:26:49,141 | INFO | Epoch 39/70 | loss=3.6876 | loss_ce=1.4470 | loss_supcon=2.2406 | mAP=0.6024
2026-05-31 10:27:31,134 | INFO | Epoch 40/70 | loss=3.6552 | loss_ce=1.4257 | loss_supcon=2.2295 | mAP=0.6387
2026-05-31 10:27:46,486 | INFO | Epoch 41/70 | loss=3.6350 | loss_ce=1.4226 | loss_supcon=2.2124 | mAP=0.6387
2026-05-31 10:28:02,159 | INFO | Epoch 42/70 | loss=3.6456 | loss_ce=1.4199 | loss_supcon=2.2256 | mAP=0.6387
2026-05-31 10:28:17,532 | INFO | Epoch 43/70 | loss=3.5966 | loss_ce=1.3882 | loss_supcon=2.2084 | mAP=0.6387
2026-05-31 10:28:32,818 | INFO | Epoch 44/70 | loss=3.5671 | loss_ce=1.3696 | loss_supcon=2.1975 | mAP=0.6387
2026-05-31 10:28:48,501 | INFO | Epoch 45/70 | loss=3.5548 | loss_ce=1.3602 | loss_supcon=2.1946 | mAP=0.6387
2026-05-31 10:29:03,994 | INFO | Epoch 46/70 | loss=3.5424 | loss_ce=1.3484 | loss_supcon=2.1940 | mAP=0.6387
2026-05-31 10:29:19,512 | INFO | Epoch 47/70 | loss=3.5274 | loss_ce=1.3261 | loss_supcon=2.2013 | mAP=0.6387
2026-05-31 10:29:34,712 | INFO | Epoch 48/70 | loss=3.4919 | loss_ce=1.3165 | loss_supcon=2.1754 | mAP=0.6387
2026-05-31 10:29:49,961 | INFO | Epoch 49/70 | loss=3.4862 | loss_ce=1.3066 | loss_supcon=2.1796 | mAP=0.6387
2026-05-31 10:30:32,438 | INFO | Epoch 50/70 | loss=3.4761 | loss_ce=1.3057 | loss_supcon=2.1705 | mAP=0.6609
2026-05-31 10:30:47,892 | INFO | Epoch 51/70 | loss=3.4392 | loss_ce=1.2838 | loss_supcon=2.1553 | mAP=0.6609
2026-05-31 10:31:03,668 | INFO | Epoch 52/70 | loss=3.4394 | loss_ce=1.2814 | loss_supcon=2.1580 | mAP=0.6609
2026-05-31 10:31:18,781 | INFO | Epoch 53/70 | loss=3.4306 | loss_ce=1.2830 | loss_supcon=2.1477 | mAP=0.6609
2026-05-31 10:31:34,012 | INFO | Epoch 54/70 | loss=3.4209 | loss_ce=1.2667 | loss_supcon=2.1543 | mAP=0.6609
2026-05-31 10:31:49,229 | INFO | Epoch 55/70 | loss=3.4072 | loss_ce=1.2555 | loss_supcon=2.1517 | mAP=0.6609
2026-05-31 10:32:04,239 | INFO | Epoch 56/70 | loss=3.3840 | loss_ce=1.2457 | loss_supcon=2.1383 | mAP=0.6609
2026-05-31 10:32:19,868 | INFO | Epoch 57/70 | loss=3.3867 | loss_ce=1.2477 | loss_supcon=2.1391 | mAP=0.6609
2026-05-31 10:32:35,286 | INFO | Epoch 58/70 | loss=3.3699 | loss_ce=1.2409 | loss_supcon=2.1291 | mAP=0.6609
2026-05-31 10:32:50,788 | INFO | Epoch 59/70 | loss=3.3604 | loss_ce=1.2330 | loss_supcon=2.1275 | mAP=0.6609
2026-05-31 10:33:32,858 | INFO | Epoch 60/70 | loss=3.3633 | loss_ce=1.2287 | loss_supcon=2.1346 | mAP=0.6703
2026-05-31 10:33:48,242 | INFO | Epoch 61/70 | loss=3.3668 | loss_ce=1.2320 | loss_supcon=2.1348 | mAP=0.6703
2026-05-31 10:34:03,337 | INFO | Epoch 62/70 | loss=3.3417 | loss_ce=1.2191 | loss_supcon=2.1226 | mAP=0.6703
2026-05-31 10:34:18,911 | INFO | Epoch 63/70 | loss=3.3485 | loss_ce=1.2144 | loss_supcon=2.1341 | mAP=0.6703
2026-05-31 10:34:34,841 | INFO | Epoch 64/70 | loss=3.3668 | loss_ce=1.2275 | loss_supcon=2.1392 | mAP=0.6703
2026-05-31 10:34:50,370 | INFO | Epoch 65/70 | loss=3.3392 | loss_ce=1.2146 | loss_supcon=2.1246 | mAP=0.6703
2026-05-31 10:35:06,086 | INFO | Epoch 66/70 | loss=3.3312 | loss_ce=1.2073 | loss_supcon=2.1238 | mAP=0.6703
2026-05-31 10:35:21,419 | INFO | Epoch 67/70 | loss=3.3150 | loss_ce=1.2059 | loss_supcon=2.1091 | mAP=0.6703
2026-05-31 10:35:36,881 | INFO | Epoch 68/70 | loss=3.3246 | loss_ce=1.2084 | loss_supcon=2.1162 | mAP=0.6703
2026-05-31 10:35:52,237 | INFO | Epoch 69/70 | loss=3.3287 | loss_ce=1.2086 | loss_supcon=2.1201 | mAP=0.6703
2026-05-31 10:36:34,100 | INFO | Epoch 70/70 | loss=3.3323 | loss_ce=1.2131 | loss_supcon=2.1192 | mAP=0.6734
