2026-05-31 12:30:35,215 | INFO | Config: /workspace/Computer_Vision_Project/configs/default.yaml
2026-05-31 12:30:35,216 | INFO | Output dir: /workspace/Computer_Vision_Project/outputs/default/seed_2023
2026-05-31 12:30:35,218 | INFO | Log file: /workspace/Computer_Vision_Project/outputs/default/seed_2023/logs/train_20260531_123035.log
2026-05-31 12:30:35,219 | INFO | Seed: 2023
2026-05-31 12:30:53,237 | INFO | Epoch 1/70 | loss=10.7266 | loss_ce=6.5006 | loss_supcon=4.2261 | mAP=0.0000
2026-05-31 12:31:08,213 | INFO | Epoch 2/70 | loss=9.8397 | loss_ce=6.2657 | loss_supcon=3.5739 | mAP=0.0000
2026-05-31 12:31:23,045 | INFO | Epoch 3/70 | loss=9.1607 | loss_ce=5.8817 | loss_supcon=3.2789 | mAP=0.0000
2026-05-31 12:31:37,724 | INFO | Epoch 4/70 | loss=8.5515 | loss_ce=5.5097 | loss_supcon=3.0418 | mAP=0.0000
2026-05-31 12:31:52,641 | INFO | Epoch 5/70 | loss=8.0358 | loss_ce=5.1297 | loss_supcon=2.9061 | mAP=0.0000
2026-05-31 12:32:07,494 | INFO | Epoch 6/70 | loss=7.6363 | loss_ce=4.7922 | loss_supcon=2.8441 | mAP=0.0000
2026-05-31 12:32:22,384 | INFO | Epoch 7/70 | loss=7.2248 | loss_ce=4.4538 | loss_supcon=2.7709 | mAP=0.0000
2026-05-31 12:32:37,169 | INFO | Epoch 8/70 | loss=6.8723 | loss_ce=4.1302 | loss_supcon=2.7422 | mAP=0.0000
2026-05-31 12:32:52,261 | INFO | Epoch 9/70 | loss=6.5576 | loss_ce=3.8320 | loss_supcon=2.7256 | mAP=0.0000
2026-05-31 12:33:35,432 | INFO | Epoch 10/70 | loss=6.2085 | loss_ce=3.5251 | loss_supcon=2.6834 | mAP=0.4863
2026-05-31 12:33:50,361 | INFO | Epoch 11/70 | loss=5.9174 | loss_ce=3.2608 | loss_supcon=2.6566 | mAP=0.4863
2026-05-31 12:34:05,200 | INFO | Epoch 12/70 | loss=5.6654 | loss_ce=3.0093 | loss_supcon=2.6561 | mAP=0.4863
2026-05-31 12:34:19,901 | INFO | Epoch 13/70 | loss=5.4076 | loss_ce=2.7805 | loss_supcon=2.6272 | mAP=0.4863
2026-05-31 12:34:34,665 | INFO | Epoch 14/70 | loss=5.2717 | loss_ce=2.6216 | loss_supcon=2.6501 | mAP=0.4863
2026-05-31 12:34:49,784 | INFO | Epoch 15/70 | loss=5.0757 | loss_ce=2.5040 | loss_supcon=2.5717 | mAP=0.4863
2026-05-31 12:35:04,512 | INFO | Epoch 16/70 | loss=4.8818 | loss_ce=2.3394 | loss_supcon=2.5424 | mAP=0.4863
2026-05-31 12:35:19,376 | INFO | Epoch 17/70 | loss=4.8148 | loss_ce=2.2643 | loss_supcon=2.5505 | mAP=0.4863
2026-05-31 12:35:34,273 | INFO | Epoch 18/70 | loss=4.6734 | loss_ce=2.1569 | loss_supcon=2.5165 | mAP=0.4863
2026-05-31 12:35:49,233 | INFO | Epoch 19/70 | loss=4.5835 | loss_ce=2.0843 | loss_supcon=2.4992 | mAP=0.4863
2026-05-31 12:36:30,219 | INFO | Epoch 20/70 | loss=4.4976 | loss_ce=2.0261 | loss_supcon=2.4715 | mAP=0.5563
2026-05-31 12:36:44,969 | INFO | Epoch 21/70 | loss=4.4176 | loss_ce=1.9609 | loss_supcon=2.4567 | mAP=0.5563
2026-05-31 12:36:59,629 | INFO | Epoch 22/70 | loss=4.3838 | loss_ce=1.9422 | loss_supcon=2.4416 | mAP=0.5563
2026-05-31 12:37:14,635 | INFO | Epoch 23/70 | loss=4.3148 | loss_ce=1.8906 | loss_supcon=2.4242 | mAP=0.5563
2026-05-31 12:37:29,212 | INFO | Epoch 24/70 | loss=4.2446 | loss_ce=1.8564 | loss_supcon=2.3881 | mAP=0.5563
2026-05-31 12:37:44,279 | INFO | Epoch 25/70 | loss=4.2103 | loss_ce=1.8071 | loss_supcon=2.4032 | mAP=0.5563
2026-05-31 12:37:59,231 | INFO | Epoch 26/70 | loss=4.1332 | loss_ce=1.7807 | loss_supcon=2.3525 | mAP=0.5563
2026-05-31 12:38:14,298 | INFO | Epoch 27/70 | loss=4.0936 | loss_ce=1.7250 | loss_supcon=2.3686 | mAP=0.5563
2026-05-31 12:38:29,192 | INFO | Epoch 28/70 | loss=4.0562 | loss_ce=1.7037 | loss_supcon=2.3525 | mAP=0.5563
2026-05-31 12:38:44,119 | INFO | Epoch 29/70 | loss=4.0263 | loss_ce=1.6751 | loss_supcon=2.3512 | mAP=0.5563
2026-05-31 12:39:23,911 | INFO | Epoch 30/70 | loss=3.9621 | loss_ce=1.6410 | loss_supcon=2.3212 | mAP=0.6010
2026-05-31 12:39:39,028 | INFO | Epoch 31/70 | loss=3.9255 | loss_ce=1.6057 | loss_supcon=2.3198 | mAP=0.6010
2026-05-31 12:39:53,980 | INFO | Epoch 32/70 | loss=3.9093 | loss_ce=1.6022 | loss_supcon=2.3071 | mAP=0.6010
2026-05-31 12:40:08,596 | INFO | Epoch 33/70 | loss=3.8638 | loss_ce=1.5754 | loss_supcon=2.2884 | mAP=0.6010
2026-05-31 12:40:23,337 | INFO | Epoch 34/70 | loss=3.8894 | loss_ce=1.5785 | loss_supcon=2.3109 | mAP=0.6010
2026-05-31 12:40:37,912 | INFO | Epoch 35/70 | loss=3.7955 | loss_ce=1.5321 | loss_supcon=2.2634 | mAP=0.6010
2026-05-31 12:40:52,604 | INFO | Epoch 36/70 | loss=3.7717 | loss_ce=1.5081 | loss_supcon=2.2635 | mAP=0.6010
2026-05-31 12:41:07,623 | INFO | Epoch 37/70 | loss=3.7448 | loss_ce=1.4920 | loss_supcon=2.2529 | mAP=0.6010
2026-05-31 12:41:22,219 | INFO | Epoch 38/70 | loss=3.7089 | loss_ce=1.4683 | loss_supcon=2.2406 | mAP=0.6010
2026-05-31 12:41:36,986 | INFO | Epoch 39/70 | loss=3.6832 | loss_ce=1.4548 | loss_supcon=2.2284 | mAP=0.6010
2026-05-31 12:42:17,700 | INFO | Epoch 40/70 | loss=3.6949 | loss_ce=1.4484 | loss_supcon=2.2465 | mAP=0.6337
2026-05-31 12:42:32,725 | INFO | Epoch 41/70 | loss=3.6517 | loss_ce=1.4320 | loss_supcon=2.2198 | mAP=0.6337
2026-05-31 12:42:47,741 | INFO | Epoch 42/70 | loss=3.6202 | loss_ce=1.4056 | loss_supcon=2.2145 | mAP=0.6337
2026-05-31 12:43:02,527 | INFO | Epoch 43/70 | loss=3.5793 | loss_ce=1.3784 | loss_supcon=2.2009 | mAP=0.6337
2026-05-31 12:43:17,294 | INFO | Epoch 44/70 | loss=3.5739 | loss_ce=1.3629 | loss_supcon=2.2110 | mAP=0.6337
2026-05-31 12:43:32,077 | INFO | Epoch 45/70 | loss=3.5282 | loss_ce=1.3446 | loss_supcon=2.1836 | mAP=0.6337
2026-05-31 12:43:46,737 | INFO | Epoch 46/70 | loss=3.5377 | loss_ce=1.3433 | loss_supcon=2.1944 | mAP=0.6337
2026-05-31 12:44:01,334 | INFO | Epoch 47/70 | loss=3.5077 | loss_ce=1.3239 | loss_supcon=2.1838 | mAP=0.6337
2026-05-31 12:44:16,065 | INFO | Epoch 48/70 | loss=3.5071 | loss_ce=1.3266 | loss_supcon=2.1805 | mAP=0.6337
2026-05-31 12:44:30,862 | INFO | Epoch 49/70 | loss=3.4934 | loss_ce=1.3141 | loss_supcon=2.1793 | mAP=0.6337
2026-05-31 12:45:12,625 | INFO | Epoch 50/70 | loss=3.4720 | loss_ce=1.3017 | loss_supcon=2.1703 | mAP=0.6561
2026-05-31 12:45:27,578 | INFO | Epoch 51/70 | loss=3.4515 | loss_ce=1.2884 | loss_supcon=2.1630 | mAP=0.6561
2026-05-31 12:45:42,435 | INFO | Epoch 52/70 | loss=3.4307 | loss_ce=1.2813 | loss_supcon=2.1494 | mAP=0.6561
2026-05-31 12:45:57,596 | INFO | Epoch 53/70 | loss=3.4294 | loss_ce=1.2752 | loss_supcon=2.1542 | mAP=0.6561
2026-05-31 12:46:12,562 | INFO | Epoch 54/70 | loss=3.4381 | loss_ce=1.2747 | loss_supcon=2.1635 | mAP=0.6561
2026-05-31 12:46:27,561 | INFO | Epoch 55/70 | loss=3.3904 | loss_ce=1.2519 | loss_supcon=2.1385 | mAP=0.6561
2026-05-31 12:46:42,239 | INFO | Epoch 56/70 | loss=3.3915 | loss_ce=1.2446 | loss_supcon=2.1470 | mAP=0.6561
2026-05-31 12:46:57,198 | INFO | Epoch 57/70 | loss=3.3937 | loss_ce=1.2477 | loss_supcon=2.1459 | mAP=0.6561
2026-05-31 12:47:12,013 | INFO | Epoch 58/70 | loss=3.3665 | loss_ce=1.2325 | loss_supcon=2.1339 | mAP=0.6561
2026-05-31 12:47:26,762 | INFO | Epoch 59/70 | loss=3.3674 | loss_ce=1.2319 | loss_supcon=2.1355 | mAP=0.6561
2026-05-31 12:48:07,854 | INFO | Epoch 60/70 | loss=3.3672 | loss_ce=1.2346 | loss_supcon=2.1326 | mAP=0.6702
2026-05-31 12:48:22,781 | INFO | Epoch 61/70 | loss=3.3409 | loss_ce=1.2207 | loss_supcon=2.1203 | mAP=0.6702
2026-05-31 12:48:37,569 | INFO | Epoch 62/70 | loss=3.3625 | loss_ce=1.2268 | loss_supcon=2.1357 | mAP=0.6702
2026-05-31 12:48:52,424 | INFO | Epoch 63/70 | loss=3.3444 | loss_ce=1.2212 | loss_supcon=2.1231 | mAP=0.6702
2026-05-31 12:49:07,113 | INFO | Epoch 64/70 | loss=3.3464 | loss_ce=1.2163 | loss_supcon=2.1302 | mAP=0.6702
2026-05-31 12:49:21,814 | INFO | Epoch 65/70 | loss=3.3315 | loss_ce=1.2115 | loss_supcon=2.1200 | mAP=0.6702
2026-05-31 12:49:36,676 | INFO | Epoch 66/70 | loss=3.3410 | loss_ce=1.2163 | loss_supcon=2.1248 | mAP=0.6702
2026-05-31 12:49:51,314 | INFO | Epoch 67/70 | loss=3.3280 | loss_ce=1.2099 | loss_supcon=2.1181 | mAP=0.6702
2026-05-31 12:50:06,112 | INFO | Epoch 68/70 | loss=3.3295 | loss_ce=1.2092 | loss_supcon=2.1203 | mAP=0.6702
2026-05-31 12:50:20,920 | INFO | Epoch 69/70 | loss=3.3409 | loss_ce=1.2157 | loss_supcon=2.1252 | mAP=0.6702
2026-05-31 12:51:02,200 | INFO | Epoch 70/70 | loss=3.3409 | loss_ce=1.2141 | loss_supcon=2.1267 | mAP=0.6739
