2026-05-31 14:00:37,527 | INFO | Config: /workspace/Computer_Vision_Project/configs/ablation/abl_low_lr.yaml
2026-05-31 14:00:37,528 | INFO | Output dir: /workspace/Computer_Vision_Project/outputs/abl_low_lr/seed_2023
2026-05-31 14:00:37,529 | INFO | Log file: /workspace/Computer_Vision_Project/outputs/abl_low_lr/seed_2023/logs/train_20260531_140037.log
2026-05-31 14:00:37,530 | INFO | Seed: 2023
2026-05-31 14:00:55,386 | INFO | Epoch 1/70 | loss=10.7268 | loss_ce=6.5006 | loss_supcon=4.2262 | mAP=0.0000
2026-05-31 14:01:10,359 | INFO | Epoch 2/70 | loss=9.8405 | loss_ce=6.2657 | loss_supcon=3.5747 | mAP=0.0000
2026-05-31 14:01:25,487 | INFO | Epoch 3/70 | loss=9.1608 | loss_ce=5.8814 | loss_supcon=3.2793 | mAP=0.0000
2026-05-31 14:01:40,411 | INFO | Epoch 4/70 | loss=8.5503 | loss_ce=5.5086 | loss_supcon=3.0417 | mAP=0.0000
2026-05-31 14:01:55,365 | INFO | Epoch 5/70 | loss=8.0392 | loss_ce=5.1323 | loss_supcon=2.9070 | mAP=0.0000
2026-05-31 14:02:10,384 | INFO | Epoch 6/70 | loss=7.6384 | loss_ce=4.7946 | loss_supcon=2.8438 | mAP=0.0000
2026-05-31 14:02:25,312 | INFO | Epoch 7/70 | loss=7.2265 | loss_ce=4.4578 | loss_supcon=2.7688 | mAP=0.0000
2026-05-31 14:02:40,174 | INFO | Epoch 8/70 | loss=6.8821 | loss_ce=4.1311 | loss_supcon=2.7510 | mAP=0.0000
2026-05-31 14:02:55,252 | INFO | Epoch 9/70 | loss=6.5601 | loss_ce=3.8358 | loss_supcon=2.7244 | mAP=0.0000
2026-05-31 14:03:38,321 | INFO | Epoch 10/70 | loss=6.2232 | loss_ce=3.5341 | loss_supcon=2.6891 | mAP=0.4866
2026-05-31 14:03:53,310 | INFO | Epoch 11/70 | loss=5.9231 | loss_ce=3.2638 | loss_supcon=2.6593 | mAP=0.4866
2026-05-31 14:04:08,238 | INFO | Epoch 12/70 | loss=5.6710 | loss_ce=3.0147 | loss_supcon=2.6564 | mAP=0.4866
2026-05-31 14:04:23,329 | INFO | Epoch 13/70 | loss=5.4043 | loss_ce=2.7791 | loss_supcon=2.6252 | mAP=0.4866
2026-05-31 14:04:38,466 | INFO | Epoch 14/70 | loss=5.2704 | loss_ce=2.6206 | loss_supcon=2.6498 | mAP=0.4866
2026-05-31 14:04:53,835 | INFO | Epoch 15/70 | loss=5.0826 | loss_ce=2.5034 | loss_supcon=2.5792 | mAP=0.4866
2026-05-31 14:05:08,918 | INFO | Epoch 16/70 | loss=4.8964 | loss_ce=2.3470 | loss_supcon=2.5494 | mAP=0.4866
2026-05-31 14:05:23,951 | INFO | Epoch 17/70 | loss=4.8065 | loss_ce=2.2586 | loss_supcon=2.5479 | mAP=0.4866
2026-05-31 14:05:38,918 | INFO | Epoch 18/70 | loss=4.6693 | loss_ce=2.1468 | loss_supcon=2.5224 | mAP=0.4866
2026-05-31 14:05:53,888 | INFO | Epoch 19/70 | loss=4.5771 | loss_ce=2.0783 | loss_supcon=2.4988 | mAP=0.4866
2026-05-31 14:06:33,632 | INFO | Epoch 20/70 | loss=4.5006 | loss_ce=2.0296 | loss_supcon=2.4711 | mAP=0.5604
2026-05-31 14:06:48,731 | INFO | Epoch 21/70 | loss=4.4084 | loss_ce=1.9536 | loss_supcon=2.4548 | mAP=0.5604
2026-05-31 14:07:03,918 | INFO | Epoch 22/70 | loss=4.3724 | loss_ce=1.9347 | loss_supcon=2.4377 | mAP=0.5604
2026-05-31 14:07:18,989 | INFO | Epoch 23/70 | loss=4.3196 | loss_ce=1.8928 | loss_supcon=2.4268 | mAP=0.5604
2026-05-31 14:07:34,020 | INFO | Epoch 24/70 | loss=4.2452 | loss_ce=1.8563 | loss_supcon=2.3889 | mAP=0.5604
2026-05-31 14:07:48,983 | INFO | Epoch 25/70 | loss=4.2082 | loss_ce=1.8045 | loss_supcon=2.4038 | mAP=0.5604
2026-05-31 14:08:03,951 | INFO | Epoch 26/70 | loss=4.1403 | loss_ce=1.7848 | loss_supcon=2.3555 | mAP=0.5604
2026-05-31 14:08:19,042 | INFO | Epoch 27/70 | loss=4.1105 | loss_ce=1.7360 | loss_supcon=2.3744 | mAP=0.5604
2026-05-31 14:08:33,962 | INFO | Epoch 28/70 | loss=4.0436 | loss_ce=1.6946 | loss_supcon=2.3490 | mAP=0.5604
2026-05-31 14:08:49,054 | INFO | Epoch 29/70 | loss=4.0251 | loss_ce=1.6764 | loss_supcon=2.3486 | mAP=0.5604
2026-05-31 14:09:28,664 | INFO | Epoch 30/70 | loss=3.9594 | loss_ce=1.6397 | loss_supcon=2.3196 | mAP=0.5973
2026-05-31 14:09:43,796 | INFO | Epoch 31/70 | loss=3.9207 | loss_ce=1.5988 | loss_supcon=2.3219 | mAP=0.5973
2026-05-31 14:09:58,736 | INFO | Epoch 32/70 | loss=3.9114 | loss_ce=1.5998 | loss_supcon=2.3115 | mAP=0.5973
2026-05-31 14:10:13,857 | INFO | Epoch 33/70 | loss=3.8551 | loss_ce=1.5682 | loss_supcon=2.2869 | mAP=0.5973
2026-05-31 14:10:29,038 | INFO | Epoch 34/70 | loss=3.8825 | loss_ce=1.5720 | loss_supcon=2.3104 | mAP=0.5973
2026-05-31 14:10:44,072 | INFO | Epoch 35/70 | loss=3.7940 | loss_ce=1.5309 | loss_supcon=2.2631 | mAP=0.5973
2026-05-31 14:10:59,233 | INFO | Epoch 36/70 | loss=3.7744 | loss_ce=1.5097 | loss_supcon=2.2647 | mAP=0.5973
2026-05-31 14:11:14,376 | INFO | Epoch 37/70 | loss=3.7378 | loss_ce=1.4902 | loss_supcon=2.2476 | mAP=0.5973
2026-05-31 14:11:29,593 | INFO | Epoch 38/70 | loss=3.7052 | loss_ce=1.4649 | loss_supcon=2.2403 | mAP=0.5973
2026-05-31 14:11:44,882 | INFO | Epoch 39/70 | loss=3.6845 | loss_ce=1.4507 | loss_supcon=2.2338 | mAP=0.5973
2026-05-31 14:12:24,868 | INFO | Epoch 40/70 | loss=3.7003 | loss_ce=1.4475 | loss_supcon=2.2528 | mAP=0.6365
2026-05-31 14:12:39,811 | INFO | Epoch 41/70 | loss=3.6419 | loss_ce=1.4219 | loss_supcon=2.2200 | mAP=0.6365
2026-05-31 14:12:54,753 | INFO | Epoch 42/70 | loss=3.6233 | loss_ce=1.4090 | loss_supcon=2.2143 | mAP=0.6365
2026-05-31 14:13:09,598 | INFO | Epoch 43/70 | loss=3.5810 | loss_ce=1.3784 | loss_supcon=2.2026 | mAP=0.6365
2026-05-31 14:13:24,571 | INFO | Epoch 44/70 | loss=3.5772 | loss_ce=1.3631 | loss_supcon=2.2141 | mAP=0.6365
2026-05-31 14:13:39,411 | INFO | Epoch 45/70 | loss=3.5310 | loss_ce=1.3471 | loss_supcon=2.1839 | mAP=0.6365
2026-05-31 14:13:54,239 | INFO | Epoch 46/70 | loss=3.5305 | loss_ce=1.3366 | loss_supcon=2.1939 | mAP=0.6365
2026-05-31 14:14:09,090 | INFO | Epoch 47/70 | loss=3.5125 | loss_ce=1.3283 | loss_supcon=2.1842 | mAP=0.6365
2026-05-31 14:14:23,895 | INFO | Epoch 48/70 | loss=3.4987 | loss_ce=1.3228 | loss_supcon=2.1759 | mAP=0.6365
2026-05-31 14:14:38,712 | INFO | Epoch 49/70 | loss=3.4896 | loss_ce=1.3092 | loss_supcon=2.1804 | mAP=0.6365
2026-05-31 14:15:18,372 | INFO | Epoch 50/70 | loss=3.4786 | loss_ce=1.3060 | loss_supcon=2.1726 | mAP=0.6558
2026-05-31 14:15:33,187 | INFO | Epoch 51/70 | loss=3.4559 | loss_ce=1.2898 | loss_supcon=2.1661 | mAP=0.6558
2026-05-31 14:15:48,119 | INFO | Epoch 52/70 | loss=3.4257 | loss_ce=1.2786 | loss_supcon=2.1471 | mAP=0.6558
2026-05-31 14:16:03,256 | INFO | Epoch 53/70 | loss=3.4321 | loss_ce=1.2780 | loss_supcon=2.1541 | mAP=0.6558
2026-05-31 14:16:18,657 | INFO | Epoch 54/70 | loss=3.4397 | loss_ce=1.2748 | loss_supcon=2.1649 | mAP=0.6558
2026-05-31 14:16:33,527 | INFO | Epoch 55/70 | loss=3.3937 | loss_ce=1.2564 | loss_supcon=2.1374 | mAP=0.6558
2026-05-31 14:16:48,517 | INFO | Epoch 56/70 | loss=3.3892 | loss_ce=1.2449 | loss_supcon=2.1443 | mAP=0.6558
2026-05-31 14:17:03,518 | INFO | Epoch 57/70 | loss=3.3914 | loss_ce=1.2454 | loss_supcon=2.1460 | mAP=0.6558
2026-05-31 14:17:18,462 | INFO | Epoch 58/70 | loss=3.3708 | loss_ce=1.2349 | loss_supcon=2.1359 | mAP=0.6558
2026-05-31 14:17:33,439 | INFO | Epoch 59/70 | loss=3.3682 | loss_ce=1.2328 | loss_supcon=2.1354 | mAP=0.6558
2026-05-31 14:18:13,110 | INFO | Epoch 60/70 | loss=3.3678 | loss_ce=1.2355 | loss_supcon=2.1323 | mAP=0.6729
2026-05-31 14:18:27,932 | INFO | Epoch 61/70 | loss=3.3407 | loss_ce=1.2185 | loss_supcon=2.1222 | mAP=0.6729
2026-05-31 14:18:42,937 | INFO | Epoch 62/70 | loss=3.3605 | loss_ce=1.2268 | loss_supcon=2.1337 | mAP=0.6729
2026-05-31 14:18:57,942 | INFO | Epoch 63/70 | loss=3.3452 | loss_ce=1.2216 | loss_supcon=2.1236 | mAP=0.6729
2026-05-31 14:19:12,917 | INFO | Epoch 64/70 | loss=3.3494 | loss_ce=1.2184 | loss_supcon=2.1310 | mAP=0.6729
2026-05-31 14:19:27,700 | INFO | Epoch 65/70 | loss=3.3348 | loss_ce=1.2134 | loss_supcon=2.1215 | mAP=0.6729
2026-05-31 14:19:42,669 | INFO | Epoch 66/70 | loss=3.3449 | loss_ce=1.2179 | loss_supcon=2.1270 | mAP=0.6729
2026-05-31 14:19:57,648 | INFO | Epoch 67/70 | loss=3.3296 | loss_ce=1.2111 | loss_supcon=2.1185 | mAP=0.6729
2026-05-31 14:20:12,915 | INFO | Epoch 68/70 | loss=3.3315 | loss_ce=1.2101 | loss_supcon=2.1214 | mAP=0.6729
2026-05-31 14:20:27,700 | INFO | Epoch 69/70 | loss=3.3416 | loss_ce=1.2174 | loss_supcon=2.1242 | mAP=0.6729
2026-05-31 14:21:07,200 | INFO | Epoch 70/70 | loss=3.3411 | loss_ce=1.2135 | loss_supcon=2.1276 | mAP=0.6754
