2026-05-31 08:32:49,560 | INFO | Config: /workspace/Computer_Vision_Project/configs/ablation/abl_no_afem.yaml
2026-05-31 08:32:49,562 | INFO | Output dir: /workspace/Computer_Vision_Project/outputs/abl_no_afem/seed_42
2026-05-31 08:32:49,563 | INFO | Log file: /workspace/Computer_Vision_Project/outputs/abl_no_afem/seed_42/logs/train_20260531_083249.log
2026-05-31 08:32:49,563 | INFO | Seed: 42
2026-05-31 08:33:07,148 | INFO | Epoch 1/70 | loss=11.0104 | loss_ce=6.5006 | loss_supcon=4.5098 | mAP=0.0000
2026-05-31 08:33:21,870 | INFO | Epoch 2/70 | loss=10.1025 | loss_ce=6.2933 | loss_supcon=3.8092 | mAP=0.0000
2026-05-31 08:33:36,495 | INFO | Epoch 3/70 | loss=9.3380 | loss_ce=5.9426 | loss_supcon=3.3954 | mAP=0.0000
2026-05-31 08:33:51,370 | INFO | Epoch 4/70 | loss=8.6499 | loss_ce=5.5497 | loss_supcon=3.1001 | mAP=0.0000
2026-05-31 08:34:06,339 | INFO | Epoch 5/70 | loss=8.1305 | loss_ce=5.1988 | loss_supcon=2.9318 | mAP=0.0000
2026-05-31 08:34:21,162 | INFO | Epoch 6/70 | loss=7.6840 | loss_ce=4.8413 | loss_supcon=2.8427 | mAP=0.0000
2026-05-31 08:34:35,924 | INFO | Epoch 7/70 | loss=7.3358 | loss_ce=4.5450 | loss_supcon=2.7908 | mAP=0.0000
2026-05-31 08:34:50,647 | INFO | Epoch 8/70 | loss=6.9320 | loss_ce=4.1945 | loss_supcon=2.7375 | mAP=0.0000
2026-05-31 08:35:05,344 | INFO | Epoch 9/70 | loss=6.5543 | loss_ce=3.8586 | loss_supcon=2.6957 | mAP=0.0000
2026-05-31 08:35:47,336 | INFO | Epoch 10/70 | loss=6.2214 | loss_ce=3.5502 | loss_supcon=2.6712 | mAP=0.4584
2026-05-31 08:36:02,343 | INFO | Epoch 11/70 | loss=5.9351 | loss_ce=3.3116 | loss_supcon=2.6236 | mAP=0.4584
2026-05-31 08:36:16,917 | INFO | Epoch 12/70 | loss=5.6337 | loss_ce=2.9912 | loss_supcon=2.6424 | mAP=0.4584
2026-05-31 08:36:31,831 | INFO | Epoch 13/70 | loss=5.3357 | loss_ce=2.7506 | loss_supcon=2.5851 | mAP=0.4584
2026-05-31 08:36:46,626 | INFO | Epoch 14/70 | loss=5.2328 | loss_ce=2.6178 | loss_supcon=2.6150 | mAP=0.4584
2026-05-31 08:37:01,576 | INFO | Epoch 15/70 | loss=5.0614 | loss_ce=2.4897 | loss_supcon=2.5717 | mAP=0.4584
2026-05-31 08:37:16,596 | INFO | Epoch 16/70 | loss=4.8910 | loss_ce=2.3308 | loss_supcon=2.5602 | mAP=0.4584
2026-05-31 08:37:31,721 | INFO | Epoch 17/70 | loss=4.7243 | loss_ce=2.2216 | loss_supcon=2.5027 | mAP=0.4584
2026-05-31 08:37:46,913 | INFO | Epoch 18/70 | loss=4.6288 | loss_ce=2.1327 | loss_supcon=2.4961 | mAP=0.4584
2026-05-31 08:38:02,154 | INFO | Epoch 19/70 | loss=4.5897 | loss_ce=2.0966 | loss_supcon=2.4931 | mAP=0.4584
2026-05-31 08:38:45,926 | INFO | Epoch 20/70 | loss=4.4962 | loss_ce=2.0158 | loss_supcon=2.4804 | mAP=0.5561
2026-05-31 08:39:01,397 | INFO | Epoch 21/70 | loss=4.4088 | loss_ce=1.9509 | loss_supcon=2.4579 | mAP=0.5561
2026-05-31 08:39:16,830 | INFO | Epoch 22/70 | loss=4.3821 | loss_ce=1.9350 | loss_supcon=2.4471 | mAP=0.5561
2026-05-31 08:39:32,298 | INFO | Epoch 23/70 | loss=4.2733 | loss_ce=1.8465 | loss_supcon=2.4268 | mAP=0.5561
2026-05-31 08:39:47,701 | INFO | Epoch 24/70 | loss=4.2394 | loss_ce=1.8250 | loss_supcon=2.4144 | mAP=0.5561
2026-05-31 08:40:03,076 | INFO | Epoch 25/70 | loss=4.1998 | loss_ce=1.7972 | loss_supcon=2.4026 | mAP=0.5561
2026-05-31 08:40:18,394 | INFO | Epoch 26/70 | loss=4.1243 | loss_ce=1.7509 | loss_supcon=2.3733 | mAP=0.5561
2026-05-31 08:40:33,590 | INFO | Epoch 27/70 | loss=4.1130 | loss_ce=1.7465 | loss_supcon=2.3665 | mAP=0.5561
2026-05-31 08:40:48,942 | INFO | Epoch 28/70 | loss=4.0502 | loss_ce=1.7024 | loss_supcon=2.3478 | mAP=0.5561
2026-05-31 08:41:04,213 | INFO | Epoch 29/70 | loss=4.0209 | loss_ce=1.6886 | loss_supcon=2.3324 | mAP=0.5561
2026-05-31 08:41:46,513 | INFO | Epoch 30/70 | loss=3.9558 | loss_ce=1.6309 | loss_supcon=2.3249 | mAP=0.5967
2026-05-31 08:42:01,812 | INFO | Epoch 31/70 | loss=3.9208 | loss_ce=1.6022 | loss_supcon=2.3186 | mAP=0.5967
2026-05-31 08:42:17,483 | INFO | Epoch 32/70 | loss=3.8968 | loss_ce=1.5923 | loss_supcon=2.3045 | mAP=0.5967
2026-05-31 08:42:33,046 | INFO | Epoch 33/70 | loss=3.8696 | loss_ce=1.5632 | loss_supcon=2.3064 | mAP=0.5967
2026-05-31 08:42:48,144 | INFO | Epoch 34/70 | loss=3.8133 | loss_ce=1.5417 | loss_supcon=2.2716 | mAP=0.5967
2026-05-31 08:43:03,369 | INFO | Epoch 35/70 | loss=3.8040 | loss_ce=1.5314 | loss_supcon=2.2726 | mAP=0.5967
2026-05-31 08:43:18,993 | INFO | Epoch 36/70 | loss=3.7486 | loss_ce=1.4975 | loss_supcon=2.2511 | mAP=0.5967
2026-05-31 08:43:34,098 | INFO | Epoch 37/70 | loss=3.7789 | loss_ce=1.4893 | loss_supcon=2.2896 | mAP=0.5967
2026-05-31 08:43:49,289 | INFO | Epoch 38/70 | loss=3.7127 | loss_ce=1.4738 | loss_supcon=2.2389 | mAP=0.5967
2026-05-31 08:44:04,544 | INFO | Epoch 39/70 | loss=3.6940 | loss_ce=1.4505 | loss_supcon=2.2435 | mAP=0.5967
2026-05-31 08:44:46,414 | INFO | Epoch 40/70 | loss=3.6470 | loss_ce=1.4123 | loss_supcon=2.2347 | mAP=0.6256
2026-05-31 08:45:01,733 | INFO | Epoch 41/70 | loss=3.6122 | loss_ce=1.3964 | loss_supcon=2.2158 | mAP=0.6256
2026-05-31 08:45:17,064 | INFO | Epoch 42/70 | loss=3.6198 | loss_ce=1.3990 | loss_supcon=2.2208 | mAP=0.6256
2026-05-31 08:45:32,431 | INFO | Epoch 43/70 | loss=3.6022 | loss_ce=1.3937 | loss_supcon=2.2085 | mAP=0.6256
2026-05-31 08:45:47,771 | INFO | Epoch 44/70 | loss=3.5629 | loss_ce=1.3630 | loss_supcon=2.1998 | mAP=0.6256
2026-05-31 08:46:03,027 | INFO | Epoch 45/70 | loss=3.5464 | loss_ce=1.3549 | loss_supcon=2.1915 | mAP=0.6256
2026-05-31 08:46:18,181 | INFO | Epoch 46/70 | loss=3.5297 | loss_ce=1.3371 | loss_supcon=2.1926 | mAP=0.6256
2026-05-31 08:46:33,372 | INFO | Epoch 47/70 | loss=3.5089 | loss_ce=1.3261 | loss_supcon=2.1828 | mAP=0.6256
2026-05-31 08:46:49,042 | INFO | Epoch 48/70 | loss=3.4963 | loss_ce=1.3197 | loss_supcon=2.1766 | mAP=0.6256
2026-05-31 08:47:04,248 | INFO | Epoch 49/70 | loss=3.4720 | loss_ce=1.3052 | loss_supcon=2.1668 | mAP=0.6256
2026-05-31 08:47:45,543 | INFO | Epoch 50/70 | loss=3.4699 | loss_ce=1.2974 | loss_supcon=2.1725 | mAP=0.6552
2026-05-31 08:48:00,769 | INFO | Epoch 51/70 | loss=3.4384 | loss_ce=1.2820 | loss_supcon=2.1564 | mAP=0.6552
2026-05-31 08:48:16,038 | INFO | Epoch 52/70 | loss=3.4145 | loss_ce=1.2671 | loss_supcon=2.1473 | mAP=0.6552
2026-05-31 08:48:31,300 | INFO | Epoch 53/70 | loss=3.4382 | loss_ce=1.2775 | loss_supcon=2.1607 | mAP=0.6552
2026-05-31 08:48:46,657 | INFO | Epoch 54/70 | loss=3.4178 | loss_ce=1.2635 | loss_supcon=2.1544 | mAP=0.6552
2026-05-31 08:49:02,041 | INFO | Epoch 55/70 | loss=3.4024 | loss_ce=1.2522 | loss_supcon=2.1502 | mAP=0.6552
2026-05-31 08:49:17,232 | INFO | Epoch 56/70 | loss=3.3890 | loss_ce=1.2480 | loss_supcon=2.1411 | mAP=0.6552
2026-05-31 08:49:32,397 | INFO | Epoch 57/70 | loss=3.3829 | loss_ce=1.2364 | loss_supcon=2.1465 | mAP=0.6552
2026-05-31 08:49:47,659 | INFO | Epoch 58/70 | loss=3.3576 | loss_ce=1.2340 | loss_supcon=2.1236 | mAP=0.6552
2026-05-31 08:50:02,994 | INFO | Epoch 59/70 | loss=3.3646 | loss_ce=1.2296 | loss_supcon=2.1350 | mAP=0.6552
2026-05-31 08:50:45,635 | INFO | Epoch 60/70 | loss=3.3523 | loss_ce=1.2172 | loss_supcon=2.1351 | mAP=0.6647
2026-05-31 08:51:00,879 | INFO | Epoch 61/70 | loss=3.3651 | loss_ce=1.2214 | loss_supcon=2.1437 | mAP=0.6647
2026-05-31 08:51:16,013 | INFO | Epoch 62/70 | loss=3.3338 | loss_ce=1.2084 | loss_supcon=2.1255 | mAP=0.6647
2026-05-31 08:51:31,144 | INFO | Epoch 63/70 | loss=3.3442 | loss_ce=1.2187 | loss_supcon=2.1256 | mAP=0.6647
2026-05-31 08:51:46,656 | INFO | Epoch 64/70 | loss=3.3434 | loss_ce=1.2168 | loss_supcon=2.1265 | mAP=0.6647
2026-05-31 08:52:01,949 | INFO | Epoch 65/70 | loss=3.3304 | loss_ce=1.2110 | loss_supcon=2.1194 | mAP=0.6647
2026-05-31 08:52:17,440 | INFO | Epoch 66/70 | loss=3.3349 | loss_ce=1.2137 | loss_supcon=2.1212 | mAP=0.6647
2026-05-31 08:52:32,842 | INFO | Epoch 67/70 | loss=3.3359 | loss_ce=1.2120 | loss_supcon=2.1240 | mAP=0.6647
2026-05-31 08:52:49,662 | INFO | Epoch 68/70 | loss=3.3238 | loss_ce=1.2047 | loss_supcon=2.1191 | mAP=0.6647
2026-05-31 08:53:04,951 | INFO | Epoch 69/70 | loss=3.3282 | loss_ce=1.2085 | loss_supcon=2.1197 | mAP=0.6647
2026-05-31 08:53:46,313 | INFO | Epoch 70/70 | loss=3.3340 | loss_ce=1.2098 | loss_supcon=2.1242 | mAP=0.6684
