2026-06-02 02:17:58,355 | INFO | Config: /workspace/Computer_Vision_Project/configs/ablation/abl_no_supcon.yaml
2026-06-02 02:17:58,356 | INFO | Output dir: /workspace/Computer_Vision_Project/outputs/abl_no_supcon/seed_2023
2026-06-02 02:17:58,358 | INFO | Log file: /workspace/Computer_Vision_Project/outputs/abl_no_supcon/seed_2023/logs/train_20260602_021758.log
2026-06-02 02:17:58,359 | INFO | Seed: 2023
2026-06-02 02:18:20,447 | INFO | Epoch 1/70 | loss=6.4949 | loss_ce=6.4949 | loss_supcon=0.0000 | mAP=0.0000
2026-06-02 02:18:36,550 | INFO | Epoch 2/70 | loss=6.2371 | loss_ce=6.2371 | loss_supcon=0.0000 | mAP=0.0000
2026-06-02 02:18:52,244 | INFO | Epoch 3/70 | loss=5.8792 | loss_ce=5.8792 | loss_supcon=0.0000 | mAP=0.0000
2026-06-02 02:19:08,264 | INFO | Epoch 4/70 | loss=5.4808 | loss_ce=5.4808 | loss_supcon=0.0000 | mAP=0.0000
2026-06-02 02:19:24,399 | INFO | Epoch 5/70 | loss=5.0325 | loss_ce=5.0325 | loss_supcon=0.0000 | mAP=0.0000
2026-06-02 02:19:40,185 | INFO | Epoch 6/70 | loss=4.5880 | loss_ce=4.5880 | loss_supcon=0.0000 | mAP=0.0000
2026-06-02 02:19:56,057 | INFO | Epoch 7/70 | loss=4.1600 | loss_ce=4.1600 | loss_supcon=0.0000 | mAP=0.0000
2026-06-02 02:20:11,872 | INFO | Epoch 8/70 | loss=3.7523 | loss_ce=3.7523 | loss_supcon=0.0000 | mAP=0.0000
2026-06-02 02:20:27,970 | INFO | Epoch 9/70 | loss=3.3677 | loss_ce=3.3677 | loss_supcon=0.0000 | mAP=0.0000
2026-06-02 02:21:19,589 | INFO | Epoch 10/70 | loss=3.0588 | loss_ce=3.0588 | loss_supcon=0.0000 | mAP=0.4180
2026-06-02 02:21:35,587 | INFO | Epoch 11/70 | loss=2.7519 | loss_ce=2.7519 | loss_supcon=0.0000 | mAP=0.4180
2026-06-02 02:21:51,348 | INFO | Epoch 12/70 | loss=2.4949 | loss_ce=2.4949 | loss_supcon=0.0000 | mAP=0.4180
2026-06-02 02:22:07,332 | INFO | Epoch 13/70 | loss=2.3080 | loss_ce=2.3080 | loss_supcon=0.0000 | mAP=0.4180
2026-06-02 02:22:22,742 | INFO | Epoch 14/70 | loss=2.1598 | loss_ce=2.1598 | loss_supcon=0.0000 | mAP=0.4180
2026-06-02 02:22:37,982 | INFO | Epoch 15/70 | loss=2.0445 | loss_ce=2.0445 | loss_supcon=0.0000 | mAP=0.4180
2026-06-02 02:22:53,213 | INFO | Epoch 16/70 | loss=1.9478 | loss_ce=1.9478 | loss_supcon=0.0000 | mAP=0.4180
2026-06-02 02:23:08,282 | INFO | Epoch 17/70 | loss=1.8833 | loss_ce=1.8833 | loss_supcon=0.0000 | mAP=0.4180
2026-06-02 02:23:23,392 | INFO | Epoch 18/70 | loss=1.7809 | loss_ce=1.7809 | loss_supcon=0.0000 | mAP=0.4180
2026-06-02 02:23:38,738 | INFO | Epoch 19/70 | loss=1.7640 | loss_ce=1.7640 | loss_supcon=0.0000 | mAP=0.4180
2026-06-02 02:24:24,512 | INFO | Epoch 20/70 | loss=1.7153 | loss_ce=1.7153 | loss_supcon=0.0000 | mAP=0.4666
2026-06-02 02:24:39,932 | INFO | Epoch 21/70 | loss=1.6713 | loss_ce=1.6713 | loss_supcon=0.0000 | mAP=0.4666
2026-06-02 02:24:55,247 | INFO | Epoch 22/70 | loss=1.6464 | loss_ce=1.6464 | loss_supcon=0.0000 | mAP=0.4666
2026-06-02 02:25:10,491 | INFO | Epoch 23/70 | loss=1.6171 | loss_ce=1.6171 | loss_supcon=0.0000 | mAP=0.4666
2026-06-02 02:25:25,980 | INFO | Epoch 24/70 | loss=1.5726 | loss_ce=1.5726 | loss_supcon=0.0000 | mAP=0.4666
2026-06-02 02:25:41,346 | INFO | Epoch 25/70 | loss=1.5503 | loss_ce=1.5503 | loss_supcon=0.0000 | mAP=0.4666
2026-06-02 02:25:56,581 | INFO | Epoch 26/70 | loss=1.5384 | loss_ce=1.5384 | loss_supcon=0.0000 | mAP=0.4666
2026-06-02 02:26:12,001 | INFO | Epoch 27/70 | loss=1.5011 | loss_ce=1.5011 | loss_supcon=0.0000 | mAP=0.4666
2026-06-02 02:26:27,225 | INFO | Epoch 28/70 | loss=1.4868 | loss_ce=1.4868 | loss_supcon=0.0000 | mAP=0.4666
2026-06-02 02:26:42,459 | INFO | Epoch 29/70 | loss=1.4626 | loss_ce=1.4626 | loss_supcon=0.0000 | mAP=0.4666
2026-06-02 02:27:27,314 | INFO | Epoch 30/70 | loss=1.4290 | loss_ce=1.4290 | loss_supcon=0.0000 | mAP=0.4666
2026-06-02 02:27:42,292 | INFO | Epoch 31/70 | loss=1.4261 | loss_ce=1.4261 | loss_supcon=0.0000 | mAP=0.4666
2026-06-02 02:27:57,625 | INFO | Epoch 32/70 | loss=1.4130 | loss_ce=1.4130 | loss_supcon=0.0000 | mAP=0.4666
2026-06-02 02:28:12,985 | INFO | Epoch 33/70 | loss=1.3873 | loss_ce=1.3873 | loss_supcon=0.0000 | mAP=0.4666
2026-06-02 02:28:28,366 | INFO | Epoch 34/70 | loss=1.4094 | loss_ce=1.4094 | loss_supcon=0.0000 | mAP=0.4666
2026-06-02 02:28:43,325 | INFO | Epoch 35/70 | loss=1.3516 | loss_ce=1.3516 | loss_supcon=0.0000 | mAP=0.4666
2026-06-02 02:28:58,842 | INFO | Epoch 36/70 | loss=1.3389 | loss_ce=1.3389 | loss_supcon=0.0000 | mAP=0.4666
2026-06-02 02:29:14,249 | INFO | Epoch 37/70 | loss=1.3314 | loss_ce=1.3314 | loss_supcon=0.0000 | mAP=0.4666
2026-06-02 02:29:29,138 | INFO | Epoch 38/70 | loss=1.3188 | loss_ce=1.3188 | loss_supcon=0.0000 | mAP=0.4666
2026-06-02 02:29:44,371 | INFO | Epoch 39/70 | loss=1.3049 | loss_ce=1.3049 | loss_supcon=0.0000 | mAP=0.4666
2026-06-02 02:30:29,060 | INFO | Epoch 40/70 | loss=1.2987 | loss_ce=1.2987 | loss_supcon=0.0000 | mAP=0.4738
2026-06-02 02:30:43,988 | INFO | Epoch 41/70 | loss=1.2831 | loss_ce=1.2831 | loss_supcon=0.0000 | mAP=0.4738
2026-06-02 02:30:59,051 | INFO | Epoch 42/70 | loss=1.2816 | loss_ce=1.2816 | loss_supcon=0.0000 | mAP=0.4738
2026-06-02 02:31:14,412 | INFO | Epoch 43/70 | loss=1.2567 | loss_ce=1.2567 | loss_supcon=0.0000 | mAP=0.4738
2026-06-02 02:31:29,469 | INFO | Epoch 44/70 | loss=1.2432 | loss_ce=1.2432 | loss_supcon=0.0000 | mAP=0.4738
2026-06-02 02:31:44,640 | INFO | Epoch 45/70 | loss=1.2395 | loss_ce=1.2395 | loss_supcon=0.0000 | mAP=0.4738
2026-06-02 02:31:59,768 | INFO | Epoch 46/70 | loss=1.2321 | loss_ce=1.2321 | loss_supcon=0.0000 | mAP=0.4738
2026-06-02 02:32:15,160 | INFO | Epoch 47/70 | loss=1.2219 | loss_ce=1.2219 | loss_supcon=0.0000 | mAP=0.4738
2026-06-02 02:32:30,389 | INFO | Epoch 48/70 | loss=1.2150 | loss_ce=1.2150 | loss_supcon=0.0000 | mAP=0.4738
2026-06-02 02:32:45,415 | INFO | Epoch 49/70 | loss=1.2073 | loss_ce=1.2073 | loss_supcon=0.0000 | mAP=0.4738
2026-06-02 02:33:30,849 | INFO | Epoch 50/70 | loss=1.2087 | loss_ce=1.2087 | loss_supcon=0.0000 | mAP=0.4738
2026-06-02 02:33:46,613 | INFO | Epoch 51/70 | loss=1.1989 | loss_ce=1.1989 | loss_supcon=0.0000 | mAP=0.4738
2026-06-02 02:34:01,992 | INFO | Epoch 52/70 | loss=1.1863 | loss_ce=1.1863 | loss_supcon=0.0000 | mAP=0.4738
2026-06-02 02:34:17,724 | INFO | Epoch 53/70 | loss=1.1899 | loss_ce=1.1899 | loss_supcon=0.0000 | mAP=0.4738
2026-06-02 02:34:33,185 | INFO | Epoch 54/70 | loss=1.1861 | loss_ce=1.1861 | loss_supcon=0.0000 | mAP=0.4738
2026-06-02 02:34:48,415 | INFO | Epoch 55/70 | loss=1.1697 | loss_ce=1.1697 | loss_supcon=0.0000 | mAP=0.4738
2026-06-02 02:35:04,045 | INFO | Epoch 56/70 | loss=1.1662 | loss_ce=1.1662 | loss_supcon=0.0000 | mAP=0.4738
2026-06-02 02:35:19,359 | INFO | Epoch 57/70 | loss=1.1655 | loss_ce=1.1655 | loss_supcon=0.0000 | mAP=0.4738
2026-06-02 02:35:34,625 | INFO | Epoch 58/70 | loss=1.1585 | loss_ce=1.1585 | loss_supcon=0.0000 | mAP=0.4738
2026-06-02 02:35:50,028 | INFO | Epoch 59/70 | loss=1.1505 | loss_ce=1.1505 | loss_supcon=0.0000 | mAP=0.4738
2026-06-02 02:36:34,588 | INFO | Epoch 60/70 | loss=1.1582 | loss_ce=1.1582 | loss_supcon=0.0000 | mAP=0.4738
2026-06-02 02:36:49,787 | INFO | Epoch 61/70 | loss=1.1458 | loss_ce=1.1458 | loss_supcon=0.0000 | mAP=0.4738
2026-06-02 02:37:04,757 | INFO | Epoch 62/70 | loss=1.1459 | loss_ce=1.1459 | loss_supcon=0.0000 | mAP=0.4738
2026-06-02 02:37:19,894 | INFO | Epoch 63/70 | loss=1.1486 | loss_ce=1.1486 | loss_supcon=0.0000 | mAP=0.4738
2026-06-02 02:37:34,975 | INFO | Epoch 64/70 | loss=1.1442 | loss_ce=1.1442 | loss_supcon=0.0000 | mAP=0.4738
2026-06-02 02:37:50,040 | INFO | Epoch 65/70 | loss=1.1378 | loss_ce=1.1378 | loss_supcon=0.0000 | mAP=0.4738
2026-06-02 02:38:05,282 | INFO | Epoch 66/70 | loss=1.1467 | loss_ce=1.1467 | loss_supcon=0.0000 | mAP=0.4738
2026-06-02 02:38:20,395 | INFO | Epoch 67/70 | loss=1.1377 | loss_ce=1.1377 | loss_supcon=0.0000 | mAP=0.4738
2026-06-02 02:38:35,767 | INFO | Epoch 68/70 | loss=1.1353 | loss_ce=1.1353 | loss_supcon=0.0000 | mAP=0.4738
2026-06-02 02:38:50,935 | INFO | Epoch 69/70 | loss=1.1426 | loss_ce=1.1426 | loss_supcon=0.0000 | mAP=0.4738
2026-06-02 02:39:36,544 | INFO | Epoch 70/70 | loss=1.1407 | loss_ce=1.1407 | loss_supcon=0.0000 | mAP=0.4738
