2026-05-31 09:15:09,631 | INFO | Config: /workspace/Computer_Vision_Project/configs/ablation/abl_freeze_clip.yaml
2026-05-31 09:15:09,634 | INFO | Output dir: /workspace/Computer_Vision_Project/outputs/abl_freeze_clip/seed_42
2026-05-31 09:15:09,636 | INFO | Log file: /workspace/Computer_Vision_Project/outputs/abl_freeze_clip/seed_42/logs/train_20260531_091509.log
2026-05-31 09:15:09,638 | INFO | Seed: 42
2026-05-31 09:15:24,235 | INFO | Epoch 1/70 | loss=10.9140 | loss_ce=6.5036 | loss_supcon=4.4104 | mAP=0.0000
2026-05-31 09:15:37,041 | INFO | Epoch 2/70 | loss=10.0846 | loss_ce=6.2997 | loss_supcon=3.7849 | mAP=0.0000
2026-05-31 09:15:49,974 | INFO | Epoch 3/70 | loss=9.3923 | loss_ce=5.9484 | loss_supcon=3.4439 | mAP=0.0000
2026-05-31 09:16:02,456 | INFO | Epoch 4/70 | loss=8.8027 | loss_ce=5.5875 | loss_supcon=3.2152 | mAP=0.0000
2026-05-31 09:16:14,797 | INFO | Epoch 5/70 | loss=8.2803 | loss_ce=5.2529 | loss_supcon=3.0275 | mAP=0.0000
2026-05-31 09:16:27,484 | INFO | Epoch 6/70 | loss=7.8705 | loss_ce=4.9225 | loss_supcon=2.9480 | mAP=0.0000
2026-05-31 09:16:39,764 | INFO | Epoch 7/70 | loss=7.5783 | loss_ce=4.6501 | loss_supcon=2.9282 | mAP=0.0000
2026-05-31 09:16:52,333 | INFO | Epoch 8/70 | loss=7.1507 | loss_ce=4.3194 | loss_supcon=2.8313 | mAP=0.0000
2026-05-31 09:17:05,452 | INFO | Epoch 9/70 | loss=6.8525 | loss_ce=4.0333 | loss_supcon=2.8193 | mAP=0.0000
2026-05-31 09:17:48,116 | INFO | Epoch 10/70 | loss=6.5069 | loss_ce=3.7447 | loss_supcon=2.7623 | mAP=0.4220
2026-05-31 09:18:01,313 | INFO | Epoch 11/70 | loss=6.2153 | loss_ce=3.4917 | loss_supcon=2.7235 | mAP=0.4220
2026-05-31 09:18:14,071 | INFO | Epoch 12/70 | loss=5.9751 | loss_ce=3.2175 | loss_supcon=2.7576 | mAP=0.4220
2026-05-31 09:18:27,293 | INFO | Epoch 13/70 | loss=5.7207 | loss_ce=3.0114 | loss_supcon=2.7093 | mAP=0.4220
2026-05-31 09:18:40,112 | INFO | Epoch 14/70 | loss=5.5140 | loss_ce=2.8436 | loss_supcon=2.6704 | mAP=0.4220
2026-05-31 09:18:52,813 | INFO | Epoch 15/70 | loss=5.3448 | loss_ce=2.6957 | loss_supcon=2.6491 | mAP=0.4220
2026-05-31 09:19:05,852 | INFO | Epoch 16/70 | loss=5.1594 | loss_ce=2.5295 | loss_supcon=2.6299 | mAP=0.4220
2026-05-31 09:19:18,415 | INFO | Epoch 17/70 | loss=5.0186 | loss_ce=2.4231 | loss_supcon=2.5955 | mAP=0.4220
2026-05-31 09:19:31,159 | INFO | Epoch 18/70 | loss=4.8967 | loss_ce=2.3157 | loss_supcon=2.5810 | mAP=0.4220
2026-05-31 09:19:43,863 | INFO | Epoch 19/70 | loss=4.8410 | loss_ce=2.2573 | loss_supcon=2.5837 | mAP=0.4220
2026-05-31 09:20:24,870 | INFO | Epoch 20/70 | loss=4.6977 | loss_ce=2.1643 | loss_supcon=2.5334 | mAP=0.5237
2026-05-31 09:20:38,166 | INFO | Epoch 21/70 | loss=4.6191 | loss_ce=2.0893 | loss_supcon=2.5298 | mAP=0.5237
2026-05-31 09:20:51,348 | INFO | Epoch 22/70 | loss=4.5480 | loss_ce=2.0413 | loss_supcon=2.5067 | mAP=0.5237
2026-05-31 09:21:04,262 | INFO | Epoch 23/70 | loss=4.4685 | loss_ce=1.9901 | loss_supcon=2.4784 | mAP=0.5237
2026-05-31 09:21:16,932 | INFO | Epoch 24/70 | loss=4.4236 | loss_ce=1.9559 | loss_supcon=2.4678 | mAP=0.5237
2026-05-31 09:21:29,878 | INFO | Epoch 25/70 | loss=4.3521 | loss_ce=1.9031 | loss_supcon=2.4490 | mAP=0.5237
2026-05-31 09:21:42,299 | INFO | Epoch 26/70 | loss=4.3108 | loss_ce=1.8819 | loss_supcon=2.4288 | mAP=0.5237
2026-05-31 09:21:54,963 | INFO | Epoch 27/70 | loss=4.2396 | loss_ce=1.8309 | loss_supcon=2.4087 | mAP=0.5237
2026-05-31 09:22:07,947 | INFO | Epoch 28/70 | loss=4.2119 | loss_ce=1.8115 | loss_supcon=2.4005 | mAP=0.5237
2026-05-31 09:22:20,692 | INFO | Epoch 29/70 | loss=4.1598 | loss_ce=1.7857 | loss_supcon=2.3742 | mAP=0.5237
2026-05-31 09:23:02,712 | INFO | Epoch 30/70 | loss=4.0868 | loss_ce=1.7215 | loss_supcon=2.3653 | mAP=0.5456
2026-05-31 09:23:15,748 | INFO | Epoch 31/70 | loss=4.0547 | loss_ce=1.7084 | loss_supcon=2.3463 | mAP=0.5456
2026-05-31 09:23:28,847 | INFO | Epoch 32/70 | loss=4.0516 | loss_ce=1.6987 | loss_supcon=2.3529 | mAP=0.5456
2026-05-31 09:23:42,051 | INFO | Epoch 33/70 | loss=3.9984 | loss_ce=1.6634 | loss_supcon=2.3350 | mAP=0.5456
2026-05-31 09:23:54,454 | INFO | Epoch 34/70 | loss=3.9458 | loss_ce=1.6270 | loss_supcon=2.3188 | mAP=0.5456
2026-05-31 09:24:07,127 | INFO | Epoch 35/70 | loss=3.9356 | loss_ce=1.6229 | loss_supcon=2.3127 | mAP=0.5456
2026-05-31 09:24:20,212 | INFO | Epoch 36/70 | loss=3.8741 | loss_ce=1.5817 | loss_supcon=2.2924 | mAP=0.5456
2026-05-31 09:24:32,763 | INFO | Epoch 37/70 | loss=3.8443 | loss_ce=1.5539 | loss_supcon=2.2904 | mAP=0.5456
2026-05-31 09:24:45,240 | INFO | Epoch 38/70 | loss=3.7968 | loss_ce=1.5404 | loss_supcon=2.2564 | mAP=0.5456
2026-05-31 09:24:57,725 | INFO | Epoch 39/70 | loss=3.7705 | loss_ce=1.5205 | loss_supcon=2.2500 | mAP=0.5456
2026-05-31 09:25:38,053 | INFO | Epoch 40/70 | loss=3.7422 | loss_ce=1.4970 | loss_supcon=2.2452 | mAP=0.5904
2026-05-31 09:25:51,150 | INFO | Epoch 41/70 | loss=3.7116 | loss_ce=1.4763 | loss_supcon=2.2353 | mAP=0.5904
2026-05-31 09:26:03,994 | INFO | Epoch 42/70 | loss=3.7067 | loss_ce=1.4700 | loss_supcon=2.2367 | mAP=0.5904
2026-05-31 09:26:17,173 | INFO | Epoch 43/70 | loss=3.6622 | loss_ce=1.4510 | loss_supcon=2.2112 | mAP=0.5904
2026-05-31 09:26:29,652 | INFO | Epoch 44/70 | loss=3.6602 | loss_ce=1.4441 | loss_supcon=2.2161 | mAP=0.5904
2026-05-31 09:26:42,321 | INFO | Epoch 45/70 | loss=3.6119 | loss_ce=1.4152 | loss_supcon=2.1967 | mAP=0.5904
2026-05-31 09:26:55,158 | INFO | Epoch 46/70 | loss=3.6013 | loss_ce=1.3983 | loss_supcon=2.2031 | mAP=0.5904
2026-05-31 09:27:07,798 | INFO | Epoch 47/70 | loss=3.5877 | loss_ce=1.3929 | loss_supcon=2.1948 | mAP=0.5904
2026-05-31 09:27:20,541 | INFO | Epoch 48/70 | loss=3.5595 | loss_ce=1.3725 | loss_supcon=2.1870 | mAP=0.5904
2026-05-31 09:27:32,956 | INFO | Epoch 49/70 | loss=3.5555 | loss_ce=1.3720 | loss_supcon=2.1835 | mAP=0.5904
2026-05-31 09:28:12,886 | INFO | Epoch 50/70 | loss=3.5359 | loss_ce=1.3519 | loss_supcon=2.1840 | mAP=0.6232
2026-05-31 09:28:25,996 | INFO | Epoch 51/70 | loss=3.5115 | loss_ce=1.3416 | loss_supcon=2.1698 | mAP=0.6232
2026-05-31 09:28:38,555 | INFO | Epoch 52/70 | loss=3.4801 | loss_ce=1.3203 | loss_supcon=2.1598 | mAP=0.6232
2026-05-31 09:28:51,736 | INFO | Epoch 53/70 | loss=3.4909 | loss_ce=1.3253 | loss_supcon=2.1656 | mAP=0.6232
2026-05-31 09:29:04,578 | INFO | Epoch 54/70 | loss=3.4673 | loss_ce=1.3106 | loss_supcon=2.1567 | mAP=0.6232
2026-05-31 09:29:17,529 | INFO | Epoch 55/70 | loss=3.4569 | loss_ce=1.3057 | loss_supcon=2.1512 | mAP=0.6232
2026-05-31 09:29:30,346 | INFO | Epoch 56/70 | loss=3.4484 | loss_ce=1.3001 | loss_supcon=2.1483 | mAP=0.6232
2026-05-31 09:29:42,633 | INFO | Epoch 57/70 | loss=3.4508 | loss_ce=1.2965 | loss_supcon=2.1543 | mAP=0.6232
2026-05-31 09:29:54,756 | INFO | Epoch 58/70 | loss=3.4253 | loss_ce=1.2866 | loss_supcon=2.1387 | mAP=0.6232
2026-05-31 09:30:07,072 | INFO | Epoch 59/70 | loss=3.4226 | loss_ce=1.2822 | loss_supcon=2.1404 | mAP=0.6232
2026-05-31 09:30:46,552 | INFO | Epoch 60/70 | loss=3.4063 | loss_ce=1.2711 | loss_supcon=2.1351 | mAP=0.6413
2026-05-31 09:30:59,211 | INFO | Epoch 61/70 | loss=3.4170 | loss_ce=1.2720 | loss_supcon=2.1451 | mAP=0.6413
2026-05-31 09:31:11,565 | INFO | Epoch 62/70 | loss=3.3943 | loss_ce=1.2623 | loss_supcon=2.1321 | mAP=0.6413
2026-05-31 09:31:24,056 | INFO | Epoch 63/70 | loss=3.4002 | loss_ce=1.2656 | loss_supcon=2.1346 | mAP=0.6413
2026-05-31 09:31:36,458 | INFO | Epoch 64/70 | loss=3.3873 | loss_ce=1.2619 | loss_supcon=2.1253 | mAP=0.6413
2026-05-31 09:31:48,542 | INFO | Epoch 65/70 | loss=3.3944 | loss_ce=1.2657 | loss_supcon=2.1287 | mAP=0.6413
2026-05-31 09:32:00,812 | INFO | Epoch 66/70 | loss=3.3968 | loss_ce=1.2609 | loss_supcon=2.1358 | mAP=0.6413
2026-05-31 09:32:12,912 | INFO | Epoch 67/70 | loss=3.3768 | loss_ce=1.2526 | loss_supcon=2.1242 | mAP=0.6413
2026-05-31 09:32:24,993 | INFO | Epoch 68/70 | loss=3.3741 | loss_ce=1.2490 | loss_supcon=2.1251 | mAP=0.6413
2026-05-31 09:32:37,256 | INFO | Epoch 69/70 | loss=3.3835 | loss_ce=1.2563 | loss_supcon=2.1272 | mAP=0.6413
2026-05-31 09:33:16,237 | INFO | Epoch 70/70 | loss=3.3724 | loss_ce=1.2489 | loss_supcon=2.1235 | mAP=0.6441
