2026-05-31 10:51:56,044 | INFO | Config: /workspace/Computer_Vision_Project/configs/ablation/abl_no_afem.yaml
2026-05-31 10:51:56,045 | INFO | Output dir: /workspace/Computer_Vision_Project/outputs/abl_no_afem/seed_3407
2026-05-31 10:51:56,046 | INFO | Log file: /workspace/Computer_Vision_Project/outputs/abl_no_afem/seed_3407/logs/train_20260531_105156.log
2026-05-31 10:51:56,047 | INFO | Seed: 3407
2026-05-31 10:52:14,364 | INFO | Epoch 1/70 | loss=11.0141 | loss_ce=6.4971 | loss_supcon=4.5170 | mAP=0.0000
2026-05-31 10:52:29,591 | INFO | Epoch 2/70 | loss=10.0565 | loss_ce=6.2849 | loss_supcon=3.7716 | mAP=0.0000
2026-05-31 10:52:44,842 | INFO | Epoch 3/70 | loss=9.3460 | loss_ce=5.9385 | loss_supcon=3.4075 | mAP=0.0000
2026-05-31 10:53:00,228 | INFO | Epoch 4/70 | loss=8.6329 | loss_ce=5.5507 | loss_supcon=3.0822 | mAP=0.0000
2026-05-31 10:53:15,373 | INFO | Epoch 5/70 | loss=8.0629 | loss_ce=5.1608 | loss_supcon=2.9021 | mAP=0.0000
2026-05-31 10:53:30,421 | INFO | Epoch 6/70 | loss=7.6423 | loss_ce=4.8229 | loss_supcon=2.8194 | mAP=0.0000
2026-05-31 10:53:45,694 | INFO | Epoch 7/70 | loss=7.2029 | loss_ce=4.4612 | loss_supcon=2.7417 | mAP=0.0000
2026-05-31 10:54:00,790 | INFO | Epoch 8/70 | loss=6.8088 | loss_ce=4.1279 | loss_supcon=2.6810 | mAP=0.0000
2026-05-31 10:54:15,831 | INFO | Epoch 9/70 | loss=6.5559 | loss_ce=3.8230 | loss_supcon=2.7328 | mAP=0.0000
2026-05-31 10:54:59,511 | INFO | Epoch 10/70 | loss=6.2254 | loss_ce=3.5619 | loss_supcon=2.6636 | mAP=0.4817
2026-05-31 10:55:14,980 | INFO | Epoch 11/70 | loss=5.9211 | loss_ce=3.2489 | loss_supcon=2.6722 | mAP=0.4817
2026-05-31 10:55:30,457 | INFO | Epoch 12/70 | loss=5.6412 | loss_ce=3.0038 | loss_supcon=2.6374 | mAP=0.4817
2026-05-31 10:55:45,872 | INFO | Epoch 13/70 | loss=5.3591 | loss_ce=2.7557 | loss_supcon=2.6035 | mAP=0.4817
2026-05-31 10:56:00,847 | INFO | Epoch 14/70 | loss=5.2001 | loss_ce=2.6085 | loss_supcon=2.5915 | mAP=0.4817
2026-05-31 10:56:16,052 | INFO | Epoch 15/70 | loss=5.0171 | loss_ce=2.4387 | loss_supcon=2.5784 | mAP=0.4817
2026-05-31 10:56:31,295 | INFO | Epoch 16/70 | loss=4.8472 | loss_ce=2.3174 | loss_supcon=2.5299 | mAP=0.4817
2026-05-31 10:56:46,571 | INFO | Epoch 17/70 | loss=4.7532 | loss_ce=2.2411 | loss_supcon=2.5121 | mAP=0.4817
2026-05-31 10:57:01,941 | INFO | Epoch 18/70 | loss=4.6146 | loss_ce=2.1286 | loss_supcon=2.4860 | mAP=0.4817
2026-05-31 10:57:17,289 | INFO | Epoch 19/70 | loss=4.5682 | loss_ce=2.0666 | loss_supcon=2.5015 | mAP=0.4817
2026-05-31 10:57:59,557 | INFO | Epoch 20/70 | loss=4.4922 | loss_ce=2.0137 | loss_supcon=2.4785 | mAP=0.5621
2026-05-31 10:58:14,860 | INFO | Epoch 21/70 | loss=4.3842 | loss_ce=1.9414 | loss_supcon=2.4429 | mAP=0.5621
2026-05-31 10:58:29,953 | INFO | Epoch 22/70 | loss=4.3708 | loss_ce=1.9280 | loss_supcon=2.4428 | mAP=0.5621
2026-05-31 10:58:45,330 | INFO | Epoch 23/70 | loss=4.2831 | loss_ce=1.8526 | loss_supcon=2.4306 | mAP=0.5621
2026-05-31 10:59:00,664 | INFO | Epoch 24/70 | loss=4.2094 | loss_ce=1.8135 | loss_supcon=2.3959 | mAP=0.5621
2026-05-31 10:59:15,932 | INFO | Epoch 25/70 | loss=4.1459 | loss_ce=1.7707 | loss_supcon=2.3753 | mAP=0.5621
2026-05-31 10:59:31,397 | INFO | Epoch 26/70 | loss=4.1474 | loss_ce=1.7798 | loss_supcon=2.3676 | mAP=0.5621
2026-05-31 10:59:46,638 | INFO | Epoch 27/70 | loss=4.0807 | loss_ce=1.7212 | loss_supcon=2.3595 | mAP=0.5621
2026-05-31 11:00:01,933 | INFO | Epoch 28/70 | loss=4.0162 | loss_ce=1.6733 | loss_supcon=2.3429 | mAP=0.5621
2026-05-31 11:00:17,355 | INFO | Epoch 29/70 | loss=3.9934 | loss_ce=1.6644 | loss_supcon=2.3290 | mAP=0.5621
2026-05-31 11:00:59,778 | INFO | Epoch 30/70 | loss=3.9922 | loss_ce=1.6529 | loss_supcon=2.3393 | mAP=0.5980
2026-05-31 11:01:15,146 | INFO | Epoch 31/70 | loss=3.9271 | loss_ce=1.6084 | loss_supcon=2.3187 | mAP=0.5980
2026-05-31 11:01:30,420 | INFO | Epoch 32/70 | loss=3.8861 | loss_ce=1.5848 | loss_supcon=2.3012 | mAP=0.5980
2026-05-31 11:01:45,779 | INFO | Epoch 33/70 | loss=3.8470 | loss_ce=1.5555 | loss_supcon=2.2914 | mAP=0.5980
2026-05-31 11:02:00,945 | INFO | Epoch 34/70 | loss=3.8091 | loss_ce=1.5270 | loss_supcon=2.2821 | mAP=0.5980
2026-05-31 11:02:16,338 | INFO | Epoch 35/70 | loss=3.7914 | loss_ce=1.5150 | loss_supcon=2.2764 | mAP=0.5980
2026-05-31 11:02:31,378 | INFO | Epoch 36/70 | loss=3.7797 | loss_ce=1.4940 | loss_supcon=2.2858 | mAP=0.5980
2026-05-31 11:02:46,513 | INFO | Epoch 37/70 | loss=3.7116 | loss_ce=1.4583 | loss_supcon=2.2534 | mAP=0.5980
2026-05-31 11:03:02,000 | INFO | Epoch 38/70 | loss=3.7015 | loss_ce=1.4689 | loss_supcon=2.2326 | mAP=0.5980
2026-05-31 11:03:17,481 | INFO | Epoch 39/70 | loss=3.6998 | loss_ce=1.4469 | loss_supcon=2.2529 | mAP=0.5980
2026-05-31 11:04:00,058 | INFO | Epoch 40/70 | loss=3.6779 | loss_ce=1.4330 | loss_supcon=2.2449 | mAP=0.6332
2026-05-31 11:04:15,412 | INFO | Epoch 41/70 | loss=3.6069 | loss_ce=1.4023 | loss_supcon=2.2046 | mAP=0.6332
2026-05-31 11:04:31,044 | INFO | Epoch 42/70 | loss=3.6324 | loss_ce=1.3965 | loss_supcon=2.2359 | mAP=0.6332
2026-05-31 11:04:46,211 | INFO | Epoch 43/70 | loss=3.5695 | loss_ce=1.3684 | loss_supcon=2.2011 | mAP=0.6332
2026-05-31 11:05:01,426 | INFO | Epoch 44/70 | loss=3.5695 | loss_ce=1.3705 | loss_supcon=2.1991 | mAP=0.6332
2026-05-31 11:05:17,380 | INFO | Epoch 45/70 | loss=3.5530 | loss_ce=1.3571 | loss_supcon=2.1959 | mAP=0.6332
2026-05-31 11:05:32,619 | INFO | Epoch 46/70 | loss=3.5347 | loss_ce=1.3352 | loss_supcon=2.1995 | mAP=0.6332
2026-05-31 11:05:48,014 | INFO | Epoch 47/70 | loss=3.5015 | loss_ce=1.3157 | loss_supcon=2.1857 | mAP=0.6332
2026-05-31 11:06:03,812 | INFO | Epoch 48/70 | loss=3.4782 | loss_ce=1.3058 | loss_supcon=2.1725 | mAP=0.6332
2026-05-31 11:06:19,311 | INFO | Epoch 49/70 | loss=3.4820 | loss_ce=1.3037 | loss_supcon=2.1782 | mAP=0.6332
2026-05-31 11:07:01,510 | INFO | Epoch 50/70 | loss=3.4628 | loss_ce=1.2937 | loss_supcon=2.1691 | mAP=0.6576
2026-05-31 11:07:17,123 | INFO | Epoch 51/70 | loss=3.4485 | loss_ce=1.2866 | loss_supcon=2.1619 | mAP=0.6576
2026-05-31 11:07:32,558 | INFO | Epoch 52/70 | loss=3.4105 | loss_ce=1.2625 | loss_supcon=2.1480 | mAP=0.6576
2026-05-31 11:07:47,965 | INFO | Epoch 53/70 | loss=3.4221 | loss_ce=1.2759 | loss_supcon=2.1462 | mAP=0.6576
2026-05-31 11:08:03,211 | INFO | Epoch 54/70 | loss=3.4196 | loss_ce=1.2628 | loss_supcon=2.1568 | mAP=0.6576
2026-05-31 11:08:18,664 | INFO | Epoch 55/70 | loss=3.4009 | loss_ce=1.2484 | loss_supcon=2.1525 | mAP=0.6576
2026-05-31 11:08:33,869 | INFO | Epoch 56/70 | loss=3.3764 | loss_ce=1.2398 | loss_supcon=2.1366 | mAP=0.6576
2026-05-31 11:08:49,432 | INFO | Epoch 57/70 | loss=3.3893 | loss_ce=1.2437 | loss_supcon=2.1456 | mAP=0.6576
2026-05-31 11:09:04,792 | INFO | Epoch 58/70 | loss=3.3658 | loss_ce=1.2294 | loss_supcon=2.1364 | mAP=0.6576
2026-05-31 11:09:20,210 | INFO | Epoch 59/70 | loss=3.3770 | loss_ce=1.2358 | loss_supcon=2.1412 | mAP=0.6576
2026-05-31 11:10:01,891 | INFO | Epoch 60/70 | loss=3.3542 | loss_ce=1.2225 | loss_supcon=2.1317 | mAP=0.6672
2026-05-31 11:10:17,146 | INFO | Epoch 61/70 | loss=3.3656 | loss_ce=1.2276 | loss_supcon=2.1380 | mAP=0.6672
2026-05-31 11:10:32,411 | INFO | Epoch 62/70 | loss=3.3506 | loss_ce=1.2228 | loss_supcon=2.1278 | mAP=0.6672
2026-05-31 11:10:47,811 | INFO | Epoch 63/70 | loss=3.3604 | loss_ce=1.2204 | loss_supcon=2.1400 | mAP=0.6672
2026-05-31 11:11:03,136 | INFO | Epoch 64/70 | loss=3.3484 | loss_ce=1.2136 | loss_supcon=2.1348 | mAP=0.6672
2026-05-31 11:11:18,212 | INFO | Epoch 65/70 | loss=3.3398 | loss_ce=1.2081 | loss_supcon=2.1316 | mAP=0.6672
2026-05-31 11:11:33,495 | INFO | Epoch 66/70 | loss=3.3416 | loss_ce=1.2127 | loss_supcon=2.1289 | mAP=0.6672
2026-05-31 11:11:48,854 | INFO | Epoch 67/70 | loss=3.3247 | loss_ce=1.2022 | loss_supcon=2.1226 | mAP=0.6672
2026-05-31 11:12:04,392 | INFO | Epoch 68/70 | loss=3.3350 | loss_ce=1.2084 | loss_supcon=2.1266 | mAP=0.6672
2026-05-31 11:12:19,591 | INFO | Epoch 69/70 | loss=3.3151 | loss_ce=1.1983 | loss_supcon=2.1167 | mAP=0.6672
2026-05-31 11:13:02,023 | INFO | Epoch 70/70 | loss=3.3344 | loss_ce=1.2101 | loss_supcon=2.1242 | mAP=0.6704
