2026-05-31 08:17:30,101 | INFO | Config: /workspace/Computer_Vision_Project/configs/ablation/abl_baseline.yaml
2026-05-31 08:17:30,111 | INFO | Output dir: /workspace/Computer_Vision_Project/outputs/baseline/seed_42
2026-05-31 08:17:30,112 | INFO | Log file: /workspace/Computer_Vision_Project/outputs/baseline/seed_42/logs/train_20260531_081730.log
2026-05-31 08:17:30,113 | INFO | Seed: 42
2026-05-31 08:17:42,745 | INFO | Epoch 1/70 | loss=11.0990 | loss_ce=6.4966 | loss_supcon=4.6025 | mAP=0.0000
2026-05-31 08:17:53,363 | INFO | Epoch 2/70 | loss=10.3254 | loss_ce=6.3498 | loss_supcon=3.9756 | mAP=0.0000
2026-05-31 08:18:03,890 | INFO | Epoch 3/70 | loss=9.7419 | loss_ce=6.0938 | loss_supcon=3.6481 | mAP=0.0000
2026-05-31 08:18:14,125 | INFO | Epoch 4/70 | loss=9.1661 | loss_ce=5.7731 | loss_supcon=3.3930 | mAP=0.0000
2026-05-31 08:18:24,649 | INFO | Epoch 5/70 | loss=8.6729 | loss_ce=5.4477 | loss_supcon=3.2253 | mAP=0.0000
2026-05-31 08:18:34,910 | INFO | Epoch 6/70 | loss=8.1997 | loss_ce=5.1322 | loss_supcon=3.0675 | mAP=0.0000
2026-05-31 08:18:45,314 | INFO | Epoch 7/70 | loss=7.8465 | loss_ce=4.8349 | loss_supcon=3.0116 | mAP=0.0000
2026-05-31 08:18:55,466 | INFO | Epoch 8/70 | loss=7.4097 | loss_ce=4.5060 | loss_supcon=2.9036 | mAP=0.0000
2026-05-31 08:19:05,686 | INFO | Epoch 9/70 | loss=7.0782 | loss_ce=4.2204 | loss_supcon=2.8577 | mAP=0.0000
2026-05-31 08:19:50,864 | INFO | Epoch 10/70 | loss=6.7474 | loss_ce=3.9221 | loss_supcon=2.8253 | mAP=0.3889
2026-05-31 08:20:02,118 | INFO | Epoch 11/70 | loss=6.4175 | loss_ce=3.6242 | loss_supcon=2.7933 | mAP=0.3889
2026-05-31 08:20:13,214 | INFO | Epoch 12/70 | loss=6.1304 | loss_ce=3.3463 | loss_supcon=2.7841 | mAP=0.3889
2026-05-31 08:20:23,720 | INFO | Epoch 13/70 | loss=5.7575 | loss_ce=3.0486 | loss_supcon=2.7090 | mAP=0.3889
2026-05-31 08:20:34,075 | INFO | Epoch 14/70 | loss=5.5926 | loss_ce=2.8882 | loss_supcon=2.7044 | mAP=0.3889
2026-05-31 08:20:44,357 | INFO | Epoch 15/70 | loss=5.4427 | loss_ce=2.7409 | loss_supcon=2.7018 | mAP=0.3889
2026-05-31 08:20:55,092 | INFO | Epoch 16/70 | loss=5.1966 | loss_ce=2.5498 | loss_supcon=2.6468 | mAP=0.3889
2026-05-31 08:21:05,757 | INFO | Epoch 17/70 | loss=5.0681 | loss_ce=2.4364 | loss_supcon=2.6317 | mAP=0.3889
2026-05-31 08:21:17,214 | INFO | Epoch 18/70 | loss=4.8772 | loss_ce=2.2775 | loss_supcon=2.5997 | mAP=0.3889
2026-05-31 08:21:27,943 | INFO | Epoch 19/70 | loss=4.8019 | loss_ce=2.2310 | loss_supcon=2.5709 | mAP=0.3889
2026-05-31 08:22:01,764 | INFO | Epoch 20/70 | loss=4.6758 | loss_ce=2.1288 | loss_supcon=2.5470 | mAP=0.4991
2026-05-31 08:22:12,576 | INFO | Epoch 21/70 | loss=4.6372 | loss_ce=2.0699 | loss_supcon=2.5673 | mAP=0.4991
2026-05-31 08:22:22,888 | INFO | Epoch 22/70 | loss=4.5550 | loss_ce=2.0126 | loss_supcon=2.5424 | mAP=0.4991
2026-05-31 08:22:33,000 | INFO | Epoch 23/70 | loss=4.4933 | loss_ce=1.9661 | loss_supcon=2.5273 | mAP=0.4991
2026-05-31 08:22:43,415 | INFO | Epoch 24/70 | loss=4.3935 | loss_ce=1.9068 | loss_supcon=2.4866 | mAP=0.4991
2026-05-31 08:22:53,371 | INFO | Epoch 25/70 | loss=4.3203 | loss_ce=1.8442 | loss_supcon=2.4762 | mAP=0.4991
2026-05-31 08:23:03,374 | INFO | Epoch 26/70 | loss=4.2687 | loss_ce=1.8148 | loss_supcon=2.4539 | mAP=0.4991
2026-05-31 08:23:13,811 | INFO | Epoch 27/70 | loss=4.2590 | loss_ce=1.7923 | loss_supcon=2.4666 | mAP=0.4991
2026-05-31 08:23:24,389 | INFO | Epoch 28/70 | loss=4.1962 | loss_ce=1.7485 | loss_supcon=2.4477 | mAP=0.4991
2026-05-31 08:23:34,931 | INFO | Epoch 29/70 | loss=4.1455 | loss_ce=1.7367 | loss_supcon=2.4088 | mAP=0.4991
2026-05-31 08:24:16,789 | INFO | Epoch 30/70 | loss=4.0823 | loss_ce=1.6806 | loss_supcon=2.4017 | mAP=0.5568
2026-05-31 08:24:27,275 | INFO | Epoch 31/70 | loss=4.0150 | loss_ce=1.6343 | loss_supcon=2.3807 | mAP=0.5568
2026-05-31 08:24:38,596 | INFO | Epoch 32/70 | loss=4.0359 | loss_ce=1.6412 | loss_supcon=2.3948 | mAP=0.5568
2026-05-31 08:24:49,391 | INFO | Epoch 33/70 | loss=3.9580 | loss_ce=1.5921 | loss_supcon=2.3659 | mAP=0.5568
2026-05-31 08:24:59,811 | INFO | Epoch 34/70 | loss=3.9130 | loss_ce=1.5641 | loss_supcon=2.3489 | mAP=0.5568
2026-05-31 08:25:10,211 | INFO | Epoch 35/70 | loss=3.8793 | loss_ce=1.5469 | loss_supcon=2.3324 | mAP=0.5568
2026-05-31 08:25:20,967 | INFO | Epoch 36/70 | loss=3.8568 | loss_ce=1.5389 | loss_supcon=2.3179 | mAP=0.5568
2026-05-31 08:25:31,799 | INFO | Epoch 37/70 | loss=3.8465 | loss_ce=1.5085 | loss_supcon=2.3379 | mAP=0.5568
2026-05-31 08:25:42,044 | INFO | Epoch 38/70 | loss=3.7802 | loss_ce=1.4919 | loss_supcon=2.2883 | mAP=0.5568
2026-05-31 08:25:52,511 | INFO | Epoch 39/70 | loss=3.7759 | loss_ce=1.4761 | loss_supcon=2.2998 | mAP=0.5568
2026-05-31 08:26:30,780 | INFO | Epoch 40/70 | loss=3.7285 | loss_ce=1.4440 | loss_supcon=2.2845 | mAP=0.5923
2026-05-31 08:26:41,527 | INFO | Epoch 41/70 | loss=3.7074 | loss_ce=1.4359 | loss_supcon=2.2715 | mAP=0.5923
2026-05-31 08:26:52,400 | INFO | Epoch 42/70 | loss=3.6931 | loss_ce=1.4203 | loss_supcon=2.2728 | mAP=0.5923
2026-05-31 08:27:04,014 | INFO | Epoch 43/70 | loss=3.6554 | loss_ce=1.4029 | loss_supcon=2.2525 | mAP=0.5923
2026-05-31 08:27:15,144 | INFO | Epoch 44/70 | loss=3.6354 | loss_ce=1.3841 | loss_supcon=2.2513 | mAP=0.5923
2026-05-31 08:27:25,955 | INFO | Epoch 45/70 | loss=3.6033 | loss_ce=1.3744 | loss_supcon=2.2289 | mAP=0.5923
2026-05-31 08:27:36,761 | INFO | Epoch 46/70 | loss=3.5992 | loss_ce=1.3640 | loss_supcon=2.2352 | mAP=0.5923
2026-05-31 08:27:47,727 | INFO | Epoch 47/70 | loss=3.5723 | loss_ce=1.3435 | loss_supcon=2.2288 | mAP=0.5923
2026-05-31 08:27:59,038 | INFO | Epoch 48/70 | loss=3.5676 | loss_ce=1.3482 | loss_supcon=2.2194 | mAP=0.5923
2026-05-31 08:28:09,848 | INFO | Epoch 49/70 | loss=3.5367 | loss_ce=1.3302 | loss_supcon=2.2065 | mAP=0.5923
2026-05-31 08:28:42,753 | INFO | Epoch 50/70 | loss=3.5473 | loss_ce=1.3209 | loss_supcon=2.2264 | mAP=0.6160
2026-05-31 08:28:52,966 | INFO | Epoch 51/70 | loss=3.5172 | loss_ce=1.3132 | loss_supcon=2.2040 | mAP=0.6160
2026-05-31 08:29:03,216 | INFO | Epoch 52/70 | loss=3.4887 | loss_ce=1.2935 | loss_supcon=2.1952 | mAP=0.6160
2026-05-31 08:29:13,754 | INFO | Epoch 53/70 | loss=3.5124 | loss_ce=1.3062 | loss_supcon=2.2062 | mAP=0.6160
2026-05-31 08:29:24,115 | INFO | Epoch 54/70 | loss=3.4758 | loss_ce=1.2800 | loss_supcon=2.1958 | mAP=0.6160
2026-05-31 08:29:34,858 | INFO | Epoch 55/70 | loss=3.4708 | loss_ce=1.2777 | loss_supcon=2.1931 | mAP=0.6160
2026-05-31 08:29:45,211 | INFO | Epoch 56/70 | loss=3.4601 | loss_ce=1.2757 | loss_supcon=2.1844 | mAP=0.6160
2026-05-31 08:29:55,770 | INFO | Epoch 57/70 | loss=3.4701 | loss_ce=1.2711 | loss_supcon=2.1990 | mAP=0.6160
2026-05-31 08:30:06,215 | INFO | Epoch 58/70 | loss=3.4262 | loss_ce=1.2613 | loss_supcon=2.1649 | mAP=0.6160
2026-05-31 08:30:15,731 | INFO | Epoch 59/70 | loss=3.4274 | loss_ce=1.2516 | loss_supcon=2.1759 | mAP=0.6160
2026-05-31 08:30:46,819 | INFO | Epoch 60/70 | loss=3.4066 | loss_ce=1.2398 | loss_supcon=2.1668 | mAP=0.6300
2026-05-31 08:30:56,751 | INFO | Epoch 61/70 | loss=3.4274 | loss_ce=1.2483 | loss_supcon=2.1791 | mAP=0.6300
2026-05-31 08:31:06,361 | INFO | Epoch 62/70 | loss=3.4129 | loss_ce=1.2412 | loss_supcon=2.1717 | mAP=0.6300
2026-05-31 08:31:15,969 | INFO | Epoch 63/70 | loss=3.4265 | loss_ce=1.2498 | loss_supcon=2.1767 | mAP=0.6300
2026-05-31 08:31:26,712 | INFO | Epoch 64/70 | loss=3.3925 | loss_ce=1.2343 | loss_supcon=2.1582 | mAP=0.6300
2026-05-31 08:31:36,688 | INFO | Epoch 65/70 | loss=3.3948 | loss_ce=1.2378 | loss_supcon=2.1570 | mAP=0.6300
2026-05-31 08:31:46,080 | INFO | Epoch 66/70 | loss=3.4204 | loss_ce=1.2469 | loss_supcon=2.1735 | mAP=0.6300
2026-05-31 08:31:55,361 | INFO | Epoch 67/70 | loss=3.3980 | loss_ce=1.2349 | loss_supcon=2.1631 | mAP=0.6300
2026-05-31 08:32:04,878 | INFO | Epoch 68/70 | loss=3.3938 | loss_ce=1.2336 | loss_supcon=2.1602 | mAP=0.6300
2026-05-31 08:32:14,311 | INFO | Epoch 69/70 | loss=3.3762 | loss_ce=1.2251 | loss_supcon=2.1510 | mAP=0.6300
2026-05-31 08:32:43,036 | INFO | Epoch 70/70 | loss=3.4069 | loss_ce=1.2374 | loss_supcon=2.1695 | mAP=0.6343
