2026-05-31 12:51:06,951 | INFO | Config: /workspace/Computer_Vision_Project/configs/ablation/abl_baseline.yaml
2026-05-31 12:51:06,952 | INFO | Output dir: /workspace/Computer_Vision_Project/outputs/baseline/seed_2023
2026-05-31 12:51:06,953 | INFO | Log file: /workspace/Computer_Vision_Project/outputs/baseline/seed_2023/logs/train_20260531_125106.log
2026-05-31 12:51:06,954 | INFO | Seed: 2023
2026-05-31 12:51:17,879 | INFO | Epoch 1/70 | loss=11.0893 | loss_ce=6.5095 | loss_supcon=4.5797 | mAP=0.0000
2026-05-31 12:51:27,876 | INFO | Epoch 2/70 | loss=10.3301 | loss_ce=6.3648 | loss_supcon=3.9653 | mAP=0.0000
2026-05-31 12:51:38,261 | INFO | Epoch 3/70 | loss=9.7409 | loss_ce=6.1041 | loss_supcon=3.6368 | mAP=0.0000
2026-05-31 12:51:48,054 | INFO | Epoch 4/70 | loss=9.1642 | loss_ce=5.7613 | loss_supcon=3.4029 | mAP=0.0000
2026-05-31 12:51:58,829 | INFO | Epoch 5/70 | loss=8.6244 | loss_ce=5.4312 | loss_supcon=3.1932 | mAP=0.0000
2026-05-31 12:52:08,975 | INFO | Epoch 6/70 | loss=8.1908 | loss_ce=5.1020 | loss_supcon=3.0888 | mAP=0.0000
2026-05-31 12:52:19,045 | INFO | Epoch 7/70 | loss=7.7661 | loss_ce=4.7895 | loss_supcon=2.9765 | mAP=0.0000
2026-05-31 12:52:28,663 | INFO | Epoch 8/70 | loss=7.3740 | loss_ce=4.4796 | loss_supcon=2.8943 | mAP=0.0000
2026-05-31 12:52:38,155 | INFO | Epoch 9/70 | loss=7.0947 | loss_ce=4.1886 | loss_supcon=2.9061 | mAP=0.0000
2026-05-31 12:53:12,641 | INFO | Epoch 10/70 | loss=6.7327 | loss_ce=3.9085 | loss_supcon=2.8242 | mAP=0.3900
2026-05-31 12:53:23,659 | INFO | Epoch 11/70 | loss=6.3991 | loss_ce=3.6101 | loss_supcon=2.7890 | mAP=0.3900
2026-05-31 12:53:33,700 | INFO | Epoch 12/70 | loss=6.0917 | loss_ce=3.3335 | loss_supcon=2.7582 | mAP=0.3900
2026-05-31 12:53:44,512 | INFO | Epoch 13/70 | loss=5.8081 | loss_ce=3.0778 | loss_supcon=2.7303 | mAP=0.3900
2026-05-31 12:53:54,787 | INFO | Epoch 14/70 | loss=5.6069 | loss_ce=2.8835 | loss_supcon=2.7234 | mAP=0.3900
2026-05-31 12:54:04,840 | INFO | Epoch 15/70 | loss=5.3789 | loss_ce=2.7175 | loss_supcon=2.6615 | mAP=0.3900
2026-05-31 12:54:14,886 | INFO | Epoch 16/70 | loss=5.1989 | loss_ce=2.5465 | loss_supcon=2.6524 | mAP=0.3900
2026-05-31 12:54:24,671 | INFO | Epoch 17/70 | loss=5.0510 | loss_ce=2.4198 | loss_supcon=2.6312 | mAP=0.3900
2026-05-31 12:54:34,122 | INFO | Epoch 18/70 | loss=4.9295 | loss_ce=2.2956 | loss_supcon=2.6338 | mAP=0.3900
2026-05-31 12:54:43,551 | INFO | Epoch 19/70 | loss=4.8254 | loss_ce=2.2096 | loss_supcon=2.6158 | mAP=0.3900
2026-05-31 12:55:14,967 | INFO | Epoch 20/70 | loss=4.7145 | loss_ce=2.1404 | loss_supcon=2.5741 | mAP=0.5066
2026-05-31 12:55:24,733 | INFO | Epoch 21/70 | loss=4.5818 | loss_ce=2.0350 | loss_supcon=2.5467 | mAP=0.5066
2026-05-31 12:55:34,447 | INFO | Epoch 22/70 | loss=4.5505 | loss_ce=2.0185 | loss_supcon=2.5319 | mAP=0.5066
2026-05-31 12:55:44,436 | INFO | Epoch 23/70 | loss=4.4817 | loss_ce=1.9651 | loss_supcon=2.5166 | mAP=0.5066
2026-05-31 12:55:54,331 | INFO | Epoch 24/70 | loss=4.3991 | loss_ce=1.9067 | loss_supcon=2.4923 | mAP=0.5066
2026-05-31 12:56:04,412 | INFO | Epoch 25/70 | loss=4.3401 | loss_ce=1.8641 | loss_supcon=2.4760 | mAP=0.5066
2026-05-31 12:56:14,112 | INFO | Epoch 26/70 | loss=4.2634 | loss_ce=1.8106 | loss_supcon=2.4529 | mAP=0.5066
2026-05-31 12:56:24,513 | INFO | Epoch 27/70 | loss=4.2113 | loss_ce=1.7721 | loss_supcon=2.4393 | mAP=0.5066
2026-05-31 12:56:35,058 | INFO | Epoch 28/70 | loss=4.1667 | loss_ce=1.7389 | loss_supcon=2.4278 | mAP=0.5066
2026-05-31 12:56:44,979 | INFO | Epoch 29/70 | loss=4.1381 | loss_ce=1.7195 | loss_supcon=2.4185 | mAP=0.5066
2026-05-31 12:57:16,494 | INFO | Epoch 30/70 | loss=4.1106 | loss_ce=1.6994 | loss_supcon=2.4112 | mAP=0.5605
2026-05-31 12:57:26,541 | INFO | Epoch 31/70 | loss=4.0187 | loss_ce=1.6315 | loss_supcon=2.3872 | mAP=0.5605
2026-05-31 12:57:36,195 | INFO | Epoch 32/70 | loss=3.9950 | loss_ce=1.6256 | loss_supcon=2.3694 | mAP=0.5605
2026-05-31 12:57:45,734 | INFO | Epoch 33/70 | loss=3.9708 | loss_ce=1.6016 | loss_supcon=2.3693 | mAP=0.5605
2026-05-31 12:57:55,302 | INFO | Epoch 34/70 | loss=3.9406 | loss_ce=1.5775 | loss_supcon=2.3631 | mAP=0.5605
2026-05-31 12:58:05,524 | INFO | Epoch 35/70 | loss=3.8911 | loss_ce=1.5606 | loss_supcon=2.3306 | mAP=0.5605
2026-05-31 12:58:14,848 | INFO | Epoch 36/70 | loss=3.8773 | loss_ce=1.5363 | loss_supcon=2.3410 | mAP=0.5605
2026-05-31 12:58:24,119 | INFO | Epoch 37/70 | loss=3.8176 | loss_ce=1.5111 | loss_supcon=2.3066 | mAP=0.5605
2026-05-31 12:58:33,414 | INFO | Epoch 38/70 | loss=3.7849 | loss_ce=1.4869 | loss_supcon=2.2980 | mAP=0.5605
2026-05-31 12:58:43,054 | INFO | Epoch 39/70 | loss=3.7810 | loss_ce=1.4841 | loss_supcon=2.2969 | mAP=0.5605
2026-05-31 12:59:14,870 | INFO | Epoch 40/70 | loss=3.7537 | loss_ce=1.4610 | loss_supcon=2.2927 | mAP=0.5853
2026-05-31 12:59:25,754 | INFO | Epoch 41/70 | loss=3.6976 | loss_ce=1.4342 | loss_supcon=2.2634 | mAP=0.5853
2026-05-31 12:59:35,512 | INFO | Epoch 42/70 | loss=3.6840 | loss_ce=1.4231 | loss_supcon=2.2609 | mAP=0.5853
2026-05-31 12:59:45,138 | INFO | Epoch 43/70 | loss=3.6480 | loss_ce=1.3959 | loss_supcon=2.2521 | mAP=0.5853
2026-05-31 12:59:55,034 | INFO | Epoch 44/70 | loss=3.6612 | loss_ce=1.3967 | loss_supcon=2.2645 | mAP=0.5853
2026-05-31 13:00:04,819 | INFO | Epoch 45/70 | loss=3.5963 | loss_ce=1.3656 | loss_supcon=2.2307 | mAP=0.5853
2026-05-31 13:00:14,784 | INFO | Epoch 46/70 | loss=3.6103 | loss_ce=1.3618 | loss_supcon=2.2485 | mAP=0.5853
2026-05-31 13:00:24,152 | INFO | Epoch 47/70 | loss=3.5691 | loss_ce=1.3460 | loss_supcon=2.2232 | mAP=0.5853
2026-05-31 13:00:33,932 | INFO | Epoch 48/70 | loss=3.5705 | loss_ce=1.3452 | loss_supcon=2.2253 | mAP=0.5853
2026-05-31 13:00:43,596 | INFO | Epoch 49/70 | loss=3.5687 | loss_ce=1.3456 | loss_supcon=2.2231 | mAP=0.5853
2026-05-31 13:01:15,115 | INFO | Epoch 50/70 | loss=3.5513 | loss_ce=1.3293 | loss_supcon=2.2220 | mAP=0.6094
2026-05-31 13:01:24,791 | INFO | Epoch 51/70 | loss=3.4993 | loss_ce=1.3033 | loss_supcon=2.1960 | mAP=0.6094
2026-05-31 13:01:34,755 | INFO | Epoch 52/70 | loss=3.4950 | loss_ce=1.3010 | loss_supcon=2.1941 | mAP=0.6094
2026-05-31 13:01:44,249 | INFO | Epoch 53/70 | loss=3.4843 | loss_ce=1.2941 | loss_supcon=2.1902 | mAP=0.6094
2026-05-31 13:01:53,696 | INFO | Epoch 54/70 | loss=3.4780 | loss_ce=1.2873 | loss_supcon=2.1907 | mAP=0.6094
2026-05-31 13:02:03,343 | INFO | Epoch 55/70 | loss=3.4427 | loss_ce=1.2697 | loss_supcon=2.1730 | mAP=0.6094
2026-05-31 13:02:12,649 | INFO | Epoch 56/70 | loss=3.4644 | loss_ce=1.2791 | loss_supcon=2.1853 | mAP=0.6094
2026-05-31 13:02:22,241 | INFO | Epoch 57/70 | loss=3.4594 | loss_ce=1.2736 | loss_supcon=2.1857 | mAP=0.6094
2026-05-31 13:02:31,411 | INFO | Epoch 58/70 | loss=3.4337 | loss_ce=1.2585 | loss_supcon=2.1752 | mAP=0.6094
2026-05-31 13:02:40,965 | INFO | Epoch 59/70 | loss=3.4246 | loss_ce=1.2541 | loss_supcon=2.1706 | mAP=0.6094
2026-05-31 13:03:11,865 | INFO | Epoch 60/70 | loss=3.4315 | loss_ce=1.2527 | loss_supcon=2.1789 | mAP=0.6263
2026-05-31 13:03:21,702 | INFO | Epoch 61/70 | loss=3.4095 | loss_ce=1.2429 | loss_supcon=2.1666 | mAP=0.6263
2026-05-31 13:03:31,302 | INFO | Epoch 62/70 | loss=3.4184 | loss_ce=1.2451 | loss_supcon=2.1733 | mAP=0.6263
2026-05-31 13:03:40,959 | INFO | Epoch 63/70 | loss=3.4149 | loss_ce=1.2491 | loss_supcon=2.1658 | mAP=0.6263
2026-05-31 13:03:50,774 | INFO | Epoch 64/70 | loss=3.4149 | loss_ce=1.2441 | loss_supcon=2.1708 | mAP=0.6263
2026-05-31 13:03:59,890 | INFO | Epoch 65/70 | loss=3.3942 | loss_ce=1.2339 | loss_supcon=2.1603 | mAP=0.6263
2026-05-31 13:04:09,168 | INFO | Epoch 66/70 | loss=3.3857 | loss_ce=1.2335 | loss_supcon=2.1522 | mAP=0.6263
2026-05-31 13:04:18,543 | INFO | Epoch 67/70 | loss=3.3837 | loss_ce=1.2304 | loss_supcon=2.1534 | mAP=0.6263
2026-05-31 13:04:27,835 | INFO | Epoch 68/70 | loss=3.3905 | loss_ce=1.2352 | loss_supcon=2.1553 | mAP=0.6263
2026-05-31 13:04:36,931 | INFO | Epoch 69/70 | loss=3.3977 | loss_ce=1.2349 | loss_supcon=2.1628 | mAP=0.6263
2026-05-31 13:05:08,015 | INFO | Epoch 70/70 | loss=3.4067 | loss_ce=1.2399 | loss_supcon=2.1669 | mAP=0.6293
