2026-05-31 07:55:03,159 | INFO | Config: /workspace/Computer_Vision_Project/configs/default.yaml
2026-05-31 07:55:03,160 | INFO | Output dir: /workspace/Computer_Vision_Project/outputs/default/seed_42
2026-05-31 07:55:03,161 | INFO | Log file: /workspace/Computer_Vision_Project/outputs/default/seed_42/logs/train_20260531_075503.log
2026-05-31 07:55:03,162 | INFO | Seed: 42
2026-05-31 07:55:22,068 | INFO | Epoch 1/70 | loss=10.7587 | loss_ce=6.5014 | loss_supcon=4.2573 | mAP=0.0000
2026-05-31 07:55:37,120 | INFO | Epoch 2/70 | loss=9.8668 | loss_ce=6.2691 | loss_supcon=3.5977 | mAP=0.0000
2026-05-31 07:55:52,214 | INFO | Epoch 3/70 | loss=9.1579 | loss_ce=5.8827 | loss_supcon=3.2752 | mAP=0.0000
2026-05-31 07:56:07,896 | INFO | Epoch 4/70 | loss=8.5490 | loss_ce=5.5061 | loss_supcon=3.0429 | mAP=0.0000
2026-05-31 07:56:23,848 | INFO | Epoch 5/70 | loss=8.0265 | loss_ce=5.1450 | loss_supcon=2.8815 | mAP=0.0000
2026-05-31 07:56:39,757 | INFO | Epoch 6/70 | loss=7.6337 | loss_ce=4.8001 | loss_supcon=2.8335 | mAP=0.0000
2026-05-31 07:56:55,185 | INFO | Epoch 7/70 | loss=7.3146 | loss_ce=4.4953 | loss_supcon=2.8194 | mAP=0.0000
2026-05-31 07:57:10,547 | INFO | Epoch 8/70 | loss=6.8894 | loss_ce=4.1487 | loss_supcon=2.7407 | mAP=0.0000
2026-05-31 07:57:26,281 | INFO | Epoch 9/70 | loss=6.5506 | loss_ce=3.8242 | loss_supcon=2.7264 | mAP=0.0000
2026-05-31 07:58:17,610 | INFO | Epoch 10/70 | loss=6.2289 | loss_ce=3.5389 | loss_supcon=2.6900 | mAP=0.4807
2026-05-31 07:58:33,358 | INFO | Epoch 11/70 | loss=5.9250 | loss_ce=3.2749 | loss_supcon=2.6501 | mAP=0.4807
2026-05-31 07:58:48,927 | INFO | Epoch 12/70 | loss=5.6670 | loss_ce=2.9909 | loss_supcon=2.6760 | mAP=0.4807
2026-05-31 07:59:03,966 | INFO | Epoch 13/70 | loss=5.4241 | loss_ce=2.7939 | loss_supcon=2.6301 | mAP=0.4807
2026-05-31 07:59:19,594 | INFO | Epoch 14/70 | loss=5.2328 | loss_ce=2.6292 | loss_supcon=2.6037 | mAP=0.4807
2026-05-31 07:59:35,318 | INFO | Epoch 15/70 | loss=5.0905 | loss_ce=2.4967 | loss_supcon=2.5938 | mAP=0.4807
2026-05-31 07:59:50,870 | INFO | Epoch 16/70 | loss=4.9082 | loss_ce=2.3404 | loss_supcon=2.5678 | mAP=0.4807
2026-05-31 08:00:07,211 | INFO | Epoch 17/70 | loss=4.7280 | loss_ce=2.2151 | loss_supcon=2.5130 | mAP=0.4807
2026-05-31 08:00:23,950 | INFO | Epoch 18/70 | loss=4.6657 | loss_ce=2.1463 | loss_supcon=2.5194 | mAP=0.4807
2026-05-31 08:00:41,012 | INFO | Epoch 19/70 | loss=4.6250 | loss_ce=2.1122 | loss_supcon=2.5128 | mAP=0.4807
2026-05-31 08:01:51,639 | INFO | Epoch 20/70 | loss=4.5064 | loss_ce=2.0255 | loss_supcon=2.4808 | mAP=0.5746
2026-05-31 08:02:07,246 | INFO | Epoch 21/70 | loss=4.4407 | loss_ce=1.9727 | loss_supcon=2.4681 | mAP=0.5746
2026-05-31 08:02:22,485 | INFO | Epoch 22/70 | loss=4.3919 | loss_ce=1.9327 | loss_supcon=2.4592 | mAP=0.5746
2026-05-31 08:02:37,753 | INFO | Epoch 23/70 | loss=4.3155 | loss_ce=1.8870 | loss_supcon=2.4285 | mAP=0.5746
2026-05-31 08:02:53,052 | INFO | Epoch 24/70 | loss=4.2730 | loss_ce=1.8556 | loss_supcon=2.4174 | mAP=0.5746
2026-05-31 08:03:08,315 | INFO | Epoch 25/70 | loss=4.2027 | loss_ce=1.8031 | loss_supcon=2.3997 | mAP=0.5746
2026-05-31 08:03:23,755 | INFO | Epoch 26/70 | loss=4.1618 | loss_ce=1.7792 | loss_supcon=2.3826 | mAP=0.5746
2026-05-31 08:03:38,885 | INFO | Epoch 27/70 | loss=4.1100 | loss_ce=1.7440 | loss_supcon=2.3661 | mAP=0.5746
2026-05-31 08:03:54,256 | INFO | Epoch 28/70 | loss=4.0773 | loss_ce=1.7110 | loss_supcon=2.3662 | mAP=0.5746
2026-05-31 08:04:09,611 | INFO | Epoch 29/70 | loss=4.0248 | loss_ce=1.6927 | loss_supcon=2.3321 | mAP=0.5746
2026-05-31 08:04:55,847 | INFO | Epoch 30/70 | loss=3.9721 | loss_ce=1.6465 | loss_supcon=2.3256 | mAP=0.6091
2026-05-31 08:05:11,154 | INFO | Epoch 31/70 | loss=3.9468 | loss_ce=1.6254 | loss_supcon=2.3214 | mAP=0.6091
2026-05-31 08:05:26,953 | INFO | Epoch 32/70 | loss=3.9366 | loss_ce=1.6209 | loss_supcon=2.3156 | mAP=0.6091
2026-05-31 08:05:42,354 | INFO | Epoch 33/70 | loss=3.8844 | loss_ce=1.5744 | loss_supcon=2.3100 | mAP=0.6091
2026-05-31 08:05:57,867 | INFO | Epoch 34/70 | loss=3.8588 | loss_ce=1.5695 | loss_supcon=2.2893 | mAP=0.6091
2026-05-31 08:06:13,112 | INFO | Epoch 35/70 | loss=3.8410 | loss_ce=1.5456 | loss_supcon=2.2954 | mAP=0.6091
2026-05-31 08:06:28,348 | INFO | Epoch 36/70 | loss=3.7734 | loss_ce=1.5018 | loss_supcon=2.2716 | mAP=0.6091
2026-05-31 08:06:43,738 | INFO | Epoch 37/70 | loss=3.7599 | loss_ce=1.4912 | loss_supcon=2.2687 | mAP=0.6091
2026-05-31 08:06:59,047 | INFO | Epoch 38/70 | loss=3.7146 | loss_ce=1.4678 | loss_supcon=2.2468 | mAP=0.6091
2026-05-31 08:07:14,693 | INFO | Epoch 39/70 | loss=3.7049 | loss_ce=1.4636 | loss_supcon=2.2413 | mAP=0.6091
2026-05-31 08:07:55,980 | INFO | Epoch 40/70 | loss=3.6810 | loss_ce=1.4424 | loss_supcon=2.2386 | mAP=0.6398
2026-05-31 08:08:11,895 | INFO | Epoch 41/70 | loss=3.6265 | loss_ce=1.4096 | loss_supcon=2.2168 | mAP=0.6398
2026-05-31 08:08:27,243 | INFO | Epoch 42/70 | loss=3.6242 | loss_ce=1.4061 | loss_supcon=2.2181 | mAP=0.6398
2026-05-31 08:08:42,677 | INFO | Epoch 43/70 | loss=3.6007 | loss_ce=1.3937 | loss_supcon=2.2070 | mAP=0.6398
2026-05-31 08:08:58,993 | INFO | Epoch 44/70 | loss=3.5874 | loss_ce=1.3820 | loss_supcon=2.2054 | mAP=0.6398
2026-05-31 08:09:14,619 | INFO | Epoch 45/70 | loss=3.5502 | loss_ce=1.3618 | loss_supcon=2.1883 | mAP=0.6398
2026-05-31 08:09:30,295 | INFO | Epoch 46/70 | loss=3.5334 | loss_ce=1.3462 | loss_supcon=2.1872 | mAP=0.6398
2026-05-31 08:09:45,886 | INFO | Epoch 47/70 | loss=3.5167 | loss_ce=1.3388 | loss_supcon=2.1779 | mAP=0.6398
2026-05-31 08:10:01,623 | INFO | Epoch 48/70 | loss=3.4996 | loss_ce=1.3211 | loss_supcon=2.1785 | mAP=0.6398
2026-05-31 08:10:16,998 | INFO | Epoch 49/70 | loss=3.4786 | loss_ce=1.3083 | loss_supcon=2.1702 | mAP=0.6398
2026-05-31 08:11:07,851 | INFO | Epoch 50/70 | loss=3.4696 | loss_ce=1.2966 | loss_supcon=2.1730 | mAP=0.6612
2026-05-31 08:11:23,357 | INFO | Epoch 51/70 | loss=3.4537 | loss_ce=1.2927 | loss_supcon=2.1610 | mAP=0.6612
2026-05-31 08:11:39,245 | INFO | Epoch 52/70 | loss=3.4148 | loss_ce=1.2692 | loss_supcon=2.1456 | mAP=0.6612
2026-05-31 08:11:54,710 | INFO | Epoch 53/70 | loss=3.4293 | loss_ce=1.2757 | loss_supcon=2.1536 | mAP=0.6612
2026-05-31 08:12:10,016 | INFO | Epoch 54/70 | loss=3.4171 | loss_ce=1.2662 | loss_supcon=2.1509 | mAP=0.6612
2026-05-31 08:12:25,411 | INFO | Epoch 55/70 | loss=3.4006 | loss_ce=1.2551 | loss_supcon=2.1455 | mAP=0.6612
2026-05-31 08:12:40,715 | INFO | Epoch 56/70 | loss=3.3966 | loss_ce=1.2517 | loss_supcon=2.1450 | mAP=0.6612
2026-05-31 08:12:56,024 | INFO | Epoch 57/70 | loss=3.3917 | loss_ce=1.2472 | loss_supcon=2.1445 | mAP=0.6612
2026-05-31 08:13:11,534 | INFO | Epoch 58/70 | loss=3.3699 | loss_ce=1.2382 | loss_supcon=2.1317 | mAP=0.6612
2026-05-31 08:13:26,774 | INFO | Epoch 59/70 | loss=3.3792 | loss_ce=1.2436 | loss_supcon=2.1356 | mAP=0.6612
2026-05-31 08:14:12,857 | INFO | Epoch 60/70 | loss=3.3590 | loss_ce=1.2269 | loss_supcon=2.1320 | mAP=0.6767
2026-05-31 08:14:28,099 | INFO | Epoch 61/70 | loss=3.3616 | loss_ce=1.2276 | loss_supcon=2.1339 | mAP=0.6767
2026-05-31 08:14:43,577 | INFO | Epoch 62/70 | loss=3.3486 | loss_ce=1.2191 | loss_supcon=2.1295 | mAP=0.6767
2026-05-31 08:14:59,250 | INFO | Epoch 63/70 | loss=3.3539 | loss_ce=1.2223 | loss_supcon=2.1315 | mAP=0.6767
2026-05-31 08:15:15,215 | INFO | Epoch 64/70 | loss=3.3389 | loss_ce=1.2177 | loss_supcon=2.1212 | mAP=0.6767
2026-05-31 08:15:31,660 | INFO | Epoch 65/70 | loss=3.3486 | loss_ce=1.2244 | loss_supcon=2.1242 | mAP=0.6767
2026-05-31 08:15:47,380 | INFO | Epoch 66/70 | loss=3.3474 | loss_ce=1.2180 | loss_supcon=2.1293 | mAP=0.6767
2026-05-31 08:16:03,211 | INFO | Epoch 67/70 | loss=3.3353 | loss_ce=1.2116 | loss_supcon=2.1237 | mAP=0.6767
2026-05-31 08:16:18,822 | INFO | Epoch 68/70 | loss=3.3275 | loss_ce=1.2085 | loss_supcon=2.1190 | mAP=0.6767
2026-05-31 08:16:34,260 | INFO | Epoch 69/70 | loss=3.3332 | loss_ce=1.2146 | loss_supcon=2.1186 | mAP=0.6767
2026-05-31 08:17:24,812 | INFO | Epoch 70/70 | loss=3.3282 | loss_ce=1.2109 | loss_supcon=2.1173 | mAP=0.6796
