2026-05-31 11:34:09,030 | INFO | Config: /workspace/Computer_Vision_Project/configs/ablation/abl_freeze_clip.yaml
2026-05-31 11:34:09,032 | INFO | Output dir: /workspace/Computer_Vision_Project/outputs/abl_freeze_clip/seed_3407
2026-05-31 11:34:09,033 | INFO | Log file: /workspace/Computer_Vision_Project/outputs/abl_freeze_clip/seed_3407/logs/train_20260531_113409.log
2026-05-31 11:34:09,034 | INFO | Seed: 3407
2026-05-31 11:34:22,991 | INFO | Epoch 1/70 | loss=10.9348 | loss_ce=6.5086 | loss_supcon=4.4262 | mAP=0.0000
2026-05-31 11:34:35,023 | INFO | Epoch 2/70 | loss=10.0134 | loss_ce=6.2863 | loss_supcon=3.7271 | mAP=0.0000
2026-05-31 11:34:46,611 | INFO | Epoch 3/70 | loss=9.4076 | loss_ce=5.9472 | loss_supcon=3.4604 | mAP=0.0000
2026-05-31 11:34:58,238 | INFO | Epoch 4/70 | loss=8.8012 | loss_ce=5.5937 | loss_supcon=3.2075 | mAP=0.0000
2026-05-31 11:35:10,143 | INFO | Epoch 5/70 | loss=8.2791 | loss_ce=5.2474 | loss_supcon=3.0317 | mAP=0.0000
2026-05-31 11:35:22,837 | INFO | Epoch 6/70 | loss=7.8621 | loss_ce=4.9218 | loss_supcon=2.9404 | mAP=0.0000
2026-05-31 11:35:34,294 | INFO | Epoch 7/70 | loss=7.4736 | loss_ce=4.5999 | loss_supcon=2.8737 | mAP=0.0000
2026-05-31 11:35:45,930 | INFO | Epoch 8/70 | loss=7.0991 | loss_ce=4.2985 | loss_supcon=2.8005 | mAP=0.0000
2026-05-31 11:35:57,469 | INFO | Epoch 9/70 | loss=6.8761 | loss_ce=4.0382 | loss_supcon=2.8378 | mAP=0.0000
2026-05-31 11:36:39,044 | INFO | Epoch 10/70 | loss=6.5266 | loss_ce=3.7697 | loss_supcon=2.7569 | mAP=0.4007
2026-05-31 11:36:50,545 | INFO | Epoch 11/70 | loss=6.3007 | loss_ce=3.5160 | loss_supcon=2.7847 | mAP=0.4007
2026-05-31 11:37:01,664 | INFO | Epoch 12/70 | loss=6.0232 | loss_ce=3.2673 | loss_supcon=2.7559 | mAP=0.4007
2026-05-31 11:37:12,497 | INFO | Epoch 13/70 | loss=5.7031 | loss_ce=3.0024 | loss_supcon=2.7007 | mAP=0.4007
2026-05-31 11:37:23,444 | INFO | Epoch 14/70 | loss=5.5020 | loss_ce=2.8265 | loss_supcon=2.6755 | mAP=0.4007
2026-05-31 11:37:34,779 | INFO | Epoch 15/70 | loss=5.3417 | loss_ce=2.6718 | loss_supcon=2.6699 | mAP=0.4007
2026-05-31 11:37:45,558 | INFO | Epoch 16/70 | loss=5.1550 | loss_ce=2.5353 | loss_supcon=2.6197 | mAP=0.4007
2026-05-31 11:37:56,735 | INFO | Epoch 17/70 | loss=5.0302 | loss_ce=2.4199 | loss_supcon=2.6103 | mAP=0.4007
2026-05-31 11:38:07,949 | INFO | Epoch 18/70 | loss=4.8627 | loss_ce=2.3145 | loss_supcon=2.5482 | mAP=0.4007
2026-05-31 11:38:18,937 | INFO | Epoch 19/70 | loss=4.7926 | loss_ce=2.2214 | loss_supcon=2.5713 | mAP=0.4007
2026-05-31 11:38:54,801 | INFO | Epoch 20/70 | loss=4.7091 | loss_ce=2.1626 | loss_supcon=2.5465 | mAP=0.5122
2026-05-31 11:39:05,869 | INFO | Epoch 21/70 | loss=4.5997 | loss_ce=2.0919 | loss_supcon=2.5078 | mAP=0.5122
2026-05-31 11:39:17,246 | INFO | Epoch 22/70 | loss=4.5658 | loss_ce=2.0651 | loss_supcon=2.5006 | mAP=0.5122
2026-05-31 11:39:28,373 | INFO | Epoch 23/70 | loss=4.4750 | loss_ce=1.9958 | loss_supcon=2.4792 | mAP=0.5122
2026-05-31 11:39:39,511 | INFO | Epoch 24/70 | loss=4.4063 | loss_ce=1.9609 | loss_supcon=2.4454 | mAP=0.5122
2026-05-31 11:39:50,682 | INFO | Epoch 25/70 | loss=4.3466 | loss_ce=1.9009 | loss_supcon=2.4458 | mAP=0.5122
2026-05-31 11:40:01,814 | INFO | Epoch 26/70 | loss=4.2935 | loss_ce=1.8725 | loss_supcon=2.4210 | mAP=0.5122
2026-05-31 11:40:13,012 | INFO | Epoch 27/70 | loss=4.2139 | loss_ce=1.8248 | loss_supcon=2.3891 | mAP=0.5122
2026-05-31 11:40:24,253 | INFO | Epoch 28/70 | loss=4.1562 | loss_ce=1.7785 | loss_supcon=2.3777 | mAP=0.5122
2026-05-31 11:40:35,358 | INFO | Epoch 29/70 | loss=4.1065 | loss_ce=1.7619 | loss_supcon=2.3446 | mAP=0.5122
2026-05-31 11:41:11,376 | INFO | Epoch 30/70 | loss=4.1168 | loss_ce=1.7402 | loss_supcon=2.3767 | mAP=0.5541
2026-05-31 11:41:23,238 | INFO | Epoch 31/70 | loss=4.0399 | loss_ce=1.6965 | loss_supcon=2.3435 | mAP=0.5541
2026-05-31 11:41:34,739 | INFO | Epoch 32/70 | loss=4.0039 | loss_ce=1.6687 | loss_supcon=2.3352 | mAP=0.5541
2026-05-31 11:41:46,112 | INFO | Epoch 33/70 | loss=3.9820 | loss_ce=1.6516 | loss_supcon=2.3304 | mAP=0.5541
2026-05-31 11:41:57,325 | INFO | Epoch 34/70 | loss=3.9393 | loss_ce=1.6188 | loss_supcon=2.3205 | mAP=0.5541
2026-05-31 11:42:08,101 | INFO | Epoch 35/70 | loss=3.9172 | loss_ce=1.6013 | loss_supcon=2.3159 | mAP=0.5541
2026-05-31 11:42:19,186 | INFO | Epoch 36/70 | loss=3.8947 | loss_ce=1.5866 | loss_supcon=2.3081 | mAP=0.5541
2026-05-31 11:42:30,192 | INFO | Epoch 37/70 | loss=3.8465 | loss_ce=1.5616 | loss_supcon=2.2849 | mAP=0.5541
2026-05-31 11:42:41,280 | INFO | Epoch 38/70 | loss=3.7987 | loss_ce=1.5331 | loss_supcon=2.2656 | mAP=0.5541
2026-05-31 11:42:52,417 | INFO | Epoch 39/70 | loss=3.7657 | loss_ce=1.5034 | loss_supcon=2.2622 | mAP=0.5541
2026-05-31 11:43:28,833 | INFO | Epoch 40/70 | loss=3.7353 | loss_ce=1.4891 | loss_supcon=2.2462 | mAP=0.5937
2026-05-31 11:43:40,011 | INFO | Epoch 41/70 | loss=3.7191 | loss_ce=1.4871 | loss_supcon=2.2320 | mAP=0.5937
2026-05-31 11:43:51,321 | INFO | Epoch 42/70 | loss=3.7117 | loss_ce=1.4667 | loss_supcon=2.2450 | mAP=0.5937
2026-05-31 11:44:02,794 | INFO | Epoch 43/70 | loss=3.6698 | loss_ce=1.4504 | loss_supcon=2.2194 | mAP=0.5937
2026-05-31 11:44:13,856 | INFO | Epoch 44/70 | loss=3.6329 | loss_ce=1.4250 | loss_supcon=2.2079 | mAP=0.5937
2026-05-31 11:44:25,052 | INFO | Epoch 45/70 | loss=3.6382 | loss_ce=1.4240 | loss_supcon=2.2143 | mAP=0.5937
2026-05-31 11:44:35,936 | INFO | Epoch 46/70 | loss=3.6092 | loss_ce=1.4028 | loss_supcon=2.2063 | mAP=0.5937
2026-05-31 11:44:47,481 | INFO | Epoch 47/70 | loss=3.5918 | loss_ce=1.3792 | loss_supcon=2.2126 | mAP=0.5937
2026-05-31 11:44:58,540 | INFO | Epoch 48/70 | loss=3.5455 | loss_ce=1.3606 | loss_supcon=2.1849 | mAP=0.5937
2026-05-31 11:45:09,661 | INFO | Epoch 49/70 | loss=3.5504 | loss_ce=1.3573 | loss_supcon=2.1931 | mAP=0.5937
2026-05-31 11:45:45,619 | INFO | Epoch 50/70 | loss=3.5285 | loss_ce=1.3521 | loss_supcon=2.1764 | mAP=0.6129
2026-05-31 11:45:57,369 | INFO | Epoch 51/70 | loss=3.4973 | loss_ce=1.3310 | loss_supcon=2.1663 | mAP=0.6129
2026-05-31 11:46:08,946 | INFO | Epoch 52/70 | loss=3.4924 | loss_ce=1.3301 | loss_supcon=2.1623 | mAP=0.6129
2026-05-31 11:46:19,935 | INFO | Epoch 53/70 | loss=3.4790 | loss_ce=1.3266 | loss_supcon=2.1524 | mAP=0.6129
2026-05-31 11:46:31,011 | INFO | Epoch 54/70 | loss=3.4774 | loss_ce=1.3127 | loss_supcon=2.1647 | mAP=0.6129
2026-05-31 11:46:42,135 | INFO | Epoch 55/70 | loss=3.4620 | loss_ce=1.2992 | loss_supcon=2.1628 | mAP=0.6129
2026-05-31 11:46:53,266 | INFO | Epoch 56/70 | loss=3.4413 | loss_ce=1.2936 | loss_supcon=2.1478 | mAP=0.6129
2026-05-31 11:47:04,548 | INFO | Epoch 57/70 | loss=3.4373 | loss_ce=1.2920 | loss_supcon=2.1453 | mAP=0.6129
2026-05-31 11:47:15,725 | INFO | Epoch 58/70 | loss=3.4098 | loss_ce=1.2758 | loss_supcon=2.1340 | mAP=0.6129
2026-05-31 11:47:26,711 | INFO | Epoch 59/70 | loss=3.4074 | loss_ce=1.2763 | loss_supcon=2.1312 | mAP=0.6129
2026-05-31 11:48:02,687 | INFO | Epoch 60/70 | loss=3.4111 | loss_ce=1.2732 | loss_supcon=2.1380 | mAP=0.6294
2026-05-31 11:48:14,187 | INFO | Epoch 61/70 | loss=3.4103 | loss_ce=1.2708 | loss_supcon=2.1395 | mAP=0.6294
2026-05-31 11:48:25,288 | INFO | Epoch 62/70 | loss=3.3942 | loss_ce=1.2631 | loss_supcon=2.1311 | mAP=0.6294
2026-05-31 11:48:36,461 | INFO | Epoch 63/70 | loss=3.3911 | loss_ce=1.2567 | loss_supcon=2.1344 | mAP=0.6294
2026-05-31 11:48:47,484 | INFO | Epoch 64/70 | loss=3.4040 | loss_ce=1.2646 | loss_supcon=2.1393 | mAP=0.6294
2026-05-31 11:48:58,417 | INFO | Epoch 65/70 | loss=3.3823 | loss_ce=1.2539 | loss_supcon=2.1284 | mAP=0.6294
2026-05-31 11:49:09,369 | INFO | Epoch 66/70 | loss=3.3802 | loss_ce=1.2502 | loss_supcon=2.1299 | mAP=0.6294
2026-05-31 11:49:20,277 | INFO | Epoch 67/70 | loss=3.3737 | loss_ce=1.2521 | loss_supcon=2.1215 | mAP=0.6294
2026-05-31 11:49:31,232 | INFO | Epoch 68/70 | loss=3.3717 | loss_ce=1.2483 | loss_supcon=2.1234 | mAP=0.6294
2026-05-31 11:49:42,191 | INFO | Epoch 69/70 | loss=3.3673 | loss_ce=1.2433 | loss_supcon=2.1240 | mAP=0.6294
2026-05-31 11:50:18,027 | INFO | Epoch 70/70 | loss=3.3746 | loss_ce=1.2518 | loss_supcon=2.1227 | mAP=0.6359
