2026-05-31 13:05:14,497 | INFO | Config: /workspace/Computer_Vision_Project/configs/ablation/abl_no_afem.yaml
2026-05-31 13:05:14,498 | INFO | Output dir: /workspace/Computer_Vision_Project/outputs/abl_no_afem/seed_2023
2026-05-31 13:05:14,499 | INFO | Log file: /workspace/Computer_Vision_Project/outputs/abl_no_afem/seed_2023/logs/train_20260531_130514.log
2026-05-31 13:05:14,500 | INFO | Seed: 2023
2026-05-31 13:05:32,478 | INFO | Epoch 1/70 | loss=10.9896 | loss_ce=6.5150 | loss_supcon=4.4746 | mAP=0.0000
2026-05-31 13:05:47,189 | INFO | Epoch 2/70 | loss=10.0681 | loss_ce=6.2923 | loss_supcon=3.7758 | mAP=0.0000
2026-05-31 13:06:02,199 | INFO | Epoch 3/70 | loss=9.3109 | loss_ce=5.9332 | loss_supcon=3.3777 | mAP=0.0000
2026-05-31 13:06:16,892 | INFO | Epoch 4/70 | loss=8.6448 | loss_ce=5.5601 | loss_supcon=3.0847 | mAP=0.0000
2026-05-31 13:06:31,747 | INFO | Epoch 5/70 | loss=8.1181 | loss_ce=5.1975 | loss_supcon=2.9206 | mAP=0.0000
2026-05-31 13:06:46,684 | INFO | Epoch 6/70 | loss=7.6607 | loss_ce=4.8489 | loss_supcon=2.8118 | mAP=0.0000
2026-05-31 13:07:01,244 | INFO | Epoch 7/70 | loss=7.2521 | loss_ce=4.4848 | loss_supcon=2.7672 | mAP=0.0000
2026-05-31 13:07:16,081 | INFO | Epoch 8/70 | loss=6.9043 | loss_ce=4.1926 | loss_supcon=2.7116 | mAP=0.0000
2026-05-31 13:07:30,974 | INFO | Epoch 9/70 | loss=6.5745 | loss_ce=3.8641 | loss_supcon=2.7104 | mAP=0.0000
2026-05-31 13:08:13,913 | INFO | Epoch 10/70 | loss=6.2540 | loss_ce=3.5850 | loss_supcon=2.6690 | mAP=0.4672
2026-05-31 13:08:28,873 | INFO | Epoch 11/70 | loss=5.9181 | loss_ce=3.2742 | loss_supcon=2.6438 | mAP=0.4672
2026-05-31 13:08:43,613 | INFO | Epoch 12/70 | loss=5.6394 | loss_ce=3.0162 | loss_supcon=2.6232 | mAP=0.4672
2026-05-31 13:08:58,572 | INFO | Epoch 13/70 | loss=5.3768 | loss_ce=2.7886 | loss_supcon=2.5881 | mAP=0.4672
2026-05-31 13:09:13,586 | INFO | Epoch 14/70 | loss=5.2258 | loss_ce=2.6132 | loss_supcon=2.6126 | mAP=0.4672
2026-05-31 13:09:28,491 | INFO | Epoch 15/70 | loss=5.0649 | loss_ce=2.4993 | loss_supcon=2.5656 | mAP=0.4672
2026-05-31 13:09:43,267 | INFO | Epoch 16/70 | loss=4.8756 | loss_ce=2.3254 | loss_supcon=2.5502 | mAP=0.4672
2026-05-31 13:09:58,076 | INFO | Epoch 17/70 | loss=4.7383 | loss_ce=2.2222 | loss_supcon=2.5162 | mAP=0.4672
2026-05-31 13:10:12,515 | INFO | Epoch 18/70 | loss=4.6183 | loss_ce=2.1270 | loss_supcon=2.4913 | mAP=0.4672
2026-05-31 13:10:27,434 | INFO | Epoch 19/70 | loss=4.5572 | loss_ce=2.0561 | loss_supcon=2.5010 | mAP=0.4672
2026-05-31 13:11:07,267 | INFO | Epoch 20/70 | loss=4.4736 | loss_ce=2.0232 | loss_supcon=2.4505 | mAP=0.5566
2026-05-31 13:11:22,280 | INFO | Epoch 21/70 | loss=4.3990 | loss_ce=1.9479 | loss_supcon=2.4511 | mAP=0.5566
2026-05-31 13:11:37,214 | INFO | Epoch 22/70 | loss=4.3506 | loss_ce=1.9204 | loss_supcon=2.4302 | mAP=0.5566
2026-05-31 13:11:52,072 | INFO | Epoch 23/70 | loss=4.2808 | loss_ce=1.8688 | loss_supcon=2.4120 | mAP=0.5566
2026-05-31 13:12:06,947 | INFO | Epoch 24/70 | loss=4.2623 | loss_ce=1.8667 | loss_supcon=2.3955 | mAP=0.5566
2026-05-31 13:12:21,616 | INFO | Epoch 25/70 | loss=4.2137 | loss_ce=1.8156 | loss_supcon=2.3981 | mAP=0.5566
2026-05-31 13:12:36,373 | INFO | Epoch 26/70 | loss=4.1403 | loss_ce=1.7757 | loss_supcon=2.3647 | mAP=0.5566
2026-05-31 13:12:51,222 | INFO | Epoch 27/70 | loss=4.1140 | loss_ce=1.7406 | loss_supcon=2.3734 | mAP=0.5566
2026-05-31 13:13:06,024 | INFO | Epoch 28/70 | loss=4.0569 | loss_ce=1.7080 | loss_supcon=2.3489 | mAP=0.5566
2026-05-31 13:13:21,040 | INFO | Epoch 29/70 | loss=4.0307 | loss_ce=1.6792 | loss_supcon=2.3515 | mAP=0.5566
2026-05-31 13:14:00,923 | INFO | Epoch 30/70 | loss=3.9525 | loss_ce=1.6338 | loss_supcon=2.3187 | mAP=0.6000
2026-05-31 13:14:15,745 | INFO | Epoch 31/70 | loss=3.9296 | loss_ce=1.6075 | loss_supcon=2.3220 | mAP=0.6000
2026-05-31 13:14:30,484 | INFO | Epoch 32/70 | loss=3.8941 | loss_ce=1.5832 | loss_supcon=2.3109 | mAP=0.6000
2026-05-31 13:14:45,267 | INFO | Epoch 33/70 | loss=3.8517 | loss_ce=1.5648 | loss_supcon=2.2868 | mAP=0.6000
2026-05-31 13:15:00,152 | INFO | Epoch 34/70 | loss=3.8439 | loss_ce=1.5556 | loss_supcon=2.2883 | mAP=0.6000
2026-05-31 13:15:14,720 | INFO | Epoch 35/70 | loss=3.8007 | loss_ce=1.5333 | loss_supcon=2.2674 | mAP=0.6000
2026-05-31 13:15:29,451 | INFO | Epoch 36/70 | loss=3.7939 | loss_ce=1.5197 | loss_supcon=2.2741 | mAP=0.6000
2026-05-31 13:15:44,083 | INFO | Epoch 37/70 | loss=3.7328 | loss_ce=1.4853 | loss_supcon=2.2475 | mAP=0.6000
2026-05-31 13:15:58,752 | INFO | Epoch 38/70 | loss=3.7013 | loss_ce=1.4633 | loss_supcon=2.2379 | mAP=0.6000
2026-05-31 13:16:13,684 | INFO | Epoch 39/70 | loss=3.6735 | loss_ce=1.4499 | loss_supcon=2.2236 | mAP=0.6000
2026-05-31 13:16:53,217 | INFO | Epoch 40/70 | loss=3.6818 | loss_ce=1.4409 | loss_supcon=2.2409 | mAP=0.6306
2026-05-31 13:17:08,259 | INFO | Epoch 41/70 | loss=3.6402 | loss_ce=1.4240 | loss_supcon=2.2162 | mAP=0.6306
2026-05-31 13:17:23,179 | INFO | Epoch 42/70 | loss=3.6288 | loss_ce=1.4074 | loss_supcon=2.2214 | mAP=0.6306
2026-05-31 13:17:38,097 | INFO | Epoch 43/70 | loss=3.5963 | loss_ce=1.3908 | loss_supcon=2.2055 | mAP=0.6306
2026-05-31 13:17:53,042 | INFO | Epoch 44/70 | loss=3.6011 | loss_ce=1.3715 | loss_supcon=2.2295 | mAP=0.6306
2026-05-31 13:18:07,860 | INFO | Epoch 45/70 | loss=3.5332 | loss_ce=1.3443 | loss_supcon=2.1889 | mAP=0.6306
2026-05-31 13:18:22,595 | INFO | Epoch 46/70 | loss=3.5527 | loss_ce=1.3433 | loss_supcon=2.2094 | mAP=0.6306
2026-05-31 13:18:37,313 | INFO | Epoch 47/70 | loss=3.5116 | loss_ce=1.3232 | loss_supcon=2.1884 | mAP=0.6306
2026-05-31 13:18:52,145 | INFO | Epoch 48/70 | loss=3.5218 | loss_ce=1.3319 | loss_supcon=2.1899 | mAP=0.6306
2026-05-31 13:19:07,269 | INFO | Epoch 49/70 | loss=3.4877 | loss_ce=1.3086 | loss_supcon=2.1792 | mAP=0.6306
2026-05-31 13:19:47,534 | INFO | Epoch 50/70 | loss=3.4747 | loss_ce=1.3024 | loss_supcon=2.1723 | mAP=0.6564
2026-05-31 13:20:02,398 | INFO | Epoch 51/70 | loss=3.4450 | loss_ce=1.2870 | loss_supcon=2.1580 | mAP=0.6564
2026-05-31 13:20:17,446 | INFO | Epoch 52/70 | loss=3.4399 | loss_ce=1.2840 | loss_supcon=2.1559 | mAP=0.6564
2026-05-31 13:20:32,483 | INFO | Epoch 53/70 | loss=3.4320 | loss_ce=1.2771 | loss_supcon=2.1548 | mAP=0.6564
2026-05-31 13:20:47,437 | INFO | Epoch 54/70 | loss=3.4233 | loss_ce=1.2660 | loss_supcon=2.1573 | mAP=0.6564
2026-05-31 13:21:02,212 | INFO | Epoch 55/70 | loss=3.4034 | loss_ce=1.2554 | loss_supcon=2.1480 | mAP=0.6564
2026-05-31 13:21:16,957 | INFO | Epoch 56/70 | loss=3.3942 | loss_ce=1.2500 | loss_supcon=2.1442 | mAP=0.6564
2026-05-31 13:21:31,644 | INFO | Epoch 57/70 | loss=3.3976 | loss_ce=1.2460 | loss_supcon=2.1516 | mAP=0.6564
2026-05-31 13:21:46,414 | INFO | Epoch 58/70 | loss=3.3770 | loss_ce=1.2355 | loss_supcon=2.1415 | mAP=0.6564
2026-05-31 13:22:01,264 | INFO | Epoch 59/70 | loss=3.3639 | loss_ce=1.2335 | loss_supcon=2.1303 | mAP=0.6564
2026-05-31 13:22:40,828 | INFO | Epoch 60/70 | loss=3.3710 | loss_ce=1.2285 | loss_supcon=2.1425 | mAP=0.6695
2026-05-31 13:22:55,649 | INFO | Epoch 61/70 | loss=3.3490 | loss_ce=1.2224 | loss_supcon=2.1265 | mAP=0.6695
2026-05-31 13:23:10,365 | INFO | Epoch 62/70 | loss=3.3479 | loss_ce=1.2241 | loss_supcon=2.1238 | mAP=0.6695
2026-05-31 13:23:24,979 | INFO | Epoch 63/70 | loss=3.3569 | loss_ce=1.2257 | loss_supcon=2.1312 | mAP=0.6695
2026-05-31 13:23:39,919 | INFO | Epoch 64/70 | loss=3.3423 | loss_ce=1.2167 | loss_supcon=2.1256 | mAP=0.6695
2026-05-31 13:23:54,713 | INFO | Epoch 65/70 | loss=3.3252 | loss_ce=1.2102 | loss_supcon=2.1150 | mAP=0.6695
2026-05-31 13:24:09,651 | INFO | Epoch 66/70 | loss=3.3266 | loss_ce=1.2055 | loss_supcon=2.1211 | mAP=0.6695
2026-05-31 13:24:24,325 | INFO | Epoch 67/70 | loss=3.3455 | loss_ce=1.2211 | loss_supcon=2.1243 | mAP=0.6695
2026-05-31 13:24:39,312 | INFO | Epoch 68/70 | loss=3.3261 | loss_ce=1.2063 | loss_supcon=2.1198 | mAP=0.6695
2026-05-31 13:24:53,889 | INFO | Epoch 69/70 | loss=3.3229 | loss_ce=1.2048 | loss_supcon=2.1181 | mAP=0.6695
2026-05-31 13:25:34,136 | INFO | Epoch 70/70 | loss=3.3424 | loss_ce=1.2141 | loss_supcon=2.1283 | mAP=0.6732
