2026-05-31 11:13:09,246 | INFO | Config: /workspace/Computer_Vision_Project/configs/ablation/abl_no_supcon.yaml
2026-05-31 11:13:09,247 | INFO | Output dir: /workspace/Computer_Vision_Project/outputs/abl_no_supcon/seed_3407
2026-05-31 11:13:09,248 | INFO | Log file: /workspace/Computer_Vision_Project/outputs/abl_no_supcon/seed_3407/logs/train_20260531_111309.log
2026-05-31 11:13:09,249 | INFO | Seed: 3407
2026-05-31 11:13:27,666 | INFO | Epoch 1/70 | loss=6.5053 | loss_ce=6.5053 | loss_supcon=0.0000 | mAP=0.0000
2026-05-31 11:13:42,885 | INFO | Epoch 2/70 | loss=6.2274 | loss_ce=6.2274 | loss_supcon=0.0000 | mAP=0.0000
2026-05-31 11:13:58,351 | INFO | Epoch 3/70 | loss=5.8870 | loss_ce=5.8870 | loss_supcon=0.0000 | mAP=0.0000
2026-05-31 11:14:13,534 | INFO | Epoch 4/70 | loss=5.4845 | loss_ce=5.4845 | loss_supcon=0.0000 | mAP=0.0000
2026-05-31 11:14:28,791 | INFO | Epoch 5/70 | loss=5.0459 | loss_ce=5.0459 | loss_supcon=0.0000 | mAP=0.0000
2026-05-31 11:14:44,219 | INFO | Epoch 6/70 | loss=4.6141 | loss_ce=4.6141 | loss_supcon=0.0000 | mAP=0.0000
2026-05-31 11:14:59,315 | INFO | Epoch 7/70 | loss=4.1831 | loss_ce=4.1831 | loss_supcon=0.0000 | mAP=0.0000
2026-05-31 11:15:14,762 | INFO | Epoch 8/70 | loss=3.7633 | loss_ce=3.7633 | loss_supcon=0.0000 | mAP=0.0000
2026-05-31 11:15:29,676 | INFO | Epoch 9/70 | loss=3.4043 | loss_ce=3.4043 | loss_supcon=0.0000 | mAP=0.0000
2026-05-31 11:16:13,475 | INFO | Epoch 10/70 | loss=3.0735 | loss_ce=3.0735 | loss_supcon=0.0000 | mAP=0.4278
2026-05-31 11:16:28,719 | INFO | Epoch 11/70 | loss=2.7690 | loss_ce=2.7690 | loss_supcon=0.0000 | mAP=0.4278
2026-05-31 11:16:44,011 | INFO | Epoch 12/70 | loss=2.5344 | loss_ce=2.5344 | loss_supcon=0.0000 | mAP=0.4278
2026-05-31 11:16:59,312 | INFO | Epoch 13/70 | loss=2.2960 | loss_ce=2.2960 | loss_supcon=0.0000 | mAP=0.4278
2026-05-31 11:17:14,555 | INFO | Epoch 14/70 | loss=2.1410 | loss_ce=2.1410 | loss_supcon=0.0000 | mAP=0.4278
2026-05-31 11:17:29,592 | INFO | Epoch 15/70 | loss=2.0388 | loss_ce=2.0388 | loss_supcon=0.0000 | mAP=0.4278
2026-05-31 11:17:44,517 | INFO | Epoch 16/70 | loss=1.9503 | loss_ce=1.9503 | loss_supcon=0.0000 | mAP=0.4278
2026-05-31 11:17:59,846 | INFO | Epoch 17/70 | loss=1.8766 | loss_ce=1.8766 | loss_supcon=0.0000 | mAP=0.4278
2026-05-31 11:18:14,834 | INFO | Epoch 18/70 | loss=1.8014 | loss_ce=1.8014 | loss_supcon=0.0000 | mAP=0.4278
2026-05-31 11:18:30,289 | INFO | Epoch 19/70 | loss=1.7564 | loss_ce=1.7564 | loss_supcon=0.0000 | mAP=0.4278
2026-05-31 11:19:12,736 | INFO | Epoch 20/70 | loss=1.6939 | loss_ce=1.6939 | loss_supcon=0.0000 | mAP=0.4617
2026-05-31 11:19:27,969 | INFO | Epoch 21/70 | loss=1.6610 | loss_ce=1.6610 | loss_supcon=0.0000 | mAP=0.4617
2026-05-31 11:19:43,478 | INFO | Epoch 22/70 | loss=1.6357 | loss_ce=1.6357 | loss_supcon=0.0000 | mAP=0.4617
2026-05-31 11:19:58,867 | INFO | Epoch 23/70 | loss=1.6184 | loss_ce=1.6184 | loss_supcon=0.0000 | mAP=0.4617
2026-05-31 11:20:13,911 | INFO | Epoch 24/70 | loss=1.5696 | loss_ce=1.5696 | loss_supcon=0.0000 | mAP=0.4617
2026-05-31 11:20:29,469 | INFO | Epoch 25/70 | loss=1.5307 | loss_ce=1.5307 | loss_supcon=0.0000 | mAP=0.4617
2026-05-31 11:20:44,811 | INFO | Epoch 26/70 | loss=1.5366 | loss_ce=1.5366 | loss_supcon=0.0000 | mAP=0.4617
2026-05-31 11:21:00,214 | INFO | Epoch 27/70 | loss=1.4958 | loss_ce=1.4958 | loss_supcon=0.0000 | mAP=0.4617
2026-05-31 11:21:15,626 | INFO | Epoch 28/70 | loss=1.4662 | loss_ce=1.4662 | loss_supcon=0.0000 | mAP=0.4617
2026-05-31 11:21:30,871 | INFO | Epoch 29/70 | loss=1.4634 | loss_ce=1.4634 | loss_supcon=0.0000 | mAP=0.4617
2026-05-31 11:22:13,068 | INFO | Epoch 30/70 | loss=1.4409 | loss_ce=1.4409 | loss_supcon=0.0000 | mAP=0.4649
2026-05-31 11:22:28,531 | INFO | Epoch 31/70 | loss=1.4221 | loss_ce=1.4221 | loss_supcon=0.0000 | mAP=0.4649
2026-05-31 11:22:43,842 | INFO | Epoch 32/70 | loss=1.3896 | loss_ce=1.3896 | loss_supcon=0.0000 | mAP=0.4649
2026-05-31 11:22:59,257 | INFO | Epoch 33/70 | loss=1.3916 | loss_ce=1.3916 | loss_supcon=0.0000 | mAP=0.4649
2026-05-31 11:23:14,765 | INFO | Epoch 34/70 | loss=1.3799 | loss_ce=1.3799 | loss_supcon=0.0000 | mAP=0.4649
2026-05-31 11:23:29,854 | INFO | Epoch 35/70 | loss=1.3626 | loss_ce=1.3626 | loss_supcon=0.0000 | mAP=0.4649
2026-05-31 11:23:44,901 | INFO | Epoch 36/70 | loss=1.3479 | loss_ce=1.3479 | loss_supcon=0.0000 | mAP=0.4649
2026-05-31 11:24:00,279 | INFO | Epoch 37/70 | loss=1.3331 | loss_ce=1.3331 | loss_supcon=0.0000 | mAP=0.4649
2026-05-31 11:24:15,396 | INFO | Epoch 38/70 | loss=1.3176 | loss_ce=1.3176 | loss_supcon=0.0000 | mAP=0.4649
2026-05-31 11:24:30,641 | INFO | Epoch 39/70 | loss=1.3087 | loss_ce=1.3087 | loss_supcon=0.0000 | mAP=0.4649
2026-05-31 11:25:12,640 | INFO | Epoch 40/70 | loss=1.2841 | loss_ce=1.2841 | loss_supcon=0.0000 | mAP=0.4662
2026-05-31 11:25:27,910 | INFO | Epoch 41/70 | loss=1.2853 | loss_ce=1.2853 | loss_supcon=0.0000 | mAP=0.4662
2026-05-31 11:25:43,363 | INFO | Epoch 42/70 | loss=1.2812 | loss_ce=1.2812 | loss_supcon=0.0000 | mAP=0.4662
2026-05-31 11:25:58,730 | INFO | Epoch 43/70 | loss=1.2708 | loss_ce=1.2708 | loss_supcon=0.0000 | mAP=0.4662
2026-05-31 11:26:14,211 | INFO | Epoch 44/70 | loss=1.2480 | loss_ce=1.2480 | loss_supcon=0.0000 | mAP=0.4662
2026-05-31 11:26:29,521 | INFO | Epoch 45/70 | loss=1.2480 | loss_ce=1.2480 | loss_supcon=0.0000 | mAP=0.4662
2026-05-31 11:26:44,734 | INFO | Epoch 46/70 | loss=1.2293 | loss_ce=1.2293 | loss_supcon=0.0000 | mAP=0.4662
2026-05-31 11:27:00,137 | INFO | Epoch 47/70 | loss=1.2234 | loss_ce=1.2234 | loss_supcon=0.0000 | mAP=0.4662
2026-05-31 11:27:15,473 | INFO | Epoch 48/70 | loss=1.2120 | loss_ce=1.2120 | loss_supcon=0.0000 | mAP=0.4662
2026-05-31 11:27:30,580 | INFO | Epoch 49/70 | loss=1.2069 | loss_ce=1.2069 | loss_supcon=0.0000 | mAP=0.4662
2026-05-31 11:28:10,253 | INFO | Epoch 50/70 | loss=1.2000 | loss_ce=1.2000 | loss_supcon=0.0000 | mAP=0.4662
2026-05-31 11:28:25,320 | INFO | Epoch 51/70 | loss=1.1882 | loss_ce=1.1882 | loss_supcon=0.0000 | mAP=0.4662
2026-05-31 11:28:40,445 | INFO | Epoch 52/70 | loss=1.1919 | loss_ce=1.1919 | loss_supcon=0.0000 | mAP=0.4662
2026-05-31 11:28:55,425 | INFO | Epoch 53/70 | loss=1.1874 | loss_ce=1.1874 | loss_supcon=0.0000 | mAP=0.4662
2026-05-31 11:29:10,854 | INFO | Epoch 54/70 | loss=1.1798 | loss_ce=1.1798 | loss_supcon=0.0000 | mAP=0.4662
2026-05-31 11:29:25,789 | INFO | Epoch 55/70 | loss=1.1691 | loss_ce=1.1691 | loss_supcon=0.0000 | mAP=0.4662
2026-05-31 11:29:40,793 | INFO | Epoch 56/70 | loss=1.1662 | loss_ce=1.1662 | loss_supcon=0.0000 | mAP=0.4662
2026-05-31 11:29:56,285 | INFO | Epoch 57/70 | loss=1.1643 | loss_ce=1.1643 | loss_supcon=0.0000 | mAP=0.4662
2026-05-31 11:30:11,859 | INFO | Epoch 58/70 | loss=1.1579 | loss_ce=1.1579 | loss_supcon=0.0000 | mAP=0.4662
2026-05-31 11:30:27,227 | INFO | Epoch 59/70 | loss=1.1521 | loss_ce=1.1521 | loss_supcon=0.0000 | mAP=0.4662
2026-05-31 11:31:08,425 | INFO | Epoch 60/70 | loss=1.1551 | loss_ce=1.1551 | loss_supcon=0.0000 | mAP=0.4675
2026-05-31 11:31:23,090 | INFO | Epoch 61/70 | loss=1.1501 | loss_ce=1.1501 | loss_supcon=0.0000 | mAP=0.4675
2026-05-31 11:31:38,011 | INFO | Epoch 62/70 | loss=1.1459 | loss_ce=1.1459 | loss_supcon=0.0000 | mAP=0.4675
2026-05-31 11:31:52,911 | INFO | Epoch 63/70 | loss=1.1467 | loss_ce=1.1467 | loss_supcon=0.0000 | mAP=0.4675
2026-05-31 11:32:07,478 | INFO | Epoch 64/70 | loss=1.1496 | loss_ce=1.1496 | loss_supcon=0.0000 | mAP=0.4675
2026-05-31 11:32:22,473 | INFO | Epoch 65/70 | loss=1.1398 | loss_ce=1.1398 | loss_supcon=0.0000 | mAP=0.4675
2026-05-31 11:32:37,461 | INFO | Epoch 66/70 | loss=1.1369 | loss_ce=1.1369 | loss_supcon=0.0000 | mAP=0.4675
2026-05-31 11:32:52,218 | INFO | Epoch 67/70 | loss=1.1347 | loss_ce=1.1347 | loss_supcon=0.0000 | mAP=0.4675
2026-05-31 11:33:07,111 | INFO | Epoch 68/70 | loss=1.1368 | loss_ce=1.1368 | loss_supcon=0.0000 | mAP=0.4675
2026-05-31 11:33:22,228 | INFO | Epoch 69/70 | loss=1.1354 | loss_ce=1.1354 | loss_supcon=0.0000 | mAP=0.4675
2026-05-31 11:34:02,280 | INFO | Epoch 70/70 | loss=1.1429 | loss_ce=1.1429 | loss_supcon=0.0000 | mAP=0.4679
