2026-05-31 13:44:36,740 | INFO | Config: /workspace/Computer_Vision_Project/configs/ablation/abl_freeze_clip.yaml
2026-05-31 13:44:36,750 | INFO | Output dir: /workspace/Computer_Vision_Project/outputs/abl_freeze_clip/seed_2023
2026-05-31 13:44:36,751 | INFO | Log file: /workspace/Computer_Vision_Project/outputs/abl_freeze_clip/seed_2023/logs/train_20260531_134436.log
2026-05-31 13:44:36,753 | INFO | Seed: 2023
2026-05-31 13:44:50,738 | INFO | Epoch 1/70 | loss=10.8795 | loss_ce=6.4990 | loss_supcon=4.3805 | mAP=0.0000
2026-05-31 13:45:02,066 | INFO | Epoch 2/70 | loss=10.0516 | loss_ce=6.2891 | loss_supcon=3.7625 | mAP=0.0000
2026-05-31 13:45:13,068 | INFO | Epoch 3/70 | loss=9.4088 | loss_ce=5.9387 | loss_supcon=3.4701 | mAP=0.0000
2026-05-31 13:45:23,979 | INFO | Epoch 4/70 | loss=8.7932 | loss_ce=5.5822 | loss_supcon=3.2110 | mAP=0.0000
2026-05-31 13:45:34,919 | INFO | Epoch 5/70 | loss=8.2816 | loss_ce=5.2227 | loss_supcon=3.0589 | mAP=0.0000
2026-05-31 13:45:45,974 | INFO | Epoch 6/70 | loss=7.8764 | loss_ce=4.9071 | loss_supcon=2.9692 | mAP=0.0000
2026-05-31 13:45:56,966 | INFO | Epoch 7/70 | loss=7.4544 | loss_ce=4.5827 | loss_supcon=2.8716 | mAP=0.0000
2026-05-31 13:46:07,953 | INFO | Epoch 8/70 | loss=7.1280 | loss_ce=4.2857 | loss_supcon=2.8423 | mAP=0.0000
2026-05-31 13:46:19,063 | INFO | Epoch 9/70 | loss=6.8248 | loss_ce=4.0011 | loss_supcon=2.8236 | mAP=0.0000
2026-05-31 13:46:58,230 | INFO | Epoch 10/70 | loss=6.5275 | loss_ce=3.7579 | loss_supcon=2.7695 | mAP=0.4227
2026-05-31 13:47:09,285 | INFO | Epoch 11/70 | loss=6.2437 | loss_ce=3.4980 | loss_supcon=2.7457 | mAP=0.4227
2026-05-31 13:47:20,411 | INFO | Epoch 12/70 | loss=5.9649 | loss_ce=3.2388 | loss_supcon=2.7261 | mAP=0.4227
2026-05-31 13:47:31,594 | INFO | Epoch 13/70 | loss=5.6738 | loss_ce=2.9820 | loss_supcon=2.6917 | mAP=0.4227
2026-05-31 13:47:42,634 | INFO | Epoch 14/70 | loss=5.5644 | loss_ce=2.8510 | loss_supcon=2.7135 | mAP=0.4227
2026-05-31 13:47:53,739 | INFO | Epoch 15/70 | loss=5.3334 | loss_ce=2.6844 | loss_supcon=2.6491 | mAP=0.4227
2026-05-31 13:48:04,681 | INFO | Epoch 16/70 | loss=5.1316 | loss_ce=2.5243 | loss_supcon=2.6073 | mAP=0.4227
2026-05-31 13:48:15,686 | INFO | Epoch 17/70 | loss=5.0372 | loss_ce=2.4370 | loss_supcon=2.6001 | mAP=0.4227
2026-05-31 13:48:26,587 | INFO | Epoch 18/70 | loss=4.8652 | loss_ce=2.2972 | loss_supcon=2.5680 | mAP=0.4227
2026-05-31 13:48:37,459 | INFO | Epoch 19/70 | loss=4.7898 | loss_ce=2.2239 | loss_supcon=2.5660 | mAP=0.4227
2026-05-31 13:49:13,277 | INFO | Epoch 20/70 | loss=4.6770 | loss_ce=2.1498 | loss_supcon=2.5273 | mAP=0.5128
2026-05-31 13:49:24,612 | INFO | Epoch 21/70 | loss=4.5911 | loss_ce=2.0914 | loss_supcon=2.4997 | mAP=0.5128
2026-05-31 13:49:35,710 | INFO | Epoch 22/70 | loss=4.5380 | loss_ce=2.0529 | loss_supcon=2.4851 | mAP=0.5128
2026-05-31 13:49:46,838 | INFO | Epoch 23/70 | loss=4.4692 | loss_ce=2.0005 | loss_supcon=2.4688 | mAP=0.5128
2026-05-31 13:49:57,963 | INFO | Epoch 24/70 | loss=4.4070 | loss_ce=1.9623 | loss_supcon=2.4446 | mAP=0.5128
2026-05-31 13:50:09,056 | INFO | Epoch 25/70 | loss=4.3435 | loss_ce=1.9047 | loss_supcon=2.4387 | mAP=0.5128
2026-05-31 13:50:20,201 | INFO | Epoch 26/70 | loss=4.2630 | loss_ce=1.8655 | loss_supcon=2.3975 | mAP=0.5128
2026-05-31 13:50:31,177 | INFO | Epoch 27/70 | loss=4.2343 | loss_ce=1.8329 | loss_supcon=2.4014 | mAP=0.5128
2026-05-31 13:50:42,175 | INFO | Epoch 28/70 | loss=4.1627 | loss_ce=1.7711 | loss_supcon=2.3916 | mAP=0.5128
2026-05-31 13:50:53,147 | INFO | Epoch 29/70 | loss=4.1574 | loss_ce=1.7668 | loss_supcon=2.3906 | mAP=0.5128
2026-05-31 13:51:28,812 | INFO | Epoch 30/70 | loss=4.0885 | loss_ce=1.7324 | loss_supcon=2.3561 | mAP=0.5633
2026-05-31 13:51:40,039 | INFO | Epoch 31/70 | loss=4.0327 | loss_ce=1.6784 | loss_supcon=2.3543 | mAP=0.5633
2026-05-31 13:51:50,891 | INFO | Epoch 32/70 | loss=4.0232 | loss_ce=1.6836 | loss_supcon=2.3396 | mAP=0.5633
2026-05-31 13:52:01,962 | INFO | Epoch 33/70 | loss=3.9947 | loss_ce=1.6564 | loss_supcon=2.3383 | mAP=0.5633
2026-05-31 13:52:13,284 | INFO | Epoch 34/70 | loss=3.9728 | loss_ce=1.6432 | loss_supcon=2.3296 | mAP=0.5633
2026-05-31 13:52:24,144 | INFO | Epoch 35/70 | loss=3.8993 | loss_ce=1.6072 | loss_supcon=2.2920 | mAP=0.5633
2026-05-31 13:52:35,261 | INFO | Epoch 36/70 | loss=3.8811 | loss_ce=1.5918 | loss_supcon=2.2893 | mAP=0.5633
2026-05-31 13:52:46,152 | INFO | Epoch 37/70 | loss=3.8228 | loss_ce=1.5576 | loss_supcon=2.2652 | mAP=0.5633
2026-05-31 13:52:57,048 | INFO | Epoch 38/70 | loss=3.8003 | loss_ce=1.5342 | loss_supcon=2.2661 | mAP=0.5633
2026-05-31 13:53:08,045 | INFO | Epoch 39/70 | loss=3.7773 | loss_ce=1.5271 | loss_supcon=2.2502 | mAP=0.5633
2026-05-31 13:53:43,211 | INFO | Epoch 40/70 | loss=3.7724 | loss_ce=1.5131 | loss_supcon=2.2593 | mAP=0.5983
2026-05-31 13:53:54,355 | INFO | Epoch 41/70 | loss=3.7123 | loss_ce=1.4827 | loss_supcon=2.2296 | mAP=0.5983
2026-05-31 13:54:05,432 | INFO | Epoch 42/70 | loss=3.6890 | loss_ce=1.4620 | loss_supcon=2.2270 | mAP=0.5983
2026-05-31 13:54:16,477 | INFO | Epoch 43/70 | loss=3.6564 | loss_ce=1.4391 | loss_supcon=2.2172 | mAP=0.5983
2026-05-31 13:54:27,640 | INFO | Epoch 44/70 | loss=3.6599 | loss_ce=1.4243 | loss_supcon=2.2356 | mAP=0.5983
2026-05-31 13:54:38,613 | INFO | Epoch 45/70 | loss=3.5968 | loss_ce=1.4031 | loss_supcon=2.1937 | mAP=0.5983
2026-05-31 13:54:49,590 | INFO | Epoch 46/70 | loss=3.5998 | loss_ce=1.3942 | loss_supcon=2.2056 | mAP=0.5983
2026-05-31 13:55:00,723 | INFO | Epoch 47/70 | loss=3.5786 | loss_ce=1.3840 | loss_supcon=2.1946 | mAP=0.5983
2026-05-31 13:55:11,593 | INFO | Epoch 48/70 | loss=3.5652 | loss_ce=1.3731 | loss_supcon=2.1921 | mAP=0.5983
2026-05-31 13:55:22,447 | INFO | Epoch 49/70 | loss=3.5422 | loss_ce=1.3591 | loss_supcon=2.1830 | mAP=0.5983
2026-05-31 13:55:58,154 | INFO | Epoch 50/70 | loss=3.5365 | loss_ce=1.3559 | loss_supcon=2.1807 | mAP=0.6204
2026-05-31 13:56:09,197 | INFO | Epoch 51/70 | loss=3.5038 | loss_ce=1.3336 | loss_supcon=2.1702 | mAP=0.6204
2026-05-31 13:56:20,572 | INFO | Epoch 52/70 | loss=3.4816 | loss_ce=1.3286 | loss_supcon=2.1530 | mAP=0.6204
2026-05-31 13:56:31,652 | INFO | Epoch 53/70 | loss=3.4835 | loss_ce=1.3276 | loss_supcon=2.1559 | mAP=0.6204
2026-05-31 13:56:42,823 | INFO | Epoch 54/70 | loss=3.4838 | loss_ce=1.3171 | loss_supcon=2.1667 | mAP=0.6204
2026-05-31 13:56:53,780 | INFO | Epoch 55/70 | loss=3.4418 | loss_ce=1.2998 | loss_supcon=2.1420 | mAP=0.6204
2026-05-31 13:57:04,927 | INFO | Epoch 56/70 | loss=3.4408 | loss_ce=1.2925 | loss_supcon=2.1483 | mAP=0.6204
2026-05-31 13:57:15,914 | INFO | Epoch 57/70 | loss=3.4390 | loss_ce=1.2882 | loss_supcon=2.1508 | mAP=0.6204
2026-05-31 13:57:26,978 | INFO | Epoch 58/70 | loss=3.4062 | loss_ce=1.2726 | loss_supcon=2.1335 | mAP=0.6204
2026-05-31 13:57:37,953 | INFO | Epoch 59/70 | loss=3.4134 | loss_ce=1.2750 | loss_supcon=2.1384 | mAP=0.6204
2026-05-31 13:58:14,775 | INFO | Epoch 60/70 | loss=3.4143 | loss_ce=1.2749 | loss_supcon=2.1394 | mAP=0.6415
2026-05-31 13:58:26,055 | INFO | Epoch 61/70 | loss=3.3879 | loss_ce=1.2598 | loss_supcon=2.1281 | mAP=0.6415
2026-05-31 13:58:37,372 | INFO | Epoch 62/70 | loss=3.4049 | loss_ce=1.2642 | loss_supcon=2.1407 | mAP=0.6415
2026-05-31 13:58:48,594 | INFO | Epoch 63/70 | loss=3.3899 | loss_ce=1.2624 | loss_supcon=2.1275 | mAP=0.6415
2026-05-31 13:58:59,588 | INFO | Epoch 64/70 | loss=3.3843 | loss_ce=1.2575 | loss_supcon=2.1267 | mAP=0.6415
2026-05-31 13:59:10,554 | INFO | Epoch 65/70 | loss=3.3816 | loss_ce=1.2561 | loss_supcon=2.1254 | mAP=0.6415
2026-05-31 13:59:21,711 | INFO | Epoch 66/70 | loss=3.3860 | loss_ce=1.2582 | loss_supcon=2.1278 | mAP=0.6415
2026-05-31 13:59:32,811 | INFO | Epoch 67/70 | loss=3.3732 | loss_ce=1.2489 | loss_supcon=2.1243 | mAP=0.6415
2026-05-31 13:59:43,889 | INFO | Epoch 68/70 | loss=3.3682 | loss_ce=1.2463 | loss_supcon=2.1219 | mAP=0.6415
2026-05-31 13:59:54,954 | INFO | Epoch 69/70 | loss=3.3806 | loss_ce=1.2541 | loss_supcon=2.1265 | mAP=0.6415
2026-05-31 14:00:31,311 | INFO | Epoch 70/70 | loss=3.3762 | loss_ce=1.2493 | loss_supcon=2.1270 | mAP=0.6437
