2026-05-31 14:21:13,218 | INFO | Config: /workspace/Computer_Vision_Project/configs/ablation/abl_no_colorjitter.yaml
2026-05-31 14:21:13,220 | INFO | Output dir: /workspace/Computer_Vision_Project/outputs/abl_no_colorjitter/seed_2023
2026-05-31 14:21:13,221 | INFO | Log file: /workspace/Computer_Vision_Project/outputs/abl_no_colorjitter/seed_2023/logs/train_20260531_142113.log
2026-05-31 14:21:13,222 | INFO | Seed: 2023
2026-05-31 14:21:30,654 | INFO | Epoch 1/70 | loss=10.7457 | loss_ce=6.5159 | loss_supcon=4.2298 | mAP=0.0000
2026-05-31 14:21:45,098 | INFO | Epoch 2/70 | loss=9.7560 | loss_ce=6.2424 | loss_supcon=3.5137 | mAP=0.0000
2026-05-31 14:21:59,682 | INFO | Epoch 3/70 | loss=9.0556 | loss_ce=5.8487 | loss_supcon=3.2069 | mAP=0.0000
2026-05-31 14:22:14,258 | INFO | Epoch 4/70 | loss=8.4384 | loss_ce=5.4581 | loss_supcon=2.9804 | mAP=0.0000
2026-05-31 14:22:28,550 | INFO | Epoch 5/70 | loss=7.9110 | loss_ce=5.0853 | loss_supcon=2.8257 | mAP=0.0000
2026-05-31 14:22:42,982 | INFO | Epoch 6/70 | loss=7.4436 | loss_ce=4.6957 | loss_supcon=2.7479 | mAP=0.0000
2026-05-31 14:22:57,287 | INFO | Epoch 7/70 | loss=7.0658 | loss_ce=4.3390 | loss_supcon=2.7268 | mAP=0.0000
2026-05-31 14:23:11,528 | INFO | Epoch 8/70 | loss=6.7175 | loss_ce=4.0312 | loss_supcon=2.6863 | mAP=0.0000
2026-05-31 14:23:26,222 | INFO | Epoch 9/70 | loss=6.3690 | loss_ce=3.6836 | loss_supcon=2.6853 | mAP=0.0000
2026-05-31 14:24:08,222 | INFO | Epoch 10/70 | loss=6.0741 | loss_ce=3.4089 | loss_supcon=2.6652 | mAP=0.4931
2026-05-31 14:24:22,647 | INFO | Epoch 11/70 | loss=5.7348 | loss_ce=3.1206 | loss_supcon=2.6142 | mAP=0.4931
2026-05-31 14:24:37,013 | INFO | Epoch 12/70 | loss=5.5114 | loss_ce=2.9016 | loss_supcon=2.6097 | mAP=0.4931
2026-05-31 14:24:51,517 | INFO | Epoch 13/70 | loss=5.2146 | loss_ce=2.6456 | loss_supcon=2.5691 | mAP=0.4931
2026-05-31 14:25:06,029 | INFO | Epoch 14/70 | loss=5.0805 | loss_ce=2.5059 | loss_supcon=2.5746 | mAP=0.4931
2026-05-31 14:25:20,542 | INFO | Epoch 15/70 | loss=4.9465 | loss_ce=2.3911 | loss_supcon=2.5553 | mAP=0.4931
2026-05-31 14:25:34,954 | INFO | Epoch 16/70 | loss=4.7564 | loss_ce=2.2443 | loss_supcon=2.5121 | mAP=0.4931
2026-05-31 14:25:49,369 | INFO | Epoch 17/70 | loss=4.6732 | loss_ce=2.1541 | loss_supcon=2.5191 | mAP=0.4931
2026-05-31 14:26:03,472 | INFO | Epoch 18/70 | loss=4.5103 | loss_ce=2.0412 | loss_supcon=2.4691 | mAP=0.4931
2026-05-31 14:26:17,900 | INFO | Epoch 19/70 | loss=4.4771 | loss_ce=2.0069 | loss_supcon=2.4702 | mAP=0.4931
2026-05-31 14:26:57,060 | INFO | Epoch 20/70 | loss=4.3478 | loss_ce=1.9278 | loss_supcon=2.4200 | mAP=0.5834
2026-05-31 14:27:11,711 | INFO | Epoch 21/70 | loss=4.3008 | loss_ce=1.8845 | loss_supcon=2.4163 | mAP=0.5834
2026-05-31 14:27:26,412 | INFO | Epoch 22/70 | loss=4.2606 | loss_ce=1.8484 | loss_supcon=2.4122 | mAP=0.5834
2026-05-31 14:27:41,471 | INFO | Epoch 23/70 | loss=4.1660 | loss_ce=1.7956 | loss_supcon=2.3704 | mAP=0.5834
2026-05-31 14:27:56,818 | INFO | Epoch 24/70 | loss=4.1268 | loss_ce=1.7687 | loss_supcon=2.3580 | mAP=0.5834
2026-05-31 14:28:11,445 | INFO | Epoch 25/70 | loss=4.1240 | loss_ce=1.7623 | loss_supcon=2.3617 | mAP=0.5834
2026-05-31 14:28:26,030 | INFO | Epoch 26/70 | loss=4.0561 | loss_ce=1.7131 | loss_supcon=2.3430 | mAP=0.5834
2026-05-31 14:28:40,800 | INFO | Epoch 27/70 | loss=3.9963 | loss_ce=1.6661 | loss_supcon=2.3302 | mAP=0.5834
2026-05-31 14:28:55,334 | INFO | Epoch 28/70 | loss=3.9693 | loss_ce=1.6457 | loss_supcon=2.3236 | mAP=0.5834
2026-05-31 14:29:09,928 | INFO | Epoch 29/70 | loss=3.9206 | loss_ce=1.6119 | loss_supcon=2.3087 | mAP=0.5834
2026-05-31 14:29:50,473 | INFO | Epoch 30/70 | loss=3.8951 | loss_ce=1.5959 | loss_supcon=2.2993 | mAP=0.6273
2026-05-31 14:30:05,155 | INFO | Epoch 31/70 | loss=3.8276 | loss_ce=1.5488 | loss_supcon=2.2788 | mAP=0.6273
2026-05-31 14:30:19,471 | INFO | Epoch 32/70 | loss=3.8204 | loss_ce=1.5482 | loss_supcon=2.2722 | mAP=0.6273
2026-05-31 14:30:33,788 | INFO | Epoch 33/70 | loss=3.7878 | loss_ce=1.5137 | loss_supcon=2.2741 | mAP=0.6273
2026-05-31 14:30:48,337 | INFO | Epoch 34/70 | loss=3.7788 | loss_ce=1.5182 | loss_supcon=2.2606 | mAP=0.6273
2026-05-31 14:31:02,848 | INFO | Epoch 35/70 | loss=3.7203 | loss_ce=1.4834 | loss_supcon=2.2369 | mAP=0.6273
2026-05-31 14:31:17,273 | INFO | Epoch 36/70 | loss=3.7080 | loss_ce=1.4699 | loss_supcon=2.2381 | mAP=0.6273
2026-05-31 14:31:31,717 | INFO | Epoch 37/70 | loss=3.6682 | loss_ce=1.4478 | loss_supcon=2.2204 | mAP=0.6273
2026-05-31 14:31:46,000 | INFO | Epoch 38/70 | loss=3.6402 | loss_ce=1.4247 | loss_supcon=2.2155 | mAP=0.6273
2026-05-31 14:32:00,511 | INFO | Epoch 39/70 | loss=3.6270 | loss_ce=1.4238 | loss_supcon=2.2032 | mAP=0.6273
2026-05-31 14:32:39,618 | INFO | Epoch 40/70 | loss=3.6075 | loss_ce=1.3992 | loss_supcon=2.2084 | mAP=0.6518
2026-05-31 14:32:54,055 | INFO | Epoch 41/70 | loss=3.5710 | loss_ce=1.3809 | loss_supcon=2.1901 | mAP=0.6518
2026-05-31 14:33:08,249 | INFO | Epoch 42/70 | loss=3.5479 | loss_ce=1.3585 | loss_supcon=2.1894 | mAP=0.6518
2026-05-31 14:33:22,437 | INFO | Epoch 43/70 | loss=3.5279 | loss_ce=1.3545 | loss_supcon=2.1734 | mAP=0.6518
2026-05-31 14:33:36,813 | INFO | Epoch 44/70 | loss=3.5130 | loss_ce=1.3353 | loss_supcon=2.1777 | mAP=0.6518
2026-05-31 14:33:51,227 | INFO | Epoch 45/70 | loss=3.4799 | loss_ce=1.3164 | loss_supcon=2.1636 | mAP=0.6518
2026-05-31 14:34:05,653 | INFO | Epoch 46/70 | loss=3.4781 | loss_ce=1.3080 | loss_supcon=2.1701 | mAP=0.6518
2026-05-31 14:34:20,000 | INFO | Epoch 47/70 | loss=3.4417 | loss_ce=1.2874 | loss_supcon=2.1543 | mAP=0.6518
2026-05-31 14:34:34,522 | INFO | Epoch 48/70 | loss=3.4324 | loss_ce=1.2784 | loss_supcon=2.1540 | mAP=0.6518
2026-05-31 14:34:48,849 | INFO | Epoch 49/70 | loss=3.4313 | loss_ce=1.2747 | loss_supcon=2.1566 | mAP=0.6518
2026-05-31 14:35:28,180 | INFO | Epoch 50/70 | loss=3.4254 | loss_ce=1.2805 | loss_supcon=2.1449 | mAP=0.6751
2026-05-31 14:35:42,711 | INFO | Epoch 51/70 | loss=3.3925 | loss_ce=1.2562 | loss_supcon=2.1364 | mAP=0.6751
2026-05-31 14:35:57,320 | INFO | Epoch 52/70 | loss=3.3763 | loss_ce=1.2500 | loss_supcon=2.1263 | mAP=0.6751
2026-05-31 14:36:11,760 | INFO | Epoch 53/70 | loss=3.3835 | loss_ce=1.2495 | loss_supcon=2.1340 | mAP=0.6751
2026-05-31 14:36:26,143 | INFO | Epoch 54/70 | loss=3.3581 | loss_ce=1.2322 | loss_supcon=2.1259 | mAP=0.6751
2026-05-31 14:36:40,616 | INFO | Epoch 55/70 | loss=3.3421 | loss_ce=1.2224 | loss_supcon=2.1197 | mAP=0.6751
2026-05-31 14:36:54,856 | INFO | Epoch 56/70 | loss=3.3435 | loss_ce=1.2218 | loss_supcon=2.1217 | mAP=0.6751
2026-05-31 14:37:09,425 | INFO | Epoch 57/70 | loss=3.3320 | loss_ce=1.2138 | loss_supcon=2.1183 | mAP=0.6751
2026-05-31 14:37:23,948 | INFO | Epoch 58/70 | loss=3.3278 | loss_ce=1.2121 | loss_supcon=2.1157 | mAP=0.6751
2026-05-31 14:37:38,385 | INFO | Epoch 59/70 | loss=3.3153 | loss_ce=1.2039 | loss_supcon=2.1114 | mAP=0.6751
2026-05-31 14:38:18,624 | INFO | Epoch 60/70 | loss=3.3209 | loss_ce=1.2039 | loss_supcon=2.1170 | mAP=0.6873
2026-05-31 14:38:33,187 | INFO | Epoch 61/70 | loss=3.2999 | loss_ce=1.1939 | loss_supcon=2.1060 | mAP=0.6873
2026-05-31 14:38:47,699 | INFO | Epoch 62/70 | loss=3.3024 | loss_ce=1.1967 | loss_supcon=2.1056 | mAP=0.6873
2026-05-31 14:39:02,131 | INFO | Epoch 63/70 | loss=3.2984 | loss_ce=1.1968 | loss_supcon=2.1016 | mAP=0.6873
2026-05-31 14:39:16,595 | INFO | Epoch 64/70 | loss=3.2949 | loss_ce=1.1894 | loss_supcon=2.1055 | mAP=0.6873
2026-05-31 14:39:31,101 | INFO | Epoch 65/70 | loss=3.2883 | loss_ce=1.1883 | loss_supcon=2.1000 | mAP=0.6873
2026-05-31 14:39:45,501 | INFO | Epoch 66/70 | loss=3.2894 | loss_ce=1.1884 | loss_supcon=2.1010 | mAP=0.6873
2026-05-31 14:39:59,966 | INFO | Epoch 67/70 | loss=3.2920 | loss_ce=1.1899 | loss_supcon=2.1021 | mAP=0.6873
2026-05-31 14:40:14,517 | INFO | Epoch 68/70 | loss=3.2874 | loss_ce=1.1866 | loss_supcon=2.1008 | mAP=0.6873
2026-05-31 14:40:28,935 | INFO | Epoch 69/70 | loss=3.2791 | loss_ce=1.1824 | loss_supcon=2.0967 | mAP=0.6873
2026-05-31 14:41:08,945 | INFO | Epoch 70/70 | loss=3.2960 | loss_ce=1.1906 | loss_supcon=2.1054 | mAP=0.6907
