2026-05-31 09:54:03,061 | INFO | Config: /workspace/Computer_Vision_Project/configs/ablation/abl_low_lr.yaml
2026-05-31 09:54:03,063 | INFO | Output dir: /workspace/Computer_Vision_Project/outputs/abl_low_lr/seed_42
2026-05-31 09:54:03,064 | INFO | Log file: /workspace/Computer_Vision_Project/outputs/abl_low_lr/seed_42/logs/train_20260531_095403.log
2026-05-31 09:54:03,065 | INFO | Seed: 42
2026-05-31 09:54:21,539 | INFO | Epoch 1/70 | loss=10.7593 | loss_ce=6.5015 | loss_supcon=4.2578 | mAP=0.0000
2026-05-31 09:54:36,846 | INFO | Epoch 2/70 | loss=9.8669 | loss_ce=6.2690 | loss_supcon=3.5979 | mAP=0.0000
2026-05-31 09:54:51,847 | INFO | Epoch 3/70 | loss=9.1596 | loss_ce=5.8827 | loss_supcon=3.2769 | mAP=0.0000
2026-05-31 09:55:07,442 | INFO | Epoch 4/70 | loss=8.5501 | loss_ce=5.5077 | loss_supcon=3.0424 | mAP=0.0000
2026-05-31 09:55:22,613 | INFO | Epoch 5/70 | loss=8.0263 | loss_ce=5.1466 | loss_supcon=2.8797 | mAP=0.0000
2026-05-31 09:55:38,158 | INFO | Epoch 6/70 | loss=7.6314 | loss_ce=4.7998 | loss_supcon=2.8316 | mAP=0.0000
2026-05-31 09:55:53,641 | INFO | Epoch 7/70 | loss=7.3149 | loss_ce=4.4944 | loss_supcon=2.8205 | mAP=0.0000
2026-05-31 09:56:09,071 | INFO | Epoch 8/70 | loss=6.8848 | loss_ce=4.1479 | loss_supcon=2.7369 | mAP=0.0000
2026-05-31 09:56:24,424 | INFO | Epoch 9/70 | loss=6.5493 | loss_ce=3.8215 | loss_supcon=2.7278 | mAP=0.0000
2026-05-31 09:57:09,411 | INFO | Epoch 10/70 | loss=6.2324 | loss_ce=3.5395 | loss_supcon=2.6930 | mAP=0.4869
2026-05-31 09:57:24,761 | INFO | Epoch 11/70 | loss=5.9057 | loss_ce=3.2661 | loss_supcon=2.6397 | mAP=0.4869
2026-05-31 09:57:40,233 | INFO | Epoch 12/70 | loss=5.6544 | loss_ce=2.9824 | loss_supcon=2.6720 | mAP=0.4869
2026-05-31 09:57:55,654 | INFO | Epoch 13/70 | loss=5.4126 | loss_ce=2.7821 | loss_supcon=2.6305 | mAP=0.4869
2026-05-31 09:58:10,790 | INFO | Epoch 14/70 | loss=5.2325 | loss_ce=2.6271 | loss_supcon=2.6054 | mAP=0.4869
2026-05-31 09:58:26,446 | INFO | Epoch 15/70 | loss=5.0793 | loss_ce=2.4949 | loss_supcon=2.5845 | mAP=0.4869
2026-05-31 09:58:41,999 | INFO | Epoch 16/70 | loss=4.8971 | loss_ce=2.3342 | loss_supcon=2.5629 | mAP=0.4869
2026-05-31 09:58:57,640 | INFO | Epoch 17/70 | loss=4.7342 | loss_ce=2.2229 | loss_supcon=2.5113 | mAP=0.4869
2026-05-31 09:59:12,965 | INFO | Epoch 18/70 | loss=4.6641 | loss_ce=2.1410 | loss_supcon=2.5231 | mAP=0.4869
2026-05-31 09:59:28,281 | INFO | Epoch 19/70 | loss=4.6231 | loss_ce=2.1083 | loss_supcon=2.5148 | mAP=0.4869
2026-05-31 10:00:11,156 | INFO | Epoch 20/70 | loss=4.5055 | loss_ce=2.0256 | loss_supcon=2.4799 | mAP=0.5755
2026-05-31 10:00:26,527 | INFO | Epoch 21/70 | loss=4.4420 | loss_ce=1.9723 | loss_supcon=2.4697 | mAP=0.5755
2026-05-31 10:00:42,078 | INFO | Epoch 22/70 | loss=4.3835 | loss_ce=1.9281 | loss_supcon=2.4554 | mAP=0.5755
2026-05-31 10:00:57,376 | INFO | Epoch 23/70 | loss=4.3035 | loss_ce=1.8767 | loss_supcon=2.4268 | mAP=0.5755
2026-05-31 10:01:12,978 | INFO | Epoch 24/70 | loss=4.2666 | loss_ce=1.8528 | loss_supcon=2.4138 | mAP=0.5755
2026-05-31 10:01:28,133 | INFO | Epoch 25/70 | loss=4.2022 | loss_ce=1.8032 | loss_supcon=2.3991 | mAP=0.5755
2026-05-31 10:01:43,392 | INFO | Epoch 26/70 | loss=4.1552 | loss_ce=1.7750 | loss_supcon=2.3803 | mAP=0.5755
2026-05-31 10:01:59,132 | INFO | Epoch 27/70 | loss=4.1066 | loss_ce=1.7449 | loss_supcon=2.3617 | mAP=0.5755
2026-05-31 10:02:14,812 | INFO | Epoch 28/70 | loss=4.0754 | loss_ce=1.7093 | loss_supcon=2.3660 | mAP=0.5755
2026-05-31 10:02:30,035 | INFO | Epoch 29/70 | loss=4.0221 | loss_ce=1.6895 | loss_supcon=2.3326 | mAP=0.5755
2026-05-31 10:03:11,940 | INFO | Epoch 30/70 | loss=3.9764 | loss_ce=1.6485 | loss_supcon=2.3279 | mAP=0.6001
2026-05-31 10:03:27,492 | INFO | Epoch 31/70 | loss=3.9418 | loss_ce=1.6264 | loss_supcon=2.3154 | mAP=0.6001
2026-05-31 10:03:42,799 | INFO | Epoch 32/70 | loss=3.9387 | loss_ce=1.6189 | loss_supcon=2.3198 | mAP=0.6001
2026-05-31 10:03:58,343 | INFO | Epoch 33/70 | loss=3.8938 | loss_ce=1.5819 | loss_supcon=2.3119 | mAP=0.6001
2026-05-31 10:04:13,654 | INFO | Epoch 34/70 | loss=3.8673 | loss_ce=1.5772 | loss_supcon=2.2901 | mAP=0.6001
2026-05-31 10:04:29,340 | INFO | Epoch 35/70 | loss=3.8335 | loss_ce=1.5451 | loss_supcon=2.2884 | mAP=0.6001
2026-05-31 10:04:44,740 | INFO | Epoch 36/70 | loss=3.7747 | loss_ce=1.5018 | loss_supcon=2.2729 | mAP=0.6001
2026-05-31 10:04:59,828 | INFO | Epoch 37/70 | loss=3.7640 | loss_ce=1.4938 | loss_supcon=2.2702 | mAP=0.6001
2026-05-31 10:05:15,139 | INFO | Epoch 38/70 | loss=3.7065 | loss_ce=1.4667 | loss_supcon=2.2398 | mAP=0.6001
2026-05-31 10:05:30,712 | INFO | Epoch 39/70 | loss=3.6973 | loss_ce=1.4597 | loss_supcon=2.2376 | mAP=0.6001
2026-05-31 10:06:13,311 | INFO | Epoch 40/70 | loss=3.6669 | loss_ce=1.4371 | loss_supcon=2.2297 | mAP=0.6405
2026-05-31 10:06:28,712 | INFO | Epoch 41/70 | loss=3.6282 | loss_ce=1.4117 | loss_supcon=2.2165 | mAP=0.6405
2026-05-31 10:06:44,429 | INFO | Epoch 42/70 | loss=3.6193 | loss_ce=1.4037 | loss_supcon=2.2156 | mAP=0.6405
2026-05-31 10:06:59,889 | INFO | Epoch 43/70 | loss=3.6001 | loss_ce=1.3944 | loss_supcon=2.2057 | mAP=0.6405
2026-05-31 10:07:15,314 | INFO | Epoch 44/70 | loss=3.5875 | loss_ce=1.3837 | loss_supcon=2.2038 | mAP=0.6405
2026-05-31 10:07:30,439 | INFO | Epoch 45/70 | loss=3.5512 | loss_ce=1.3629 | loss_supcon=2.1883 | mAP=0.6405
2026-05-31 10:07:45,781 | INFO | Epoch 46/70 | loss=3.5322 | loss_ce=1.3440 | loss_supcon=2.1881 | mAP=0.6405
2026-05-31 10:08:01,180 | INFO | Epoch 47/70 | loss=3.5189 | loss_ce=1.3409 | loss_supcon=2.1779 | mAP=0.6405
2026-05-31 10:08:16,574 | INFO | Epoch 48/70 | loss=3.5005 | loss_ce=1.3248 | loss_supcon=2.1757 | mAP=0.6405
2026-05-31 10:08:31,823 | INFO | Epoch 49/70 | loss=3.4825 | loss_ce=1.3122 | loss_supcon=2.1703 | mAP=0.6405
2026-05-31 10:09:13,540 | INFO | Epoch 50/70 | loss=3.4624 | loss_ce=1.2926 | loss_supcon=2.1697 | mAP=0.6624
2026-05-31 10:09:28,701 | INFO | Epoch 51/70 | loss=3.4506 | loss_ce=1.2924 | loss_supcon=2.1582 | mAP=0.6624
2026-05-31 10:09:44,034 | INFO | Epoch 52/70 | loss=3.4182 | loss_ce=1.2685 | loss_supcon=2.1497 | mAP=0.6624
2026-05-31 10:09:59,446 | INFO | Epoch 53/70 | loss=3.4276 | loss_ce=1.2757 | loss_supcon=2.1519 | mAP=0.6624
2026-05-31 10:10:14,856 | INFO | Epoch 54/70 | loss=3.4107 | loss_ce=1.2624 | loss_supcon=2.1484 | mAP=0.6624
2026-05-31 10:10:30,351 | INFO | Epoch 55/70 | loss=3.4030 | loss_ce=1.2556 | loss_supcon=2.1474 | mAP=0.6624
2026-05-31 10:10:45,870 | INFO | Epoch 56/70 | loss=3.3986 | loss_ce=1.2538 | loss_supcon=2.1449 | mAP=0.6624
2026-05-31 10:11:01,377 | INFO | Epoch 57/70 | loss=3.3887 | loss_ce=1.2461 | loss_supcon=2.1426 | mAP=0.6624
2026-05-31 10:11:16,579 | INFO | Epoch 58/70 | loss=3.3733 | loss_ce=1.2425 | loss_supcon=2.1307 | mAP=0.6624
2026-05-31 10:11:32,281 | INFO | Epoch 59/70 | loss=3.3740 | loss_ce=1.2407 | loss_supcon=2.1332 | mAP=0.6624
2026-05-31 10:12:14,127 | INFO | Epoch 60/70 | loss=3.3564 | loss_ce=1.2251 | loss_supcon=2.1312 | mAP=0.6760
2026-05-31 10:12:29,681 | INFO | Epoch 61/70 | loss=3.3640 | loss_ce=1.2300 | loss_supcon=2.1340 | mAP=0.6760
2026-05-31 10:12:45,323 | INFO | Epoch 62/70 | loss=3.3507 | loss_ce=1.2220 | loss_supcon=2.1287 | mAP=0.6760
2026-05-31 10:13:01,001 | INFO | Epoch 63/70 | loss=3.3537 | loss_ce=1.2242 | loss_supcon=2.1295 | mAP=0.6760
2026-05-31 10:13:16,635 | INFO | Epoch 64/70 | loss=3.3427 | loss_ce=1.2217 | loss_supcon=2.1210 | mAP=0.6760
2026-05-31 10:13:32,111 | INFO | Epoch 65/70 | loss=3.3492 | loss_ce=1.2265 | loss_supcon=2.1227 | mAP=0.6760
2026-05-31 10:13:47,328 | INFO | Epoch 66/70 | loss=3.3460 | loss_ce=1.2176 | loss_supcon=2.1284 | mAP=0.6760
2026-05-31 10:14:03,365 | INFO | Epoch 67/70 | loss=3.3304 | loss_ce=1.2113 | loss_supcon=2.1191 | mAP=0.6760
2026-05-31 10:14:18,841 | INFO | Epoch 68/70 | loss=3.3263 | loss_ce=1.2082 | loss_supcon=2.1182 | mAP=0.6760
2026-05-31 10:14:34,024 | INFO | Epoch 69/70 | loss=3.3312 | loss_ce=1.2134 | loss_supcon=2.1178 | mAP=0.6760
2026-05-31 10:15:15,711 | INFO | Epoch 70/70 | loss=3.3289 | loss_ce=1.2117 | loss_supcon=2.1172 | mAP=0.6793
