outputs/abl_freeze_clip/seed_2023/best.pth: mAP=71.14 R1=86.23 R5=90.23 R10=94.28
outputs/abl_freeze_clip/seed_2023/last.pth: mAP=71.14 R1=86.23 R5=90.23 R10=94.28
outputs/abl_freeze_clip/seed_3407/best.pth: mAP=70.63 R1=87.54 R5=91.66 R10=95.47
outputs/abl_freeze_clip/seed_3407/last.pth: mAP=70.63 R1=87.54 R5=91.66 R10=95.47
outputs/abl_freeze_clip/seed_42/best.pth: mAP=72.02 R1=87.84 R5=90.94 R10=95.23
outputs/abl_freeze_clip/seed_42/last.pth: mAP=72.02 R1=87.84 R5=90.94 R10=95.23
outputs/abl_low_lr/seed_2023/best.pth: mAP=74.88 R1=89.39 R5=93.38 R10=96.48
outputs/abl_low_lr/seed_2023/last.pth: mAP=74.88 R1=89.39 R5=93.38 R10=96.48
outputs/abl_low_lr/seed_3407/best.pth: mAP=74.19 R1=88.92 R5=92.43 R10=96.19
outputs/abl_low_lr/seed_3407/last.pth: mAP=74.19 R1=88.92 R5=92.43 R10=96.19
outputs/abl_low_lr/seed_42/best.pth: mAP=74.75 R1=89.27 R5=92.01 R10=96.01
outputs/abl_low_lr/seed_42/last.pth: mAP=74.75 R1=89.27 R5=92.01 R10=96.01
outputs/abl_no_afem/seed_2023/best.pth: mAP=73.68 R1=88.86 R5=92.43 R10=96.01
outputs/abl_no_afem/seed_2023/last.pth: mAP=73.68 R1=88.86 R5=92.43 R10=96.01
outputs/abl_no_afem/seed_3407/best.pth: mAP=73.99 R1=90.29 R5=94.10 R10=96.72
outputs/abl_no_afem/seed_3407/last.pth: mAP=73.99 R1=90.29 R5=94.10 R10=96.72
outputs/abl_no_afem/seed_42/best.pth: mAP=73.98 R1=90.17 R5=93.68 R10=96.25
outputs/abl_no_afem/seed_42/last.pth: mAP=73.98 R1=90.17 R5=93.68 R10=96.25
outputs/abl_no_colorjitter/seed_2023/best.pth: mAP=76.26 R1=91.66 R5=94.22 R10=96.78
outputs/abl_no_colorjitter/seed_2023/last.pth: mAP=76.26 R1=91.66 R5=94.22 R10=96.78
outputs/abl_no_colorjitter/seed_3407/best.pth: mAP=76.55 R1=91.00 R5=94.34 R10=97.20
outputs/abl_no_colorjitter/seed_3407/last.pth: mAP=76.55 R1=91.00 R5=93.92 R10=96.78
outputs/abl_no_colorjitter/seed_42/best.pth: mAP=75.40 R1=91.48 R5=94.22 R10=96.48
outputs/abl_no_colorjitter/seed_42/last.pth: mAP=75.40 R1=91.48 R5=94.22 R10=96.48
outputs/abl_no_supcon/seed_2023/best.pth: mAP=51.83 R1=85.28 R5=88.44 R10=91.78
outputs/abl_no_supcon/seed_2023/last.pth: mAP=51.30 R1=85.46 R5=88.74 R10=92.19
outputs/abl_no_supcon/seed_3407/best.pth: mAP=50.75 R1=86.29 R5=89.27 R10=93.09
outputs/abl_no_supcon/seed_3407/last.pth: mAP=50.75 R1=86.29 R5=89.27 R10=93.09
outputs/abl_no_supcon/seed_42/best.pth: mAP=51.75 R1=86.17 R5=89.33 R10=92.97
outputs/abl_no_supcon/seed_42/last.pth: mAP=51.75 R1=86.17 R5=89.33 R10=92.97
outputs/baseline/seed_2023/best.pth: mAP=69.18 R1=86.23 R5=91.06 R10=94.64
outputs/baseline/seed_2023/last.pth: mAP=69.18 R1=86.23 R5=91.06 R10=94.64
outputs/baseline/seed_3407/best.pth: mAP=69.10 R1=86.89 R5=91.00 R10=94.76
outputs/baseline/seed_3407/last.pth: mAP=69.10 R1=86.89 R5=91.00 R10=94.76
outputs/baseline/seed_42/best.pth: mAP=69.55 R1=85.94 R5=90.23 R10=94.87
outputs/baseline/seed_42/last.pth: mAP=69.55 R1=85.94 R5=90.23 R10=94.87
outputs/default/seed_2023/best.pth: mAP=74.63 R1=89.15 R5=92.91 R10=95.77
outputs/default/seed_2023/last.pth: mAP=74.63 R1=89.15 R5=92.91 R10=95.77
outputs/default/seed_3407/best.pth: mAP=74.22 R1=89.15 R5=93.21 R10=96.90
outputs/default/seed_3407/last.pth: mAP=74.22 R1=89.15 R5=93.21 R10=96.90
outputs/default/seed_42/best.pth: mAP=75.07 R1=89.57 R5=92.79 R10=96.13
outputs/default/seed_42/last.pth: mAP=75.07 R1=89.57 R5=92.79 R10=96.13
