2026-05-31 09:33:23,645 | INFO | Config: /workspace/Computer_Vision_Project/configs/ablation/abl_no_colorjitter.yaml
2026-05-31 09:33:23,647 | INFO | Output dir: /workspace/Computer_Vision_Project/outputs/abl_no_colorjitter/seed_42
2026-05-31 09:33:23,648 | INFO | Log file: /workspace/Computer_Vision_Project/outputs/abl_no_colorjitter/seed_42/logs/train_20260531_093323.log
2026-05-31 09:33:23,649 | INFO | Seed: 42
2026-05-31 09:33:41,594 | INFO | Epoch 1/70 | loss=10.7630 | loss_ce=6.5022 | loss_supcon=4.2608 | mAP=0.0000
2026-05-31 09:33:56,494 | INFO | Epoch 2/70 | loss=9.7900 | loss_ce=6.2568 | loss_supcon=3.5332 | mAP=0.0000
2026-05-31 09:34:11,145 | INFO | Epoch 3/70 | loss=9.0735 | loss_ce=5.8564 | loss_supcon=3.2171 | mAP=0.0000
2026-05-31 09:34:25,770 | INFO | Epoch 4/70 | loss=8.4445 | loss_ce=5.4637 | loss_supcon=2.9808 | mAP=0.0000
2026-05-31 09:34:40,382 | INFO | Epoch 5/70 | loss=7.9141 | loss_ce=5.0896 | loss_supcon=2.8245 | mAP=0.0000
2026-05-31 09:34:55,095 | INFO | Epoch 6/70 | loss=7.4803 | loss_ce=4.7034 | loss_supcon=2.7769 | mAP=0.0000
2026-05-31 09:35:09,845 | INFO | Epoch 7/70 | loss=7.1249 | loss_ce=4.3731 | loss_supcon=2.7517 | mAP=0.0000
2026-05-31 09:35:24,468 | INFO | Epoch 8/70 | loss=6.7516 | loss_ce=4.0361 | loss_supcon=2.7155 | mAP=0.0000
2026-05-31 09:35:39,370 | INFO | Epoch 9/70 | loss=6.4005 | loss_ce=3.7166 | loss_supcon=2.6839 | mAP=0.0000
2026-05-31 09:36:22,912 | INFO | Epoch 10/70 | loss=6.0432 | loss_ce=3.4055 | loss_supcon=2.6377 | mAP=0.4894
2026-05-31 09:36:37,797 | INFO | Epoch 11/70 | loss=5.7415 | loss_ce=3.1368 | loss_supcon=2.6047 | mAP=0.4894
2026-05-31 09:36:52,280 | INFO | Epoch 12/70 | loss=5.4670 | loss_ce=2.8528 | loss_supcon=2.6143 | mAP=0.4894
2026-05-31 09:37:07,173 | INFO | Epoch 13/70 | loss=5.2245 | loss_ce=2.6380 | loss_supcon=2.5864 | mAP=0.4894
2026-05-31 09:37:21,835 | INFO | Epoch 14/70 | loss=5.0549 | loss_ce=2.5014 | loss_supcon=2.5535 | mAP=0.4894
2026-05-31 09:37:36,674 | INFO | Epoch 15/70 | loss=4.9121 | loss_ce=2.3797 | loss_supcon=2.5324 | mAP=0.4894
2026-05-31 09:37:51,548 | INFO | Epoch 16/70 | loss=4.7546 | loss_ce=2.2322 | loss_supcon=2.5224 | mAP=0.4894
2026-05-31 09:38:06,232 | INFO | Epoch 17/70 | loss=4.6216 | loss_ce=2.1334 | loss_supcon=2.4882 | mAP=0.4894
2026-05-31 09:38:21,101 | INFO | Epoch 18/70 | loss=4.5298 | loss_ce=2.0540 | loss_supcon=2.4758 | mAP=0.4894
2026-05-31 09:38:35,579 | INFO | Epoch 19/70 | loss=4.4948 | loss_ce=2.0096 | loss_supcon=2.4852 | mAP=0.4894
2026-05-31 09:39:16,770 | INFO | Epoch 20/70 | loss=4.3863 | loss_ce=1.9553 | loss_supcon=2.4310 | mAP=0.5852
2026-05-31 09:39:31,317 | INFO | Epoch 21/70 | loss=4.2955 | loss_ce=1.8795 | loss_supcon=2.4160 | mAP=0.5852
2026-05-31 09:39:45,915 | INFO | Epoch 22/70 | loss=4.2634 | loss_ce=1.8523 | loss_supcon=2.4111 | mAP=0.5852
2026-05-31 09:40:00,752 | INFO | Epoch 23/70 | loss=4.1983 | loss_ce=1.8041 | loss_supcon=2.3943 | mAP=0.5852
2026-05-31 09:40:15,436 | INFO | Epoch 24/70 | loss=4.1325 | loss_ce=1.7658 | loss_supcon=2.3667 | mAP=0.5852
2026-05-31 09:40:29,919 | INFO | Epoch 25/70 | loss=4.0877 | loss_ce=1.7169 | loss_supcon=2.3708 | mAP=0.5852
2026-05-31 09:40:44,362 | INFO | Epoch 26/70 | loss=4.0388 | loss_ce=1.6890 | loss_supcon=2.3498 | mAP=0.5852
2026-05-31 09:40:58,912 | INFO | Epoch 27/70 | loss=3.9793 | loss_ce=1.6489 | loss_supcon=2.3304 | mAP=0.5852
2026-05-31 09:41:13,787 | INFO | Epoch 28/70 | loss=3.9547 | loss_ce=1.6315 | loss_supcon=2.3232 | mAP=0.5852
2026-05-31 09:41:28,599 | INFO | Epoch 29/70 | loss=3.9400 | loss_ce=1.6329 | loss_supcon=2.3071 | mAP=0.5852
2026-05-31 09:42:11,758 | INFO | Epoch 30/70 | loss=3.8771 | loss_ce=1.5778 | loss_supcon=2.2993 | mAP=0.6220
2026-05-31 09:42:26,744 | INFO | Epoch 31/70 | loss=3.8568 | loss_ce=1.5640 | loss_supcon=2.2928 | mAP=0.6220
2026-05-31 09:42:41,558 | INFO | Epoch 32/70 | loss=3.8221 | loss_ce=1.5465 | loss_supcon=2.2756 | mAP=0.6220
2026-05-31 09:42:56,240 | INFO | Epoch 33/70 | loss=3.8093 | loss_ce=1.5256 | loss_supcon=2.2837 | mAP=0.6220
2026-05-31 09:43:10,862 | INFO | Epoch 34/70 | loss=3.7550 | loss_ce=1.5009 | loss_supcon=2.2541 | mAP=0.6220
2026-05-31 09:43:25,732 | INFO | Epoch 35/70 | loss=3.7229 | loss_ce=1.4800 | loss_supcon=2.2429 | mAP=0.6220
2026-05-31 09:43:40,257 | INFO | Epoch 36/70 | loss=3.6896 | loss_ce=1.4591 | loss_supcon=2.2305 | mAP=0.6220
2026-05-31 09:43:54,766 | INFO | Epoch 37/70 | loss=3.6755 | loss_ce=1.4412 | loss_supcon=2.2343 | mAP=0.6220
2026-05-31 09:44:09,451 | INFO | Epoch 38/70 | loss=3.6328 | loss_ce=1.4304 | loss_supcon=2.2024 | mAP=0.6220
2026-05-31 09:44:24,340 | INFO | Epoch 39/70 | loss=3.6106 | loss_ce=1.3958 | loss_supcon=2.2148 | mAP=0.6220
2026-05-31 09:45:07,188 | INFO | Epoch 40/70 | loss=3.5938 | loss_ce=1.3857 | loss_supcon=2.2082 | mAP=0.6426
2026-05-31 09:45:21,934 | INFO | Epoch 41/70 | loss=3.5598 | loss_ce=1.3637 | loss_supcon=2.1961 | mAP=0.6426
2026-05-31 09:45:36,411 | INFO | Epoch 42/70 | loss=3.5597 | loss_ce=1.3607 | loss_supcon=2.1990 | mAP=0.6426
2026-05-31 09:45:51,112 | INFO | Epoch 43/70 | loss=3.5296 | loss_ce=1.3510 | loss_supcon=2.1786 | mAP=0.6426
2026-05-31 09:46:05,815 | INFO | Epoch 44/70 | loss=3.5109 | loss_ce=1.3368 | loss_supcon=2.1741 | mAP=0.6426
2026-05-31 09:46:20,560 | INFO | Epoch 45/70 | loss=3.4889 | loss_ce=1.3238 | loss_supcon=2.1651 | mAP=0.6426
2026-05-31 09:46:35,448 | INFO | Epoch 46/70 | loss=3.4675 | loss_ce=1.2996 | loss_supcon=2.1679 | mAP=0.6426
2026-05-31 09:46:50,089 | INFO | Epoch 47/70 | loss=3.4387 | loss_ce=1.2892 | loss_supcon=2.1495 | mAP=0.6426
2026-05-31 09:47:05,045 | INFO | Epoch 48/70 | loss=3.4334 | loss_ce=1.2816 | loss_supcon=2.1518 | mAP=0.6426
2026-05-31 09:47:19,658 | INFO | Epoch 49/70 | loss=3.4110 | loss_ce=1.2701 | loss_supcon=2.1409 | mAP=0.6426
2026-05-31 09:48:02,464 | INFO | Epoch 50/70 | loss=3.4145 | loss_ce=1.2676 | loss_supcon=2.1469 | mAP=0.6635
2026-05-31 09:48:17,088 | INFO | Epoch 51/70 | loss=3.4103 | loss_ce=1.2646 | loss_supcon=2.1457 | mAP=0.6635
2026-05-31 09:48:32,149 | INFO | Epoch 52/70 | loss=3.3748 | loss_ce=1.2416 | loss_supcon=2.1332 | mAP=0.6635
2026-05-31 09:48:46,888 | INFO | Epoch 53/70 | loss=3.3856 | loss_ce=1.2472 | loss_supcon=2.1384 | mAP=0.6635
2026-05-31 09:49:01,394 | INFO | Epoch 54/70 | loss=3.3618 | loss_ce=1.2300 | loss_supcon=2.1319 | mAP=0.6635
2026-05-31 09:49:16,176 | INFO | Epoch 55/70 | loss=3.3408 | loss_ce=1.2214 | loss_supcon=2.1194 | mAP=0.6635
2026-05-31 09:49:30,933 | INFO | Epoch 56/70 | loss=3.3391 | loss_ce=1.2210 | loss_supcon=2.1180 | mAP=0.6635
2026-05-31 09:49:45,845 | INFO | Epoch 57/70 | loss=3.3669 | loss_ce=1.2254 | loss_supcon=2.1414 | mAP=0.6635
2026-05-31 09:50:00,930 | INFO | Epoch 58/70 | loss=3.3142 | loss_ce=1.2067 | loss_supcon=2.1075 | mAP=0.6635
2026-05-31 09:50:15,659 | INFO | Epoch 59/70 | loss=3.3185 | loss_ce=1.2045 | loss_supcon=2.1140 | mAP=0.6635
2026-05-31 09:50:59,061 | INFO | Epoch 60/70 | loss=3.2886 | loss_ce=1.1882 | loss_supcon=2.1004 | mAP=0.6802
2026-05-31 09:51:13,930 | INFO | Epoch 61/70 | loss=3.3209 | loss_ce=1.2008 | loss_supcon=2.1201 | mAP=0.6802
2026-05-31 09:51:28,888 | INFO | Epoch 62/70 | loss=3.2996 | loss_ce=1.1909 | loss_supcon=2.1087 | mAP=0.6802
2026-05-31 09:51:43,590 | INFO | Epoch 63/70 | loss=3.3006 | loss_ce=1.1916 | loss_supcon=2.1089 | mAP=0.6802
2026-05-31 09:51:58,331 | INFO | Epoch 64/70 | loss=3.2973 | loss_ce=1.1938 | loss_supcon=2.1035 | mAP=0.6802
2026-05-31 09:52:12,796 | INFO | Epoch 65/70 | loss=3.3033 | loss_ce=1.1967 | loss_supcon=2.1066 | mAP=0.6802
2026-05-31 09:52:27,312 | INFO | Epoch 66/70 | loss=3.2930 | loss_ce=1.1864 | loss_supcon=2.1066 | mAP=0.6802
2026-05-31 09:52:42,442 | INFO | Epoch 67/70 | loss=3.2851 | loss_ce=1.1835 | loss_supcon=2.1016 | mAP=0.6802
2026-05-31 09:52:57,137 | INFO | Epoch 68/70 | loss=3.2769 | loss_ce=1.1784 | loss_supcon=2.0985 | mAP=0.6802
2026-05-31 09:53:12,319 | INFO | Epoch 69/70 | loss=3.2946 | loss_ce=1.1914 | loss_supcon=2.1031 | mAP=0.6802
2026-05-31 09:53:55,513 | INFO | Epoch 70/70 | loss=3.2972 | loss_ce=1.1890 | loss_supcon=2.1082 | mAP=0.6831
