2026-05-31 12:10:07,620 | INFO | Config: /workspace/Computer_Vision_Project/configs/ablation/abl_low_lr.yaml
2026-05-31 12:10:07,622 | INFO | Output dir: /workspace/Computer_Vision_Project/outputs/abl_low_lr/seed_3407
2026-05-31 12:10:07,622 | INFO | Log file: /workspace/Computer_Vision_Project/outputs/abl_low_lr/seed_3407/logs/train_20260531_121007.log
2026-05-31 12:10:07,623 | INFO | Seed: 3407
2026-05-31 12:10:25,591 | INFO | Epoch 1/70 | loss=10.7762 | loss_ce=6.5071 | loss_supcon=4.2691 | mAP=0.0000
2026-05-31 12:10:40,324 | INFO | Epoch 2/70 | loss=9.8073 | loss_ce=6.2572 | loss_supcon=3.5501 | mAP=0.0000
2026-05-31 12:10:55,083 | INFO | Epoch 3/70 | loss=9.1590 | loss_ce=5.8884 | loss_supcon=3.2706 | mAP=0.0000
2026-05-31 12:11:09,658 | INFO | Epoch 4/70 | loss=8.5505 | loss_ce=5.5144 | loss_supcon=3.0361 | mAP=0.0000
2026-05-31 12:11:24,230 | INFO | Epoch 5/70 | loss=8.0283 | loss_ce=5.1414 | loss_supcon=2.8869 | mAP=0.0000
2026-05-31 12:11:38,861 | INFO | Epoch 6/70 | loss=7.6204 | loss_ce=4.7992 | loss_supcon=2.8212 | mAP=0.0000
2026-05-31 12:11:54,225 | INFO | Epoch 7/70 | loss=7.2035 | loss_ce=4.4512 | loss_supcon=2.7523 | mAP=0.0000
2026-05-31 12:12:09,035 | INFO | Epoch 8/70 | loss=6.8357 | loss_ce=4.1304 | loss_supcon=2.7053 | mAP=0.0000
2026-05-31 12:12:23,691 | INFO | Epoch 9/70 | loss=6.5785 | loss_ce=3.8266 | loss_supcon=2.7519 | mAP=0.0000
2026-05-31 12:13:06,773 | INFO | Epoch 10/70 | loss=6.2191 | loss_ce=3.5411 | loss_supcon=2.6779 | mAP=0.4942
2026-05-31 12:13:21,580 | INFO | Epoch 11/70 | loss=5.9633 | loss_ce=3.2655 | loss_supcon=2.6978 | mAP=0.4942
2026-05-31 12:13:36,186 | INFO | Epoch 12/70 | loss=5.6921 | loss_ce=3.0142 | loss_supcon=2.6779 | mAP=0.4942
2026-05-31 12:13:50,783 | INFO | Epoch 13/70 | loss=5.3849 | loss_ce=2.7699 | loss_supcon=2.6150 | mAP=0.4942
2026-05-31 12:14:05,434 | INFO | Epoch 14/70 | loss=5.1944 | loss_ce=2.5961 | loss_supcon=2.5983 | mAP=0.4942
2026-05-31 12:14:19,985 | INFO | Epoch 15/70 | loss=5.0734 | loss_ce=2.4731 | loss_supcon=2.6003 | mAP=0.4942
2026-05-31 12:14:34,617 | INFO | Epoch 16/70 | loss=4.8920 | loss_ce=2.3420 | loss_supcon=2.5499 | mAP=0.4942
2026-05-31 12:14:49,132 | INFO | Epoch 17/70 | loss=4.7878 | loss_ce=2.2481 | loss_supcon=2.5397 | mAP=0.4942
2026-05-31 12:15:03,869 | INFO | Epoch 18/70 | loss=4.6507 | loss_ce=2.1625 | loss_supcon=2.4882 | mAP=0.4942
2026-05-31 12:15:18,546 | INFO | Epoch 19/70 | loss=4.5937 | loss_ce=2.0821 | loss_supcon=2.5116 | mAP=0.4942
2026-05-31 12:15:58,412 | INFO | Epoch 20/70 | loss=4.5024 | loss_ce=2.0220 | loss_supcon=2.4804 | mAP=0.5603
2026-05-31 12:16:13,490 | INFO | Epoch 21/70 | loss=4.4219 | loss_ce=1.9646 | loss_supcon=2.4573 | mAP=0.5603
2026-05-31 12:16:28,756 | INFO | Epoch 22/70 | loss=4.3838 | loss_ce=1.9397 | loss_supcon=2.4441 | mAP=0.5603
2026-05-31 12:16:43,677 | INFO | Epoch 23/70 | loss=4.3188 | loss_ce=1.8843 | loss_supcon=2.4344 | mAP=0.5603
2026-05-31 12:16:58,435 | INFO | Epoch 24/70 | loss=4.2386 | loss_ce=1.8387 | loss_supcon=2.3999 | mAP=0.5603
2026-05-31 12:17:13,358 | INFO | Epoch 25/70 | loss=4.1900 | loss_ce=1.8045 | loss_supcon=2.3855 | mAP=0.5603
2026-05-31 12:17:28,475 | INFO | Epoch 26/70 | loss=4.1592 | loss_ce=1.7845 | loss_supcon=2.3747 | mAP=0.5603
2026-05-31 12:17:43,552 | INFO | Epoch 27/70 | loss=4.0864 | loss_ce=1.7351 | loss_supcon=2.3513 | mAP=0.5603
2026-05-31 12:17:58,475 | INFO | Epoch 28/70 | loss=4.0433 | loss_ce=1.7007 | loss_supcon=2.3425 | mAP=0.5603
2026-05-31 12:18:13,256 | INFO | Epoch 29/70 | loss=3.9977 | loss_ce=1.6771 | loss_supcon=2.3206 | mAP=0.5603
2026-05-31 12:18:53,872 | INFO | Epoch 30/70 | loss=3.9956 | loss_ce=1.6606 | loss_supcon=2.3350 | mAP=0.6070
2026-05-31 12:19:08,935 | INFO | Epoch 31/70 | loss=3.9379 | loss_ce=1.6169 | loss_supcon=2.3211 | mAP=0.6070
2026-05-31 12:19:23,663 | INFO | Epoch 32/70 | loss=3.8809 | loss_ce=1.5802 | loss_supcon=2.3006 | mAP=0.6070
2026-05-31 12:19:38,521 | INFO | Epoch 33/70 | loss=3.8852 | loss_ce=1.5746 | loss_supcon=2.3105 | mAP=0.6070
2026-05-31 12:19:53,520 | INFO | Epoch 34/70 | loss=3.8550 | loss_ce=1.5571 | loss_supcon=2.2980 | mAP=0.6070
2026-05-31 12:20:08,527 | INFO | Epoch 35/70 | loss=3.8214 | loss_ce=1.5378 | loss_supcon=2.2836 | mAP=0.6070
2026-05-31 12:20:23,099 | INFO | Epoch 36/70 | loss=3.7868 | loss_ce=1.5071 | loss_supcon=2.2797 | mAP=0.6070
2026-05-31 12:20:37,971 | INFO | Epoch 37/70 | loss=3.7560 | loss_ce=1.4969 | loss_supcon=2.2591 | mAP=0.6070
2026-05-31 12:20:53,112 | INFO | Epoch 38/70 | loss=3.7068 | loss_ce=1.4594 | loss_supcon=2.2473 | mAP=0.6070
2026-05-31 12:21:07,965 | INFO | Epoch 39/70 | loss=3.6891 | loss_ce=1.4473 | loss_supcon=2.2419 | mAP=0.6070
2026-05-31 12:21:47,583 | INFO | Epoch 40/70 | loss=3.6539 | loss_ce=1.4251 | loss_supcon=2.2288 | mAP=0.6435
2026-05-31 12:22:02,493 | INFO | Epoch 41/70 | loss=3.6284 | loss_ce=1.4180 | loss_supcon=2.2105 | mAP=0.6435
2026-05-31 12:22:17,272 | INFO | Epoch 42/70 | loss=3.6414 | loss_ce=1.4157 | loss_supcon=2.2257 | mAP=0.6435
2026-05-31 12:22:32,150 | INFO | Epoch 43/70 | loss=3.5924 | loss_ce=1.3858 | loss_supcon=2.2066 | mAP=0.6435
2026-05-31 12:22:46,989 | INFO | Epoch 44/70 | loss=3.5700 | loss_ce=1.3722 | loss_supcon=2.1978 | mAP=0.6435
2026-05-31 12:23:01,946 | INFO | Epoch 45/70 | loss=3.5546 | loss_ce=1.3593 | loss_supcon=2.1953 | mAP=0.6435
2026-05-31 12:23:16,714 | INFO | Epoch 46/70 | loss=3.5418 | loss_ce=1.3501 | loss_supcon=2.1918 | mAP=0.6435
2026-05-31 12:23:31,746 | INFO | Epoch 47/70 | loss=3.5190 | loss_ce=1.3229 | loss_supcon=2.1961 | mAP=0.6435
2026-05-31 12:23:46,433 | INFO | Epoch 48/70 | loss=3.4838 | loss_ce=1.3100 | loss_supcon=2.1737 | mAP=0.6435
2026-05-31 12:24:01,128 | INFO | Epoch 49/70 | loss=3.4829 | loss_ce=1.3047 | loss_supcon=2.1782 | mAP=0.6435
2026-05-31 12:24:41,219 | INFO | Epoch 50/70 | loss=3.4774 | loss_ce=1.3057 | loss_supcon=2.1717 | mAP=0.6627
2026-05-31 12:24:56,064 | INFO | Epoch 51/70 | loss=3.4350 | loss_ce=1.2791 | loss_supcon=2.1559 | mAP=0.6627
2026-05-31 12:25:10,954 | INFO | Epoch 52/70 | loss=3.4379 | loss_ce=1.2817 | loss_supcon=2.1562 | mAP=0.6627
2026-05-31 12:25:25,739 | INFO | Epoch 53/70 | loss=3.4261 | loss_ce=1.2802 | loss_supcon=2.1459 | mAP=0.6627
2026-05-31 12:25:40,612 | INFO | Epoch 54/70 | loss=3.4108 | loss_ce=1.2609 | loss_supcon=2.1499 | mAP=0.6627
2026-05-31 12:25:55,366 | INFO | Epoch 55/70 | loss=3.4030 | loss_ce=1.2512 | loss_supcon=2.1518 | mAP=0.6627
2026-05-31 12:26:09,919 | INFO | Epoch 56/70 | loss=3.3835 | loss_ce=1.2482 | loss_supcon=2.1353 | mAP=0.6627
2026-05-31 12:26:25,091 | INFO | Epoch 57/70 | loss=3.3853 | loss_ce=1.2488 | loss_supcon=2.1365 | mAP=0.6627
2026-05-31 12:26:39,984 | INFO | Epoch 58/70 | loss=3.3683 | loss_ce=1.2380 | loss_supcon=2.1302 | mAP=0.6627
2026-05-31 12:26:54,619 | INFO | Epoch 59/70 | loss=3.3624 | loss_ce=1.2339 | loss_supcon=2.1285 | mAP=0.6627
2026-05-31 12:27:34,551 | INFO | Epoch 60/70 | loss=3.3634 | loss_ce=1.2287 | loss_supcon=2.1347 | mAP=0.6709
2026-05-31 12:27:49,338 | INFO | Epoch 61/70 | loss=3.3599 | loss_ce=1.2270 | loss_supcon=2.1329 | mAP=0.6709
2026-05-31 12:28:04,091 | INFO | Epoch 62/70 | loss=3.3418 | loss_ce=1.2186 | loss_supcon=2.1232 | mAP=0.6709
2026-05-31 12:28:19,099 | INFO | Epoch 63/70 | loss=3.3488 | loss_ce=1.2168 | loss_supcon=2.1320 | mAP=0.6709
2026-05-31 12:28:33,817 | INFO | Epoch 64/70 | loss=3.3657 | loss_ce=1.2282 | loss_supcon=2.1375 | mAP=0.6709
2026-05-31 12:28:48,612 | INFO | Epoch 65/70 | loss=3.3333 | loss_ce=1.2103 | loss_supcon=2.1230 | mAP=0.6709
2026-05-31 12:29:03,461 | INFO | Epoch 66/70 | loss=3.3292 | loss_ce=1.2070 | loss_supcon=2.1222 | mAP=0.6709
2026-05-31 12:29:18,157 | INFO | Epoch 67/70 | loss=3.3156 | loss_ce=1.2056 | loss_supcon=2.1100 | mAP=0.6709
2026-05-31 12:29:33,158 | INFO | Epoch 68/70 | loss=3.3189 | loss_ce=1.2054 | loss_supcon=2.1135 | mAP=0.6709
2026-05-31 12:29:48,020 | INFO | Epoch 69/70 | loss=3.3242 | loss_ce=1.2061 | loss_supcon=2.1181 | mAP=0.6709
2026-05-31 12:30:28,439 | INFO | Epoch 70/70 | loss=3.3313 | loss_ce=1.2132 | loss_supcon=2.1182 | mAP=0.6737
